Archive member included to satisfy reference by file (symbol)

/home/alex/Desktop/chipStuff/riscv_tools/riscv64-unknown-elf-gcc-10.1.0-2020.07.0-x86_64-linux-ubuntu14/bin/../lib/gcc/riscv64-unknown-elf/10.1.0/../../../../riscv64-unknown-elf/lib/rv32imac/ilp32/libc_nano.a(lib_a-memcpy.o)
                              /tmp/ccZoIqcL.o (memcpy)
/home/alex/Desktop/chipStuff/riscv_tools/riscv64-unknown-elf-gcc-10.1.0-2020.07.0-x86_64-linux-ubuntu14/bin/../lib/gcc/riscv64-unknown-elf/10.1.0/../../../../riscv64-unknown-elf/lib/rv32imac/ilp32/libc_nano.a(lib_a-memset.o)
                              /tmp/ccZoIqcL.o (memset)
/home/alex/Desktop/chipStuff/riscv_tools/riscv64-unknown-elf-gcc-10.1.0-2020.07.0-x86_64-linux-ubuntu14/bin/../lib/gcc/riscv64-unknown-elf/10.1.0/../../../../riscv64-unknown-elf/lib/rv32imac/ilp32/libc_nano.a(lib_a-puts.o)
                              /tmp/ccZoIqcL.o (puts)
/home/alex/Desktop/chipStuff/riscv_tools/riscv64-unknown-elf-gcc-10.1.0-2020.07.0-x86_64-linux-ubuntu14/bin/../lib/gcc/riscv64-unknown-elf/10.1.0/../../../../riscv64-unknown-elf/lib/rv32imac/ilp32/libc_nano.a(lib_a-strchr.o)
                              /tmp/ccZoIqcL.o (strchr)
/home/alex/Desktop/chipStuff/riscv_tools/riscv64-unknown-elf-gcc-10.1.0-2020.07.0-x86_64-linux-ubuntu14/bin/../lib/gcc/riscv64-unknown-elf/10.1.0/../../../../riscv64-unknown-elf/lib/rv32imac/ilp32/libc_nano.a(lib_a-strlen.o)
                              /tmp/ccZoIqcL.o (strlen)
/home/alex/Desktop/chipStuff/riscv_tools/riscv64-unknown-elf-gcc-10.1.0-2020.07.0-x86_64-linux-ubuntu14/bin/../lib/gcc/riscv64-unknown-elf/10.1.0/../../../../riscv64-unknown-elf/lib/rv32imac/ilp32/libc_nano.a(lib_a-strncmp.o)
                              /tmp/ccZoIqcL.o (strncmp)
/home/alex/Desktop/chipStuff/riscv_tools/riscv64-unknown-elf-gcc-10.1.0-2020.07.0-x86_64-linux-ubuntu14/bin/../lib/gcc/riscv64-unknown-elf/10.1.0/../../../../riscv64-unknown-elf/lib/rv32imac/ilp32/libc_nano.a(lib_a-wbuf.o)
                              /home/alex/Desktop/chipStuff/riscv_tools/riscv64-unknown-elf-gcc-10.1.0-2020.07.0-x86_64-linux-ubuntu14/bin/../lib/gcc/riscv64-unknown-elf/10.1.0/../../../../riscv64-unknown-elf/lib/rv32imac/ilp32/libc_nano.a(lib_a-puts.o) (__swbuf_r)
/home/alex/Desktop/chipStuff/riscv_tools/riscv64-unknown-elf-gcc-10.1.0-2020.07.0-x86_64-linux-ubuntu14/bin/../lib/gcc/riscv64-unknown-elf/10.1.0/../../../../riscv64-unknown-elf/lib/rv32imac/ilp32/libc_nano.a(lib_a-wsetup.o)
                              /home/alex/Desktop/chipStuff/riscv_tools/riscv64-unknown-elf-gcc-10.1.0-2020.07.0-x86_64-linux-ubuntu14/bin/../lib/gcc/riscv64-unknown-elf/10.1.0/../../../../riscv64-unknown-elf/lib/rv32imac/ilp32/libc_nano.a(lib_a-puts.o) (__swsetup_r)
/home/alex/Desktop/chipStuff/riscv_tools/riscv64-unknown-elf-gcc-10.1.0-2020.07.0-x86_64-linux-ubuntu14/bin/../lib/gcc/riscv64-unknown-elf/10.1.0/../../../../riscv64-unknown-elf/lib/rv32imac/ilp32/libc_nano.a(lib_a-fflush.o)
                              /home/alex/Desktop/chipStuff/riscv_tools/riscv64-unknown-elf-gcc-10.1.0-2020.07.0-x86_64-linux-ubuntu14/bin/../lib/gcc/riscv64-unknown-elf/10.1.0/../../../../riscv64-unknown-elf/lib/rv32imac/ilp32/libc_nano.a(lib_a-wbuf.o) (_fflush_r)
/home/alex/Desktop/chipStuff/riscv_tools/riscv64-unknown-elf-gcc-10.1.0-2020.07.0-x86_64-linux-ubuntu14/bin/../lib/gcc/riscv64-unknown-elf/10.1.0/../../../../riscv64-unknown-elf/lib/rv32imac/ilp32/libc_nano.a(lib_a-findfp.o)
                              /home/alex/Desktop/chipStuff/riscv_tools/riscv64-unknown-elf-gcc-10.1.0-2020.07.0-x86_64-linux-ubuntu14/bin/../lib/gcc/riscv64-unknown-elf/10.1.0/../../../../riscv64-unknown-elf/lib/rv32imac/ilp32/libc_nano.a(lib_a-puts.o) (__sinit)
/home/alex/Desktop/chipStuff/riscv_tools/riscv64-unknown-elf-gcc-10.1.0-2020.07.0-x86_64-linux-ubuntu14/bin/../lib/gcc/riscv64-unknown-elf/10.1.0/../../../../riscv64-unknown-elf/lib/rv32imac/ilp32/libc_nano.a(lib_a-fwalk.o)
                              /home/alex/Desktop/chipStuff/riscv_tools/riscv64-unknown-elf-gcc-10.1.0-2020.07.0-x86_64-linux-ubuntu14/bin/../lib/gcc/riscv64-unknown-elf/10.1.0/../../../../riscv64-unknown-elf/lib/rv32imac/ilp32/libc_nano.a(lib_a-findfp.o) (_fwalk)
/home/alex/Desktop/chipStuff/riscv_tools/riscv64-unknown-elf-gcc-10.1.0-2020.07.0-x86_64-linux-ubuntu14/bin/../lib/gcc/riscv64-unknown-elf/10.1.0/../../../../riscv64-unknown-elf/lib/rv32imac/ilp32/libc_nano.a(lib_a-impure.o)
                              /home/alex/Desktop/chipStuff/riscv_tools/riscv64-unknown-elf-gcc-10.1.0-2020.07.0-x86_64-linux-ubuntu14/bin/../lib/gcc/riscv64-unknown-elf/10.1.0/../../../../riscv64-unknown-elf/lib/rv32imac/ilp32/libc_nano.a(lib_a-fflush.o) (_global_impure_ptr)
/home/alex/Desktop/chipStuff/riscv_tools/riscv64-unknown-elf-gcc-10.1.0-2020.07.0-x86_64-linux-ubuntu14/bin/../lib/gcc/riscv64-unknown-elf/10.1.0/../../../../riscv64-unknown-elf/lib/rv32imac/ilp32/libc_nano.a(lib_a-makebuf.o)
[...]
Memory Configuration

Name             Origin             Length             Attributes
itim             0x0000000008000000 0x0000000000004000 axrwl
ram              0x0000000080000000 0x0000000000004000 arw !xl
rom              0x0000000020400000 0x000000001fc00000 xrl !aw
*default*        0x0000000000000000 0xffffffffffffffff

Linker script and memory map

LOAD /tmp/ccZoIqcL.o
START GROUP
LOAD /home/alex/Desktop/chipStuff/riscv_tools/riscv64-unknown-elf-gcc-10.1.0-2020.07.0-x86_64-linux-ubuntu14/bin/../lib/gcc/riscv64-unknown-elf/10.1.0/../../../../riscv64-unknown-elf/lib/rv32imac/ilp32/libc_nano.a
LOAD /home/alex/Desktop/chipStuff/riscv_tools/riscv64-unknown-elf-gcc-10.1.0-2020.07.0-x86_64-linux-ubuntu14/bin/../lib/gcc/riscv64-unknown-elf/10.1.0/rv32imac/ilp32/libgcc.a
LOAD /home/alex/Desktop/chipStuff/riscv_tools/riscv64-unknown-elf-gcc-10.1.0-2020.07.0-x86_64-linux-ubuntu14/bin/../lib/gcc/riscv64-unknown-elf/10.1.0/../../../../riscv64-unknown-elf/lib/rv32imac/ilp32/libm_nano.a
LOAD /home/alex/Desktop/chipStuff/freedom-e-sdk/bsp/freedom-e310-arty/install/lib/debug//libmetal.a
LOAD /home/alex/Desktop/chipStuff/freedom-e-sdk/bsp/freedom-e310-arty/install/lib/debug//libmetal-gloss.a
END GROUP
                0x0000000000000400                __stack_size = DEFINED (__stack_size)?__stack_size:0x400
                [!provide]                        PROVIDE (__stack_size = __stack_size)
                0x0000000000000800                __heap_size = DEFINED (__heap_size)?__heap_size:0x800
                0x0000000000000000                PROVIDE (__metal_boot_hart = 0x0)
                0x0000000000000001                PROVIDE (__metal_chicken_bit = 0x1)
                0x0000000000000000                PROVIDE (__metal_eccscrub_bit = 0x0)
                [!provide]                        PROVIDE (metal_dtim_0_memory_start = 0x80000000)
                [!provide]                        PROVIDE (metal_dtim_0_memory_end = 0x80004000)
                [!provide]                        PROVIDE (metal_itim_0_memory_start = 0x8000000)
                [!provide]                        PROVIDE (metal_itim_0_memory_end = 0x8004000)

.init           0x0000000020400000      0x2dc
 *(.text.metal.init.enter)
 .text.metal.init.enter
                0x0000000020400000       0x88 /home/alex/Desktop/chipStuff/freedom-e-sdk/bsp/freedom-e310-arty/install/lib/debug//libmetal.a(entry.o)
                0x0000000020400000                _enter
 *(.text.metal.init.*)
 .text.metal.init.__register_frame_info
                0x0000000020400088        0x2 /home/alex/Desktop/chipStuff/freedom-e-sdk/bsp/freedom-e310-arty/install/lib/debug//libmetal.a(entry.o)
                0x0000000020400088                __register_frame_info
 .text.metal.init.scrub
                0x000000002040008a       0xaa /home/alex/Desktop/chipStuff/freedom-e-sdk/bsp/freedom-e310-arty/install/lib/debug//libmetal.a(scrub.o)
                0x000000002040008a                metal_mem_scrub
                0x00000000204000ce                __metal_before_start
 *fill*         0x0000000020400134        0x0 
 .text.metal.init.trapvec
                0x0000000020400134        0xe /home/alex/Desktop/chipStuff/freedom-e-sdk/bsp/freedom-e310-arty/install/lib/debug//libmetal.a(trap.o)
                0x0000000020400134                early_trap_vector
 *(SORT_NONE(.init))
 .init          0x0000000020400142        0xe /home/alex/Desktop/chipStuff/freedom-e-sdk/bsp/freedom-e310-arty/install/lib/debug//libmetal.a(synchronize_harts.o)
                0x0000000020400142                __metal_synchronize_harts
 *(.text.libgloss.start)
 .text.libgloss.start
                0x0000000020400150      0x18c /home/alex/Desktop/chipStuff/freedom-e-sdk/bsp/freedom-e310-arty/install/lib/debug//libmetal-gloss.a(crt0.o)
                0x0000000020400150                _start
                0x00000000204002ba                _init
                0x00000000204002ba                _fini
                0x00000000204002bc                secondary_main

.fini
 *(SORT_NONE(.fini))

.preinit_array  0x00000000204002e0        0x0
                0x00000000204002e0                PROVIDE (__preinit_array_start = .)
 *(.preinit_array)
                0x00000000204002e0                PROVIDE (__preinit_array_end = .)

.init_array     0x00000000204002e0        0x4
                0x00000000204002e0                PROVIDE (__init_array_start = .)
 *(SORT_BY_INIT_PRIORITY(.init_array.*) SORT_BY_INIT_PRIORITY(.ctors.*))
 *(.init_array EXCLUDE_FILE(*crtend?.o *crtend.o *crtbegin?.o *crtbegin.o) .ctors)
                0x00000000204002e0                PROVIDE (__init_array_end = .)
                0x00000000204002e0                PROVIDE (metal_constructors_start = .)
 *(SORT_BY_INIT_PRIORITY(.metal.init_array.*))
 .metal.init_array.5000
                0x00000000204002e0        0x4 /home/alex/Desktop/chipStuff/freedom-e-sdk/bsp/freedom-e310-arty/install/lib/debug//libmetal.a(tty.o)
                0x00000000204002e0                _metal_tty_init_ptr
 *(.metal.init_array)
                0x00000000204002e4                PROVIDE (metal_constructors_end = .)

.fini_array     0x00000000204002e8        0x0
                0x00000000204002e8                PROVIDE (__fini_array_start = .)
 *(SORT_BY_INIT_PRIORITY(.fini_array.*) SORT_BY_INIT_PRIORITY(.dtors.*))
 *(.fini_array EXCLUDE_FILE(*crtend?.o *crtend.o *crtbegin?.o *crtbegin.o) .dtors)
                0x00000000204002e8                PROVIDE (__fini_array_end = .)
                0x00000000204002e8                PROVIDE (metal_destructors_start = .)
 *(SORT_BY_INIT_PRIORITY(.metal.fini_array.*))
 *(.metal.fini_array)
                0x00000000204002e8                PROVIDE (metal_destructors_end = .)

.ctors          0x00000000204002e4       0x24
 *crtbegin.o(.ctors)
 *crtbegin?.o(.ctors)
 *(EXCLUDE_FILE(*crtend?.o *crtend.o) .ctors)
 *(SORT_BY_NAME(.ctors.*))
 *(.ctors)
 *(.metal.ctors .metal.ctors.*)
 .metal.ctors   0x00000000204002e4       0x24 /home/alex/Desktop/chipStuff/freedom-e-sdk/bsp/freedom-e310-arty/install/lib/debug//libmetal.a(tty.o)
                0x00000000204002e4                metal_tty_init

.dtors
 *crtbegin.o(.dtors)
 *crtbegin?.o(.dtors)
 *(EXCLUDE_FILE(*crtend?.o *crtend.o) .dtors)
 *(SORT_BY_NAME(.dtors.*))
 *(.dtors)
 *(.metal.dtors .metal.dtors.*)

.rodata         0x0000000020400308      0x634
 *(.rdata)
 *(.rodata .rodata.*)
 .rodata        0x0000000020400308      0x307 /tmp/ccZoIqcL.o
 *fill*         0x000000002040060f        0x1 
 .rodata.__sf_fake_stderr
                0x0000000020400610       0x20 /home/alex/Desktop/chipStuff/riscv_tools/riscv64-unknown-elf-gcc-10.1.0-2020.07.0-x86_64-linux-ubuntu14/bin/../lib/gcc/riscv64-unknown-elf/10.1.0/../../../../riscv64-unknown-elf/lib/rv32imac/ilp32/libc_nano.a(lib_a-findfp.o)
                0x0000000020400610                __sf_fake_stderr
 .rodata.__sf_fake_stdin
                0x0000000020400630       0x20 /home/alex/Desktop/chipStuff/riscv_tools/riscv64-unknown-elf-gcc-10.1.0-2020.07.0-x86_64-linux-ubuntu14/bin/../lib/gcc/riscv64-unknown-elf/10.1.0/../../../../riscv64-unknown-elf/lib/rv32imac/ilp32/libc_nano.a(lib_a-findfp.o)
                0x0000000020400630                __sf_fake_stdin
 .rodata.__sf_fake_stdout
                0x0000000020400650       0x20 /home/alex/Desktop/chipStuff/riscv_tools/riscv64-unknown-elf-gcc-10.1.0-2020.07.0-x86_64-linux-ubuntu14/bin/../lib/gcc/riscv64-unknown-elf/10.1.0/../../../../riscv64-unknown-elf/lib/rv32imac/ilp32/libc_nano.a(lib_a-findfp.o)
                0x0000000020400650                __sf_fake_stdout
 .rodata.__metal_driver_vtable_riscv_clint0
                0x0000000020400670       0x64 /home/alex/Desktop/chipStuff/freedom-e-sdk/bsp/freedom-e310-arty/install/lib/debug//libmetal.a(riscv_clint0.o)
                0x0000000020400670                __metal_driver_vtable_riscv_clint0
 .rodata.__metal_local_interrupt_enable
                0x00000000204006d4       0x80 /home/alex/Desktop/chipStuff/freedom-e-sdk/bsp/freedom-e310-arty/install/lib/debug//libmetal.a(riscv_cpu.o)
 .rodata.__metal_driver_vtable_riscv_cpu_intc
                0x0000000020400754       0x64 /home/alex/Desktop/chipStuff/freedom-e-sdk/bsp/freedom-e310-arty/install/lib/debug//libmetal.a(riscv_cpu.o)
                0x0000000020400754                __metal_driver_vtable_riscv_cpu_intc
 .rodata.__metal_driver_vtable_cpu
                0x00000000204007b8       0x44 /home/alex/Desktop/chipStuff/freedom-e-sdk/bsp/freedom-e310-arty/install/lib/debug//libmetal.a(riscv_cpu.o)
                0x00000000204007b8                __metal_driver_vtable_cpu
 .rodata.__metal_driver_vtable_riscv_plic0
                0x00000000204007fc       0x64 /home/alex/Desktop/chipStuff/freedom-e-sdk/bsp/freedom-e310-arty/install/lib/debug//libmetal.a(riscv_plic0.o)
                0x00000000204007fc                __metal_driver_vtable_riscv_plic0
 .rodata.__metal_driver_sifive_gpio0_config_int
                0x0000000020400860       0x20 /home/alex/Desktop/chipStuff/freedom-e-sdk/bsp/freedom-e310-arty/install/lib/debug//libmetal.a(sifive_gpio0.o)
 .rodata.__metal_driver_sifive_gpio0_clear_int
                0x0000000020400880       0x20 /home/alex/Desktop/chipStuff/freedom-e-sdk/bsp/freedom-e310-arty/install/lib/debug//libmetal.a(sifive_gpio0.o)
 .rodata.__metal_driver_vtable_sifive_gpio0
                0x00000000204008a0       0x3c /home/alex/Desktop/chipStuff/freedom-e-sdk/bsp/freedom-e310-arty/install/lib/debug//libmetal.a(sifive_gpio0.o)
                0x00000000204008a0                __metal_driver_vtable_sifive_gpio0
 .rodata.__metal_driver_vtable_sifive_uart0
                0x00000000204008dc       0x40 /home/alex/Desktop/chipStuff/freedom-e-sdk/bsp/freedom-e310-arty/install/lib/debug//libmetal.a(sifive_uart0.o)
                0x00000000204008dc                __metal_driver_vtable_sifive_uart0
 .rodata.libgloss.start
                0x000000002040091c       0x11 /home/alex/Desktop/chipStuff/freedom-e-sdk/bsp/freedom-e310-arty/install/lib/debug//libmetal-gloss.a(crt0.o)
 *(.gnu.linkonce.r.*)
                0x0000000020400930                . = ALIGN (0x8)
 *fill*         0x000000002040092d        0x3 
 *(.srodata.cst16)
 *(.srodata.cst8)
 *(.srodata.cst4)
 *(.srodata.cst2)
 *(.srodata .srodata.*)
 .srodata._global_impure_ptr
                0x0000000020400930        0x4 /home/alex/Desktop/chipStuff/riscv_tools/riscv64-unknown-elf-gcc-10.1.0-2020.07.0-x86_64-linux-ubuntu14/bin/../lib/gcc/riscv64-unknown-elf/10.1.0/../../../../riscv64-unknown-elf/lib/rv32imac/ilp32/libc_nano.a(lib_a-impure.o)
                0x0000000020400930                _global_impure_ptr
 .srodata.__metal_driver_vtable_fixed_clock
                0x0000000020400934        0x8 /home/alex/Desktop/chipStuff/freedom-e-sdk/bsp/freedom-e310-arty/install/lib/debug//libmetal.a(fixed-clock.o)
                0x0000000020400934                __metal_driver_vtable_fixed_clock

.itim           0x0000000008000000        0x0 load address 0x0000000020400940
 *(.itim .itim.*)
                0x0000000020400940                PROVIDE (metal_segment_itim_source_start = LOADADDR (.itim))
                0x0000000008000000                PROVIDE (metal_segment_itim_target_start = ADDR (.itim))
                0x0000000008000000                PROVIDE (metal_segment_itim_target_end = (ADDR (.itim) + SIZEOF (.itim)))

.lim            0x0000000080000000        0x0 load address 0x0000000020400940
 *(.lim .lim.*)
                0x0000000020400940                PROVIDE (metal_segment_lim_source_start = LOADADDR (.lim))
                0x0000000080000000                PROVIDE (metal_segment_lim_target_start = ADDR (.lim))
                0x0000000080000000                PROVIDE (metal_segment_lim_target_end = (ADDR (.lim) + SIZEOF (.lim)))

.text           0x0000000020400980     0x54c0
 *(.text.unlikely .text.unlikely.*)
 *(.text.startup .text.startup.*)
 *(.text .text.*)
 .text.display_banner
                0x0000000020400980       0x66 /tmp/ccZoIqcL.o
                0x0000000020400980                display_banner
 .text.timer_isr
                0x00000000204009e6       0x3c /tmp/ccZoIqcL.o
                0x00000000204009e6                timer_isr
 .text.main     0x0000000020400a22      0x476 /tmp/ccZoIqcL.o
                0x0000000020400a22                main
 .text.memcpy   0x0000000020400e98       0xd4 /home/alex/Desktop/chipStuff/riscv_tools/riscv64-unknown-elf-gcc-10.1.0-2020.07.0-x86_64-linux-ubuntu14/bin/../lib/gcc/riscv64-unknown-elf/10.1.0/../../../../riscv64-unknown-elf/lib/rv32imac/ilp32/libc_nano.a(lib_a-memcpy.o)
                0x0000000020400e98                memcpy
 .text          0x0000000020400f6c       0xa8 /home/alex/Desktop/chipStuff/riscv_tools/riscv64-unknown-elf-gcc-10.1.0-2020.07.0-x86_64-linux-ubuntu14/bin/../lib/gcc/riscv64-unknown-elf/10.1.0/../../../../riscv64-unknown-elf/lib/rv32imac/ilp32/libc_nano.a(lib_a-memset.o)
                0x0000000020400f6c                memset
 .text._puts_r  0x0000000020401014       0xda /home/alex/Desktop/chipStuff/riscv_tools/riscv64-unknown-elf-gcc-10.1.0-2020.07.0-x86_64-linux-ubuntu14/bin/../lib/gcc/riscv64-unknown-elf/10.1.0/../../../../riscv64-unknown-elf/lib/rv32imac/ilp32/libc_nano.a(lib_a-puts.o)
                0x0000000020401014                _puts_r
 .text.puts     0x00000000204010ee        0xc /home/alex/Desktop/chipStuff/riscv_tools/riscv64-unknown-elf-gcc-10.1.0-2020.07.0-x86_64-linux-ubuntu14/bin/../lib/gcc/riscv64-unknown-elf/10.1.0/../../../../riscv64-unknown-elf/lib/rv32imac/ilp32/libc_nano.a(lib_a-puts.o)
                0x00000000204010ee                puts
 .text.strchr   0x00000000204010fa       0x1a /home/alex/Desktop/chipStuff/riscv_tools/riscv64-unknown-elf-gcc-10.1.0-2020.07.0-x86_64-linux-ubuntu14/bin/../lib/gcc/riscv64-unknown-elf/10.1.0/../../../../riscv64-unknown-elf/lib/rv32imac/ilp32/libc_nano.a(lib_a-strchr.o)
                0x00000000204010fa                strchr
 .text.strlen   0x0000000020401114       0x12 /home/alex/Desktop/chipStuff/riscv_tools/riscv64-unknown-elf-gcc-10.1.0-2020.07.0-x86_64-linux-ubuntu14/bin/../lib/gcc/riscv64-unknown-elf/10.1.0/../../../../riscv64-unknown-elf/lib/rv32imac/ilp32/libc_nano.a(lib_a-strlen.o)
                0x0000000020401114                strlen
 .text.strncmp  0x0000000020401126       0x2e /home/alex/Desktop/chipStuff/riscv_tools/riscv64-unknown-elf-gcc-10.1.0-2020.07.0-x86_64-linux-ubuntu14/bin/../lib/gcc/riscv64-unknown-elf/10.1.0/../../../../riscv64-unknown-elf/lib/rv32imac/ilp32/libc_nano.a(lib_a-strncmp.o)
                0x0000000020401126                strncmp
 .text.__swbuf_r
                0x0000000020401154       0xc0 /home/alex/Desktop/chipStuff/riscv_tools/riscv64-unknown-elf-gcc-10.1.0-2020.07.0-x86_64-linux-ubuntu14/bin/../lib/gcc/riscv64-unknown-elf/10.1.0/../../../../riscv64-unknown-elf/lib/rv32imac/ilp32/libc_nano.a(lib_a-wbuf.o)
                0x0000000020401154                __swbuf_r
 .text.__swsetup_r
                0x0000000020401214      0x10a /home/alex/Desktop/chipStuff/riscv_tools/riscv64-unknown-elf-gcc-10.1.0-2020.07.0-x86_64-linux-ubuntu14/bin/../lib/gcc/riscv64-unknown-elf/10.1.0/../../../../riscv64-unknown-elf/lib/rv32imac/ilp32/libc_nano.a(lib_a-wsetup.o)
                0x0000000020401214                __swsetup_r
 .text.__sflush_r
                0x000000002040131e      0x146 /home/alex/Desktop/chipStuff/riscv_tools/riscv64-unknown-elf-gcc-10.1.0-2020.07.0-x86_64-linux-ubuntu14/bin/../lib/gcc/riscv64-unknown-elf/10.1.0/../../../../riscv64-unknown-elf/lib/rv32imac/ilp32/libc_nano.a(lib_a-fflush.o)
                0x000000002040131e                __sflush_r
 .text._fflush_r
                0x0000000020401464       0x64 /home/alex/Desktop/chipStuff/riscv_tools/riscv64-unknown-elf-gcc-10.1.0-2020.07.0-x86_64-linux-ubuntu14/bin/../lib/gcc/riscv64-unknown-elf/10.1.0/../../../../riscv64-unknown-elf/lib/rv32imac/ilp32/libc_nano.a(lib_a-fflush.o)
                0x0000000020401464                _fflush_r
 .text.std      0x00000000204014c8       0x68 /home/alex/Desktop/chipStuff/riscv_tools/riscv64-unknown-elf-gcc-10.1.0-2020.07.0-x86_64-linux-ubuntu14/bin/../lib/gcc/riscv64-unknown-elf/10.1.0/../../../../riscv64-unknown-elf/lib/rv32imac/ilp32/libc_nano.a(lib_a-findfp.o)
 .text._cleanup_r
                0x0000000020401530        0xa /home/alex/Desktop/chipStuff/riscv_tools/riscv64-unknown-elf-gcc-10.1.0-2020.07.0-x86_64-linux-ubuntu14/bin/../lib/gcc/riscv64-unknown-elf/10.1.0/../../../../riscv64-unknown-elf/lib/rv32imac/ilp32/libc_nano.a(lib_a-findfp.o)
                0x0000000020401530                _cleanup_r
 .text.__sfmoreglue
                0x000000002040153a       0x44 /home/alex/Desktop/chipStuff/riscv_tools/riscv64-unknown-elf-gcc-10.1.0-2020.07.0-x86_64-linux-ubuntu14/bin/../lib/gcc/riscv64-unknown-elf/10.1.0/../../../../riscv64-unknown-elf/lib/rv32imac/ilp32/libc_nano.a(lib_a-findfp.o)
                0x000000002040153a                __sfmoreglue
 .text.__sinit  0x000000002040157e       0x6a /home/alex/Desktop/chipStuff/riscv_tools/riscv64-unknown-elf-gcc-10.1.0-2020.07.0-x86_64-linux-ubuntu14/bin/../lib/gcc/riscv64-unknown-elf/10.1.0/../../../../riscv64-unknown-elf/lib/rv32imac/ilp32/libc_nano.a(lib_a-findfp.o)
                0x000000002040157e                __sinit
 .text.__sfp    0x00000000204015e8       0x9e /home/alex/Desktop/chipStuff/riscv_tools/riscv64-unknown-elf-gcc-10.1.0-2020.07.0-x86_64-linux-ubuntu14/bin/../lib/gcc/riscv64-unknown-elf/10.1.0/../../../../riscv64-unknown-elf/lib/rv32imac/ilp32/libc_nano.a(lib_a-findfp.o)
                0x00000000204015e8                __sfp
 .text._fwalk_reent
                0x0000000020401686       0x6a /home/alex/Desktop/chipStuff/riscv_tools/riscv64-unknown-elf-gcc-10.1.0-2020.07.0-x86_64-linux-ubuntu14/bin/../lib/gcc/riscv64-unknown-elf/10.1.0/../../../../riscv64-unknown-elf/lib/rv32imac/ilp32/libc_nano.a(lib_a-fwalk.o)
                0x0000000020401686                _fwalk_reent
 .text.__swhatbuf_r
                0x00000000204016f0       0x5a /home/alex/Desktop/chipStuff/riscv_tools/riscv64-unknown-elf-gcc-10.1.0-2020.07.0-x86_64-linux-ubuntu14/bin/../lib/gcc/riscv64-unknown-elf/10.1.0/../../../../riscv64-unknown-elf/lib/rv32imac/ilp32/libc_nano.a(lib_a-makebuf.o)
                0x00000000204016f0                __swhatbuf_r
 .text.__smakebuf_r
                0x000000002040174a       0x9c /home/alex/Desktop/chipStuff/riscv_tools/riscv64-unknown-elf-gcc-10.1.0-2020.07.0-x86_64-linux-ubuntu14/bin/../lib/gcc/riscv64-unknown-elf/10.1.0/../../../../riscv64-unknown-elf/lib/rv32imac/ilp32/libc_nano.a(lib_a-makebuf.o)
                0x000000002040174a                __smakebuf_r
 .text._free_r  0x00000000204017e6       0xa2 /home/alex/Desktop/chipStuff/riscv_tools/riscv64-unknown-elf-gcc-10.1.0-2020.07.0-x86_64-linux-ubuntu14/bin/../lib/gcc/riscv64-unknown-elf/10.1.0/../../../../riscv64-unknown-elf/lib/rv32imac/ilp32/libc_nano.a(lib_a-nano-freer.o)
                0x00000000204017e6                _free_r
 .text._malloc_r
                0x0000000020401888       0xd8 /home/alex/Desktop/chipStuff/riscv_tools/riscv64-unknown-elf-gcc-10.1.0-2020.07.0-x86_64-linux-ubuntu14/bin/../lib/gcc/riscv64-unknown-elf/10.1.0/../../../../riscv64-unknown-elf/lib/rv32imac/ilp32/libc_nano.a(lib_a-nano-mallocr.o)
                0x0000000020401888                _malloc_r
 .text._sbrk_r  0x0000000020401960       0x30 /home/alex/Desktop/chipStuff/riscv_tools/riscv64-unknown-elf-gcc-10.1.0-2020.07.0-x86_64-linux-ubuntu14/bin/../lib/gcc/riscv64-unknown-elf/10.1.0/../../../../riscv64-unknown-elf/lib/rv32imac/ilp32/libc_nano.a(lib_a-sbrkr.o)
                0x0000000020401960                _sbrk_r
 .text.__sread  0x0000000020401990       0x30 /home/alex/Desktop/chipStuff/riscv_tools/riscv64-unknown-elf-gcc-10.1.0-2020.07.0-x86_64-linux-ubuntu14/bin/../lib/gcc/riscv64-unknown-elf/10.1.0/../../../../riscv64-unknown-elf/lib/rv32imac/ilp32/libc_nano.a(lib_a-stdio.o)
                0x0000000020401990                __sread
 .text.__swrite
                0x00000000204019c0       0x4e /home/alex/Desktop/chipStuff/riscv_tools/riscv64-unknown-elf-gcc-10.1.0-2020.07.0-x86_64-linux-ubuntu14/bin/../lib/gcc/riscv64-unknown-elf/10.1.0/../../../../riscv64-unknown-elf/lib/rv32imac/ilp32/libc_nano.a(lib_a-stdio.o)
                0x00000000204019c0                __swrite
 .text.__sseek  0x0000000020401a0e       0x36 /home/alex/Desktop/chipStuff/riscv_tools/riscv64-unknown-elf-gcc-10.1.0-2020.07.0-x86_64-linux-ubuntu14/bin/../lib/gcc/riscv64-unknown-elf/10.1.0/../../../../riscv64-unknown-elf/lib/rv32imac/ilp32/libc_nano.a(lib_a-stdio.o)
                0x0000000020401a0e                __sseek
 .text.__sclose
                0x0000000020401a44        0x6 /home/alex/Desktop/chipStuff/riscv_tools/riscv64-unknown-elf-gcc-10.1.0-2020.07.0-x86_64-linux-ubuntu14/bin/../lib/gcc/riscv64-unknown-elf/10.1.0/../../../../riscv64-unknown-elf/lib/rv32imac/ilp32/libc_nano.a(lib_a-stdio.o)
                0x0000000020401a44                __sclose
 .text._write_r
                0x0000000020401a4a       0x34 /home/alex/Desktop/chipStuff/riscv_tools/riscv64-unknown-elf-gcc-10.1.0-2020.07.0-x86_64-linux-ubuntu14/bin/../lib/gcc/riscv64-unknown-elf/10.1.0/../../../../riscv64-unknown-elf/lib/rv32imac/ilp32/libc_nano.a(lib_a-writer.o)
                0x0000000020401a4a                _write_r
 .text._close_r
                0x0000000020401a7e       0x30 /home/alex/Desktop/chipStuff/riscv_tools/riscv64-unknown-elf-gcc-10.1.0-2020.07.0-x86_64-linux-ubuntu14/bin/../lib/gcc/riscv64-unknown-elf/10.1.0/../../../../riscv64-unknown-elf/lib/rv32imac/ilp32/libc_nano.a(lib_a-closer.o)
                0x0000000020401a7e                _close_r
 .text._fstat_r
                0x0000000020401aae       0x32 /home/alex/Desktop/chipStuff/riscv_tools/riscv64-unknown-elf-gcc-10.1.0-2020.07.0-x86_64-linux-ubuntu14/bin/../lib/gcc/riscv64-unknown-elf/10.1.0/../../../../riscv64-unknown-elf/lib/rv32imac/ilp32/libc_nano.a(lib_a-fstatr.o)
                0x0000000020401aae                _fstat_r
 .text._isatty_r
                0x0000000020401ae0       0x30 /home/alex/Desktop/chipStuff/riscv_tools/riscv64-unknown-elf-gcc-10.1.0-2020.07.0-x86_64-linux-ubuntu14/bin/../lib/gcc/riscv64-unknown-elf/10.1.0/../../../../riscv64-unknown-elf/lib/rv32imac/ilp32/libc_nano.a(lib_a-isattyr.o)
                0x0000000020401ae0                _isatty_r
 .text._lseek_r
                0x0000000020401b10       0x34 /home/alex/Desktop/chipStuff/riscv_tools/riscv64-unknown-elf-gcc-10.1.0-2020.07.0-x86_64-linux-ubuntu14/bin/../lib/gcc/riscv64-unknown-elf/10.1.0/../../../../riscv64-unknown-elf/lib/rv32imac/ilp32/libc_nano.a(lib_a-lseekr.o)
                0x0000000020401b10                _lseek_r
 .text.__malloc_lock
                0x0000000020401b44        0x2 /home/alex/Desktop/chipStuff/riscv_tools/riscv64-unknown-elf-gcc-10.1.0-2020.07.0-x86_64-linux-ubuntu14/bin/../lib/gcc/riscv64-unknown-elf/10.1.0/../../../../riscv64-unknown-elf/lib/rv32imac/ilp32/libc_nano.a(lib_a-mlock.o)
                0x0000000020401b44                __malloc_lock
 .text.__malloc_unlock
                0x0000000020401b46        0x2 /home/alex/Desktop/chipStuff/riscv_tools/riscv64-unknown-elf-gcc-10.1.0-2020.07.0-x86_64-linux-ubuntu14/bin/../lib/gcc/riscv64-unknown-elf/10.1.0/../../../../riscv64-unknown-elf/lib/rv32imac/ilp32/libc_nano.a(lib_a-mlock.o)
                0x0000000020401b46                __malloc_unlock
 .text._read_r  0x0000000020401b48       0x34 /home/alex/Desktop/chipStuff/riscv_tools/riscv64-unknown-elf-gcc-10.1.0-2020.07.0-x86_64-linux-ubuntu14/bin/../lib/gcc/riscv64-unknown-elf/10.1.0/../../../../riscv64-unknown-elf/lib/rv32imac/ilp32/libc_nano.a(lib_a-readr.o)
                0x0000000020401b48                _read_r
 .text.metal_cpu_timer_interrupt_controller
                0x0000000020401b7c       0x26 /home/alex/Desktop/chipStuff/freedom-e-sdk/bsp/freedom-e310-arty/install/lib/debug//libmetal.a(cpu.o)
                0x0000000020401b7c                metal_cpu_timer_interrupt_controller
 .text.metal_cpu_timer_get_interrupt_id
                0x0000000020401ba2       0x26 /home/alex/Desktop/chipStuff/freedom-e-sdk/bsp/freedom-e310-arty/install/lib/debug//libmetal.a(cpu.o)
                0x0000000020401ba2                metal_cpu_timer_get_interrupt_id
 .text.metal_cpu_interrupt_controller
                0x0000000020401bc8       0x26 /home/alex/Desktop/chipStuff/freedom-e-sdk/bsp/freedom-e310-arty/install/lib/debug//libmetal.a(cpu.o)
                0x0000000020401bc8                metal_cpu_interrupt_controller
 .text.metal_cpu_get
                0x0000000020401bee       0x2e /home/alex/Desktop/chipStuff/freedom-e-sdk/bsp/freedom-e310-arty/install/lib/debug//libmetal.a(cpu.o)
                0x0000000020401bee                metal_cpu_get
 .text.metal_cpu_get_current_hartid
                0x0000000020401c1c       0x1a /home/alex/Desktop/chipStuff/freedom-e-sdk/bsp/freedom-e310-arty/install/lib/debug//libmetal.a(cpu.o)
                0x0000000020401c1c                metal_cpu_get_current_hartid
 .text.metal_gpio_get_device
                0x0000000020401c36       0x2e /home/alex/Desktop/chipStuff/freedom-e-sdk/bsp/freedom-e310-arty/install/lib/debug//libmetal.a(gpio.o)
                0x0000000020401c36                metal_gpio_get_device
 .text.metal_interrupt_init
                0x0000000020401c64       0x24 /home/alex/Desktop/chipStuff/freedom-e-sdk/bsp/freedom-e310-arty/install/lib/debug//libmetal.a(interrupt.o)
                0x0000000020401c64                metal_interrupt_init
 .text.metal_interrupt_register_handler
                0x0000000020401c88       0x3e /home/alex/Desktop/chipStuff/freedom-e-sdk/bsp/freedom-e310-arty/install/lib/debug//libmetal.a(interrupt.o)
                0x0000000020401c88                metal_interrupt_register_handler
 .text.metal_interrupt_enable
                0x0000000020401cc6       0x2e /home/alex/Desktop/chipStuff/freedom-e-sdk/bsp/freedom-e310-arty/install/lib/debug//libmetal.a(interrupt.o)
                0x0000000020401cc6                metal_interrupt_enable
 .text.metal_interrupt_disable
                0x0000000020401cf4       0x2e /home/alex/Desktop/chipStuff/freedom-e-sdk/bsp/freedom-e310-arty/install/lib/debug//libmetal.a(interrupt.o)
                0x0000000020401cf4                metal_interrupt_disable
 .text.metal_tty_putc
                0x0000000020401d22       0x26 /home/alex/Desktop/chipStuff/freedom-e-sdk/bsp/freedom-e310-arty/install/lib/debug//libmetal.a(tty.o)
                0x0000000020401d22                metal_tty_putc
 .text.metal_tty_getc
                0x0000000020401d48       0x32 /home/alex/Desktop/chipStuff/freedom-e-sdk/bsp/freedom-e310-arty/install/lib/debug//libmetal.a(tty.o)
                0x0000000020401d48                metal_tty_getc
 .text.metal_uart_init
                0x0000000020401d7a       0x2c /home/alex/Desktop/chipStuff/freedom-e-sdk/bsp/freedom-e310-arty/install/lib/debug//libmetal.a(uart.o)
                0x0000000020401d7a                metal_uart_init
 .text.metal_uart_putc
                0x0000000020401da6       0x2e /home/alex/Desktop/chipStuff/freedom-e-sdk/bsp/freedom-e310-arty/install/lib/debug//libmetal.a(uart.o)
                0x0000000020401da6                metal_uart_putc
 .text.metal_uart_getc
                0x0000000020401dd4       0x2e /home/alex/Desktop/chipStuff/freedom-e-sdk/bsp/freedom-e310-arty/install/lib/debug//libmetal.a(uart.o)
                0x0000000020401dd4                metal_uart_getc
 .text.metal_uart_set_baud_rate
                0x0000000020401e02       0x2e /home/alex/Desktop/chipStuff/freedom-e-sdk/bsp/freedom-e310-arty/install/lib/debug//libmetal.a(uart.o)
                0x0000000020401e02                metal_uart_set_baud_rate
 .text.__metal_driver_sifive_clint0_control_base
                0x0000000020401e30       0x26 /home/alex/Desktop/chipStuff/freedom-e-sdk/bsp/freedom-e310-arty/install/lib/debug//libmetal.a(riscv_clint0.o)
 .text.__metal_driver_sifive_clint0_num_interrupts
                0x0000000020401e56       0x24 /home/alex/Desktop/chipStuff/freedom-e-sdk/bsp/freedom-e310-arty/install/lib/debug//libmetal.a(riscv_clint0.o)
 .text.__metal_driver_sifive_clint0_interrupt_parents
                0x0000000020401e7a       0x3c /home/alex/Desktop/chipStuff/freedom-e-sdk/bsp/freedom-e310-arty/install/lib/debug//libmetal.a(riscv_clint0.o)
 .text.__metal_driver_sifive_clint0_interrupt_lines
                0x0000000020401eb6       0x30 /home/alex/Desktop/chipStuff/freedom-e-sdk/bsp/freedom-e310-arty/install/lib/debug//libmetal.a(riscv_clint0.o)
 .text.__metal_clint0_mtime_get
                0x0000000020401ee6       0x9a /home/alex/Desktop/chipStuff/freedom-e-sdk/bsp/freedom-e310-arty/install/lib/debug//libmetal.a(riscv_clint0.o)
                0x0000000020401ee6                __metal_clint0_mtime_get
 .text.__metal_driver_riscv_clint0_mtimecmp_set
                0x0000000020401f80       0x96 /home/alex/Desktop/chipStuff/freedom-e-sdk/bsp/freedom-e310-arty/install/lib/debug//libmetal.a(riscv_clint0.o)
                0x0000000020401f80                __metal_driver_riscv_clint0_mtimecmp_set
 .text._get_cpu_intc
                0x0000000020402016       0x32 /home/alex/Desktop/chipStuff/freedom-e-sdk/bsp/freedom-e310-arty/install/lib/debug//libmetal.a(riscv_clint0.o)
 .text.__metal_driver_riscv_clint0_init
                0x0000000020402048       0x88 /home/alex/Desktop/chipStuff/freedom-e-sdk/bsp/freedom-e310-arty/install/lib/debug//libmetal.a(riscv_clint0.o)
                0x0000000020402048                __metal_driver_riscv_clint0_init
 .text.__metal_driver_riscv_clint0_register
                0x00000000204020d0       0xda /home/alex/Desktop/chipStuff/freedom-e-sdk/bsp/freedom-e310-arty/install/lib/debug//libmetal.a(riscv_clint0.o)
                0x00000000204020d0                __metal_driver_riscv_clint0_register
 .text.__metal_driver_riscv_clint0_vector_register
                0x00000000204021aa       0x28 /home/alex/Desktop/chipStuff/freedom-e-sdk/bsp/freedom-e310-arty/install/lib/debug//libmetal.a(riscv_clint0.o)
                0x00000000204021aa                __metal_driver_riscv_clint0_vector_register
 .text.__metal_driver_riscv_clint0_get_vector_mode
                0x00000000204021d2       0x1c /home/alex/Desktop/chipStuff/freedom-e-sdk/bsp/freedom-e310-arty/install/lib/debug//libmetal.a(riscv_clint0.o)
                0x00000000204021d2                __metal_driver_riscv_clint0_get_vector_mode
 .text.__metal_driver_riscv_clint0_set_vector_mode
                0x00000000204021ee       0x58 /home/alex/Desktop/chipStuff/freedom-e-sdk/bsp/freedom-e310-arty/install/lib/debug//libmetal.a(riscv_clint0.o)
                0x00000000204021ee                __metal_driver_riscv_clint0_set_vector_mode
 .text.__metal_driver_riscv_clint0_enable
                0x0000000020402246       0xb2 /home/alex/Desktop/chipStuff/freedom-e-sdk/bsp/freedom-e310-arty/install/lib/debug//libmetal.a(riscv_clint0.o)
                0x0000000020402246                __metal_driver_riscv_clint0_enable
 .text.__metal_driver_riscv_clint0_disable
                0x00000000204022f8       0xb2 /home/alex/Desktop/chipStuff/freedom-e-sdk/bsp/freedom-e310-arty/install/lib/debug//libmetal.a(riscv_clint0.o)
                0x00000000204022f8                __metal_driver_riscv_clint0_disable
 .text.__metal_driver_riscv_clint0_command_request
                0x00000000204023aa      0x140 /home/alex/Desktop/chipStuff/freedom-e-sdk/bsp/freedom-e310-arty/install/lib/debug//libmetal.a(riscv_clint0.o)
                0x00000000204023aa                __metal_driver_riscv_clint0_command_request
 .text.__metal_driver_riscv_clint0_clear_interrupt
                0x00000000204024ea       0x34 /home/alex/Desktop/chipStuff/freedom-e-sdk/bsp/freedom-e310-arty/install/lib/debug//libmetal.a(riscv_clint0.o)
                0x00000000204024ea                __metal_driver_riscv_clint0_clear_interrupt
 .text.__metal_driver_riscv_clint0_set_interrupt
                0x000000002040251e       0x34 /home/alex/Desktop/chipStuff/freedom-e-sdk/bsp/freedom-e310-arty/install/lib/debug//libmetal.a(riscv_clint0.o)
                0x000000002040251e                __metal_driver_riscv_clint0_set_interrupt
 .text.__metal_driver_cpu_hartid
                0x0000000020402552       0x24 /home/alex/Desktop/chipStuff/freedom-e-sdk/bsp/freedom-e310-arty/install/lib/debug//libmetal.a(riscv_cpu.o)
 .text.__metal_driver_cpu_timebase
                0x0000000020402576       0x2a /home/alex/Desktop/chipStuff/freedom-e-sdk/bsp/freedom-e310-arty/install/lib/debug//libmetal.a(riscv_cpu.o)
 .text.__metal_driver_cpu_interrupt_controller
                0x00000000204025a0       0x2a /home/alex/Desktop/chipStuff/freedom-e-sdk/bsp/freedom-e310-arty/install/lib/debug//libmetal.a(riscv_cpu.o)
 .text.__metal_driver_cpu_buserror
                0x00000000204025ca       0x24 /home/alex/Desktop/chipStuff/freedom-e-sdk/bsp/freedom-e310-arty/install/lib/debug//libmetal.a(riscv_cpu.o)
 .text.__metal_driver_cpu_get
                0x00000000204025ee       0x30 /home/alex/Desktop/chipStuff/freedom-e-sdk/bsp/freedom-e310-arty/install/lib/debug//libmetal.a(riscv_cpu.o)
                0x00000000204025ee                __metal_driver_cpu_get
 .text.__metal_myhart_id
                0x000000002040261e       0x1a /home/alex/Desktop/chipStuff/freedom-e-sdk/bsp/freedom-e310-arty/install/lib/debug//libmetal.a(riscv_cpu.o)
                0x000000002040261e                __metal_myhart_id
 .text.__metal_interrupt_global_enable
                0x0000000020402638       0x18 /home/alex/Desktop/chipStuff/freedom-e-sdk/bsp/freedom-e310-arty/install/lib/debug//libmetal.a(riscv_cpu.o)
                0x0000000020402638                __metal_interrupt_global_enable
 .text.__metal_interrupt_global_disable
                0x0000000020402650       0x18 /home/alex/Desktop/chipStuff/freedom-e-sdk/bsp/freedom-e310-arty/install/lib/debug//libmetal.a(riscv_cpu.o)
                0x0000000020402650                __metal_interrupt_global_disable
 .text.__metal_interrupt_software_enable
                0x0000000020402668       0x18 /home/alex/Desktop/chipStuff/freedom-e-sdk/bsp/freedom-e310-arty/install/lib/debug//libmetal.a(riscv_cpu.o)
                0x0000000020402668                __metal_interrupt_software_enable
 .text.__metal_interrupt_software_disable
                0x0000000020402680       0x18 /home/alex/Desktop/chipStuff/freedom-e-sdk/bsp/freedom-e310-arty/install/lib/debug//libmetal.a(riscv_cpu.o)
                0x0000000020402680                __metal_interrupt_software_disable
 .text.__metal_interrupt_timer_enable
                0x0000000020402698       0x1a /home/alex/Desktop/chipStuff/freedom-e-sdk/bsp/freedom-e310-arty/install/lib/debug//libmetal.a(riscv_cpu.o)
                0x0000000020402698                __metal_interrupt_timer_enable
 .text.__metal_interrupt_timer_disable
                0x00000000204026b2       0x1a /home/alex/Desktop/chipStuff/freedom-e-sdk/bsp/freedom-e310-arty/install/lib/debug//libmetal.a(riscv_cpu.o)
                0x00000000204026b2                __metal_interrupt_timer_disable
 .text.__metal_interrupt_external_enable
                0x00000000204026cc       0x1c /home/alex/Desktop/chipStuff/freedom-e-sdk/bsp/freedom-e310-arty/install/lib/debug//libmetal.a(riscv_cpu.o)
                0x00000000204026cc                __metal_interrupt_external_enable
 .text.__metal_interrupt_external_disable
                0x00000000204026e8       0x1c /home/alex/Desktop/chipStuff/freedom-e-sdk/bsp/freedom-e310-arty/install/lib/debug//libmetal.a(riscv_cpu.o)
                0x00000000204026e8                __metal_interrupt_external_disable
 .text.__metal_interrupt_local_enable
                0x0000000020402704       0x2c /home/alex/Desktop/chipStuff/freedom-e-sdk/bsp/freedom-e310-arty/install/lib/debug//libmetal.a(riscv_cpu.o)
                0x0000000020402704                __metal_interrupt_local_enable
 .text.__metal_interrupt_local_disable
                0x0000000020402730       0x2c /home/alex/Desktop/chipStuff/freedom-e-sdk/bsp/freedom-e310-arty/install/lib/debug//libmetal.a(riscv_cpu.o)
                0x0000000020402730                __metal_interrupt_local_disable
 .text.__metal_default_exception_handler
                0x000000002040275c       0x18 /home/alex/Desktop/chipStuff/freedom-e-sdk/bsp/freedom-e310-arty/install/lib/debug//libmetal.a(riscv_cpu.o)
                0x000000002040275c                __metal_default_exception_handler
 .text.__metal_default_interrupt_handler
                0x0000000020402774       0x18 /home/alex/Desktop/chipStuff/freedom-e-sdk/bsp/freedom-e310-arty/install/lib/debug//libmetal.a(riscv_cpu.o)
                0x0000000020402774                __metal_default_interrupt_handler
 .text.metal_interrupt_vector_handler
                0x000000002040278c       0x2e /home/alex/Desktop/chipStuff/freedom-e-sdk/bsp/freedom-e310-arty/install/lib/debug//libmetal.a(riscv_cpu.o)
                0x000000002040278c                metal_interrupt_vector_handler
 .text.metal_software_interrupt_vector_handler
                0x00000000204027ba       0x92 /home/alex/Desktop/chipStuff/freedom-e-sdk/bsp/freedom-e310-arty/install/lib/debug//libmetal.a(riscv_cpu.o)
                0x00000000204027ba                metal_software_interrupt_vector_handler
 .text.__metal_default_sw_handler
                0x000000002040284c       0x68 /home/alex/Desktop/chipStuff/freedom-e-sdk/bsp/freedom-e310-arty/install/lib/debug//libmetal.a(riscv_cpu.o)
                0x000000002040284c                __metal_default_sw_handler
 .text.metal_timer_interrupt_vector_handler
                0x00000000204028b4       0x92 /home/alex/Desktop/chipStuff/freedom-e-sdk/bsp/freedom-e310-arty/install/lib/debug//libmetal.a(riscv_cpu.o)
                0x00000000204028b4                metal_timer_interrupt_vector_handler
 .text.__metal_default_beu_handler
                0x0000000020402946       0x16 /home/alex/Desktop/chipStuff/freedom-e-sdk/bsp/freedom-e310-arty/install/lib/debug//libmetal.a(riscv_cpu.o)
                0x0000000020402946                __metal_default_beu_handler
 .text.__metal_default_timer_handler
                0x000000002040295c       0x66 /home/alex/Desktop/chipStuff/freedom-e-sdk/bsp/freedom-e310-arty/install/lib/debug//libmetal.a(riscv_cpu.o)
                0x000000002040295c                __metal_default_timer_handler
 *fill*         0x00000000204029c2       0x3e 
 .text.__metal_exception_handler
                0x0000000020402a00      0x1fa /home/alex/Desktop/chipStuff/freedom-e-sdk/bsp/freedom-e310-arty/install/lib/debug//libmetal.a(riscv_cpu.o)
                0x0000000020402a00                __metal_exception_handler
 .text.metal_lc0_interrupt_vector_handler
                0x0000000020402bfa       0x96 /home/alex/Desktop/chipStuff/freedom-e-sdk/bsp/freedom-e310-arty/install/lib/debug//libmetal.a(riscv_cpu.o)
                0x0000000020402bfa                metal_lc0_interrupt_vector_handler
 .text.metal_lc1_interrupt_vector_handler
                0x0000000020402c90       0x96 /home/alex/Desktop/chipStuff/freedom-e-sdk/bsp/freedom-e310-arty/install/lib/debug//libmetal.a(riscv_cpu.o)
                0x0000000020402c90                metal_lc1_interrupt_vector_handler
 .text.metal_lc2_interrupt_vector_handler
                0x0000000020402d26       0x96 /home/alex/Desktop/chipStuff/freedom-e-sdk/bsp/freedom-e310-arty/install/lib/debug//libmetal.a(riscv_cpu.o)
                0x0000000020402d26                metal_lc2_interrupt_vector_handler
 .text.metal_lc3_interrupt_vector_handler
                0x0000000020402dbc       0x96 /home/alex/Desktop/chipStuff/freedom-e-sdk/bsp/freedom-e310-arty/install/lib/debug//libmetal.a(riscv_cpu.o)
                0x0000000020402dbc                metal_lc3_interrupt_vector_handler
 .text.metal_lc4_interrupt_vector_handler
                0x0000000020402e52       0x96 /home/alex/Desktop/chipStuff/freedom-e-sdk/bsp/freedom-e310-arty/install/lib/debug//libmetal.a(riscv_cpu.o)
                0x0000000020402e52                metal_lc4_interrupt_vector_handler
 .text.metal_lc5_interrupt_vector_handler
                0x0000000020402ee8       0x96 /home/alex/Desktop/chipStuff/freedom-e-sdk/bsp/freedom-e310-arty/install/lib/debug//libmetal.a(riscv_cpu.o)
                0x0000000020402ee8                metal_lc5_interrupt_vector_handler
 .text.metal_lc6_interrupt_vector_handler
                0x0000000020402f7e       0x96 /home/alex/Desktop/chipStuff/freedom-e-sdk/bsp/freedom-e310-arty/install/lib/debug//libmetal.a(riscv_cpu.o)
                0x0000000020402f7e                metal_lc6_interrupt_vector_handler
 .text.metal_lc7_interrupt_vector_handler
                0x0000000020403014       0x96 /home/alex/Desktop/chipStuff/freedom-e-sdk/bsp/freedom-e310-arty/install/lib/debug//libmetal.a(riscv_cpu.o)
                0x0000000020403014                metal_lc7_interrupt_vector_handler
 .text.metal_lc8_interrupt_vector_handler
                0x00000000204030aa       0x96 /home/alex/Desktop/chipStuff/freedom-e-sdk/bsp/freedom-e310-arty/install/lib/debug//libmetal.a(riscv_cpu.o)
                0x00000000204030aa                metal_lc8_interrupt_vector_handler
 .text.metal_lc9_interrupt_vector_handler
                0x0000000020403140       0x96 /home/alex/Desktop/chipStuff/freedom-e-sdk/bsp/freedom-e310-arty/install/lib/debug//libmetal.a(riscv_cpu.o)
                0x0000000020403140                metal_lc9_interrupt_vector_handler
 .text.metal_lc10_interrupt_vector_handler
                0x00000000204031d6       0x96 /home/alex/Desktop/chipStuff/freedom-e-sdk/bsp/freedom-e310-arty/install/lib/debug//libmetal.a(riscv_cpu.o)
                0x00000000204031d6                metal_lc10_interrupt_vector_handler
 .text.metal_lc11_interrupt_vector_handler
                0x000000002040326c       0x96 /home/alex/Desktop/chipStuff/freedom-e-sdk/bsp/freedom-e310-arty/install/lib/debug//libmetal.a(riscv_cpu.o)
                0x000000002040326c                metal_lc11_interrupt_vector_handler
 .text.metal_lc12_interrupt_vector_handler
                0x0000000020403302       0x96 /home/alex/Desktop/chipStuff/freedom-e-sdk/bsp/freedom-e310-arty/install/lib/debug//libmetal.a(riscv_cpu.o)
                0x0000000020403302                metal_lc12_interrupt_vector_handler
 .text.metal_lc13_interrupt_vector_handler
                0x0000000020403398       0x96 /home/alex/Desktop/chipStuff/freedom-e-sdk/bsp/freedom-e310-arty/install/lib/debug//libmetal.a(riscv_cpu.o)
                0x0000000020403398                metal_lc13_interrupt_vector_handler
 .text.metal_lc14_interrupt_vector_handler
                0x000000002040342e       0x96 /home/alex/Desktop/chipStuff/freedom-e-sdk/bsp/freedom-e310-arty/install/lib/debug//libmetal.a(riscv_cpu.o)
                0x000000002040342e                metal_lc14_interrupt_vector_handler
 .text.metal_lc15_interrupt_vector_handler
                0x00000000204034c4       0x96 /home/alex/Desktop/chipStuff/freedom-e-sdk/bsp/freedom-e310-arty/install/lib/debug//libmetal.a(riscv_cpu.o)
                0x00000000204034c4                metal_lc15_interrupt_vector_handler
 .text.__metal_controller_interrupt_vector_mode
                0x000000002040355a       0x58 /home/alex/Desktop/chipStuff/freedom-e-sdk/bsp/freedom-e310-arty/install/lib/debug//libmetal.a(riscv_cpu.o)
                0x000000002040355a                __metal_controller_interrupt_vector_mode
 .text.__metal_controller_interrupt_vector
                0x00000000204035b2       0xb2 /home/alex/Desktop/chipStuff/freedom-e-sdk/bsp/freedom-e310-arty/install/lib/debug//libmetal.a(riscv_cpu.o)
                0x00000000204035b2                __metal_controller_interrupt_vector
 .text.__metal_valid_interrupt_id
                0x0000000020403664       0x58 /home/alex/Desktop/chipStuff/freedom-e-sdk/bsp/freedom-e310-arty/install/lib/debug//libmetal.a(riscv_cpu.o)
                0x0000000020403664                __metal_valid_interrupt_id
 .text.__metal_local_interrupt_enable
                0x00000000204036bc       0xbc /home/alex/Desktop/chipStuff/freedom-e-sdk/bsp/freedom-e310-arty/install/lib/debug//libmetal.a(riscv_cpu.o)
                0x00000000204036bc                __metal_local_interrupt_enable
 .text.__metal_exception_register
                0x0000000020403778       0x4e /home/alex/Desktop/chipStuff/freedom-e-sdk/bsp/freedom-e310-arty/install/lib/debug//libmetal.a(riscv_cpu.o)
                0x0000000020403778                __metal_exception_register
 .text.__metal_driver_riscv_cpu_controller_interrupt_init
                0x00000000204037c6       0xe2 /home/alex/Desktop/chipStuff/freedom-e-sdk/bsp/freedom-e310-arty/install/lib/debug//libmetal.a(riscv_cpu.o)
                0x00000000204037c6                __metal_driver_riscv_cpu_controller_interrupt_init
 .text.__metal_driver_riscv_cpu_controller_interrupt_register
                0x00000000204038a8      0x1e0 /home/alex/Desktop/chipStuff/freedom-e-sdk/bsp/freedom-e310-arty/install/lib/debug//libmetal.a(riscv_cpu.o)
                0x00000000204038a8                __metal_driver_riscv_cpu_controller_interrupt_register
 .text.__metal_driver_riscv_cpu_controller_interrupt_enable
                0x0000000020403a88       0x2c /home/alex/Desktop/chipStuff/freedom-e-sdk/bsp/freedom-e310-arty/install/lib/debug//libmetal.a(riscv_cpu.o)
                0x0000000020403a88                __metal_driver_riscv_cpu_controller_interrupt_enable
 .text.__metal_driver_riscv_cpu_controller_interrupt_disable
                0x0000000020403ab4       0x2c /home/alex/Desktop/chipStuff/freedom-e-sdk/bsp/freedom-e310-arty/install/lib/debug//libmetal.a(riscv_cpu.o)
                0x0000000020403ab4                __metal_driver_riscv_cpu_controller_interrupt_disable
 .text.__metal_driver_riscv_cpu_controller_get_vector_mode
                0x0000000020403ae0       0x1c /home/alex/Desktop/chipStuff/freedom-e-sdk/bsp/freedom-e310-arty/install/lib/debug//libmetal.a(riscv_cpu.o)
                0x0000000020403ae0                __metal_driver_riscv_cpu_controller_get_vector_mode
 .text.__metal_driver_riscv_cpu_controller_set_vector_mode
                0x0000000020403afc       0x54 /home/alex/Desktop/chipStuff/freedom-e-sdk/bsp/freedom-e310-arty/install/lib/debug//libmetal.a(riscv_cpu.o)
                0x0000000020403afc                __metal_driver_riscv_cpu_controller_set_vector_mode
 .text.__metal_driver_riscv_cpu_controller_command_request
                0x0000000020403b50       0x1c /home/alex/Desktop/chipStuff/freedom-e-sdk/bsp/freedom-e310-arty/install/lib/debug//libmetal.a(riscv_cpu.o)
                0x0000000020403b50                __metal_driver_riscv_cpu_controller_command_request
 .text.__metal_driver_cpu_mcycle_get
                0x0000000020403b6c       0x70 /home/alex/Desktop/chipStuff/freedom-e-sdk/bsp/freedom-e310-arty/install/lib/debug//libmetal.a(riscv_cpu.o)
                0x0000000020403b6c                __metal_driver_cpu_mcycle_get
 .text.__metal_driver_cpu_timebase_get
                0x0000000020403bdc       0x46 /home/alex/Desktop/chipStuff/freedom-e-sdk/bsp/freedom-e310-arty/install/lib/debug//libmetal.a(riscv_cpu.o)
                0x0000000020403bdc                __metal_driver_cpu_timebase_get
 .text.__metal_driver_cpu_mtime_get
                0x0000000020403c22       0x66 /home/alex/Desktop/chipStuff/freedom-e-sdk/bsp/freedom-e310-arty/install/lib/debug//libmetal.a(riscv_cpu.o)
                0x0000000020403c22                __metal_driver_cpu_mtime_get
 .text.__metal_driver_cpu_mtimecmp_set
                0x0000000020403c88       0x76 /home/alex/Desktop/chipStuff/freedom-e-sdk/bsp/freedom-e310-arty/install/lib/debug//libmetal.a(riscv_cpu.o)
                0x0000000020403c88                __metal_driver_cpu_mtimecmp_set
 .text.__metal_driver_cpu_timer_controller_interrupt
                0x0000000020403cfe       0x16 /home/alex/Desktop/chipStuff/freedom-e-sdk/bsp/freedom-e310-arty/install/lib/debug//libmetal.a(riscv_cpu.o)
                0x0000000020403cfe                __metal_driver_cpu_timer_controller_interrupt
 .text.__metal_driver_cpu_get_timer_interrupt_id
                0x0000000020403d14       0x14 /home/alex/Desktop/chipStuff/freedom-e-sdk/bsp/freedom-e310-arty/install/lib/debug//libmetal.a(riscv_cpu.o)
                0x0000000020403d14                __metal_driver_cpu_get_timer_interrupt_id
 .text.__metal_driver_cpu_sw_controller_interrupt
                0x0000000020403d28       0x16 /home/alex/Desktop/chipStuff/freedom-e-sdk/bsp/freedom-e310-arty/install/lib/debug//libmetal.a(riscv_cpu.o)
                0x0000000020403d28                __metal_driver_cpu_sw_controller_interrupt
 .text.__metal_driver_cpu_get_sw_interrupt_id
                0x0000000020403d3e       0x14 /home/alex/Desktop/chipStuff/freedom-e-sdk/bsp/freedom-e310-arty/install/lib/debug//libmetal.a(riscv_cpu.o)
                0x0000000020403d3e                __metal_driver_cpu_get_sw_interrupt_id
 .text.__metal_driver_cpu_set_sw_ipi
                0x0000000020403d52       0x62 /home/alex/Desktop/chipStuff/freedom-e-sdk/bsp/freedom-e310-arty/install/lib/debug//libmetal.a(riscv_cpu.o)
                0x0000000020403d52                __metal_driver_cpu_set_sw_ipi
 .text.__metal_driver_cpu_clear_sw_ipi
                0x0000000020403db4       0x62 /home/alex/Desktop/chipStuff/freedom-e-sdk/bsp/freedom-e310-arty/install/lib/debug//libmetal.a(riscv_cpu.o)
                0x0000000020403db4                __metal_driver_cpu_clear_sw_ipi
 .text.__metal_driver_cpu_get_msip
                0x0000000020403e16       0x60 /home/alex/Desktop/chipStuff/freedom-e-sdk/bsp/freedom-e310-arty/install/lib/debug//libmetal.a(riscv_cpu.o)
                0x0000000020403e16                __metal_driver_cpu_get_msip
 .text.__metal_driver_cpu_controller_interrupt
                0x0000000020403e76       0x20 /home/alex/Desktop/chipStuff/freedom-e-sdk/bsp/freedom-e310-arty/install/lib/debug//libmetal.a(riscv_cpu.o)
                0x0000000020403e76                __metal_driver_cpu_controller_interrupt
 .text.__metal_driver_cpu_exception_register
                0x0000000020403e96       0x46 /home/alex/Desktop/chipStuff/freedom-e-sdk/bsp/freedom-e310-arty/install/lib/debug//libmetal.a(riscv_cpu.o)
                0x0000000020403e96                __metal_driver_cpu_exception_register
 .text.__metal_driver_cpu_get_instruction_length
                0x0000000020403edc       0x2e /home/alex/Desktop/chipStuff/freedom-e-sdk/bsp/freedom-e310-arty/install/lib/debug//libmetal.a(riscv_cpu.o)
                0x0000000020403edc                __metal_driver_cpu_get_instruction_length
 .text.__metal_driver_cpu_get_exception_pc
                0x0000000020403f0a       0x1e /home/alex/Desktop/chipStuff/freedom-e-sdk/bsp/freedom-e310-arty/install/lib/debug//libmetal.a(riscv_cpu.o)
                0x0000000020403f0a                __metal_driver_cpu_get_exception_pc
 .text.__metal_driver_cpu_set_exception_pc
                0x0000000020403f28       0x20 /home/alex/Desktop/chipStuff/freedom-e-sdk/bsp/freedom-e310-arty/install/lib/debug//libmetal.a(riscv_cpu.o)
                0x0000000020403f28                __metal_driver_cpu_set_exception_pc
 .text.__metal_driver_cpu_get_buserror
                0x0000000020403f48       0x20 /home/alex/Desktop/chipStuff/freedom-e-sdk/bsp/freedom-e310-arty/install/lib/debug//libmetal.a(riscv_cpu.o)
                0x0000000020403f48                __metal_driver_cpu_get_buserror
 .text.__metal_driver_sifive_plic0_control_base
                0x0000000020403f68       0x2a /home/alex/Desktop/chipStuff/freedom-e-sdk/bsp/freedom-e310-arty/install/lib/debug//libmetal.a(riscv_plic0.o)
 .text.__metal_driver_sifive_plic0_num_interrupts
                0x0000000020403f92       0x28 /home/alex/Desktop/chipStuff/freedom-e-sdk/bsp/freedom-e310-arty/install/lib/debug//libmetal.a(riscv_plic0.o)
 .text.__metal_driver_sifive_plic0_max_priority
                0x0000000020403fba       0x28 /home/alex/Desktop/chipStuff/freedom-e-sdk/bsp/freedom-e310-arty/install/lib/debug//libmetal.a(riscv_plic0.o)
 .text.__metal_driver_sifive_plic0_interrupt_parents
                0x0000000020403fe2       0x28 /home/alex/Desktop/chipStuff/freedom-e-sdk/bsp/freedom-e310-arty/install/lib/debug//libmetal.a(riscv_plic0.o)
 .text.__metal_driver_sifive_plic0_interrupt_lines
                0x000000002040400a       0x22 /home/alex/Desktop/chipStuff/freedom-e-sdk/bsp/freedom-e310-arty/install/lib/debug//libmetal.a(riscv_plic0.o)
 .text.__metal_driver_sifive_plic0_context_ids
                0x000000002040402c       0x1e /home/alex/Desktop/chipStuff/freedom-e-sdk/bsp/freedom-e310-arty/install/lib/debug//libmetal.a(riscv_plic0.o)
 .text.__metal_plic0_claim_interrupt
                0x000000002040404a       0x3c /home/alex/Desktop/chipStuff/freedom-e-sdk/bsp/freedom-e310-arty/install/lib/debug//libmetal.a(riscv_plic0.o)
                0x000000002040404a                __metal_plic0_claim_interrupt
 .text.__metal_plic0_complete_interrupt
                0x0000000020404086       0x46 /home/alex/Desktop/chipStuff/freedom-e-sdk/bsp/freedom-e310-arty/install/lib/debug//libmetal.a(riscv_plic0.o)
                0x0000000020404086                __metal_plic0_complete_interrupt
 .text.__metal_plic0_set_threshold
                0x00000000204040cc       0x46 /home/alex/Desktop/chipStuff/freedom-e-sdk/bsp/freedom-e310-arty/install/lib/debug//libmetal.a(riscv_plic0.o)
                0x00000000204040cc                __metal_plic0_set_threshold
 .text.__metal_plic0_get_threshold
                0x0000000020404112       0x3a /home/alex/Desktop/chipStuff/freedom-e-sdk/bsp/freedom-e310-arty/install/lib/debug//libmetal.a(riscv_plic0.o)
                0x0000000020404112                __metal_plic0_get_threshold
 .text.__metal_driver_riscv_plic0_set_priority
                0x000000002040414c       0x62 /home/alex/Desktop/chipStuff/freedom-e-sdk/bsp/freedom-e310-arty/install/lib/debug//libmetal.a(riscv_plic0.o)
                0x000000002040414c                __metal_driver_riscv_plic0_set_priority
 .text.__metal_driver_riscv_plic0_get_priority
                0x00000000204041ae       0x34 /home/alex/Desktop/chipStuff/freedom-e-sdk/bsp/freedom-e310-arty/install/lib/debug//libmetal.a(riscv_plic0.o)
                0x00000000204041ae                __metal_driver_riscv_plic0_get_priority
 .text.__metal_plic0_enable
                0x00000000204041e2       0xa2 /home/alex/Desktop/chipStuff/freedom-e-sdk/bsp/freedom-e310-arty/install/lib/debug//libmetal.a(riscv_plic0.o)
                0x00000000204041e2                __metal_plic0_enable
 .text.__metal_plic0_default_handler
                0x0000000020404284       0x18 /home/alex/Desktop/chipStuff/freedom-e-sdk/bsp/freedom-e310-arty/install/lib/debug//libmetal.a(riscv_plic0.o)
                0x0000000020404284                __metal_plic0_default_handler
 .text.__metal_plic0_handler
                0x000000002040429c       0xa4 /home/alex/Desktop/chipStuff/freedom-e-sdk/bsp/freedom-e310-arty/install/lib/debug//libmetal.a(riscv_plic0.o)
                0x000000002040429c                __metal_plic0_handler
 .text.__metal_driver_riscv_plic0_init
                0x0000000020404340      0x158 /home/alex/Desktop/chipStuff/freedom-e-sdk/bsp/freedom-e310-arty/install/lib/debug//libmetal.a(riscv_plic0.o)
                0x0000000020404340                __metal_driver_riscv_plic0_init
 .text.__metal_driver_riscv_plic0_register
                0x0000000020404498       0xc2 /home/alex/Desktop/chipStuff/freedom-e-sdk/bsp/freedom-e310-arty/install/lib/debug//libmetal.a(riscv_plic0.o)
                0x0000000020404498                __metal_driver_riscv_plic0_register
 .text.__metal_driver_riscv_plic0_enable
                0x000000002040455a       0x50 /home/alex/Desktop/chipStuff/freedom-e-sdk/bsp/freedom-e310-arty/install/lib/debug//libmetal.a(riscv_plic0.o)
                0x000000002040455a                __metal_driver_riscv_plic0_enable
 .text.__metal_driver_riscv_plic0_disable
                0x00000000204045aa       0x50 /home/alex/Desktop/chipStuff/freedom-e-sdk/bsp/freedom-e310-arty/install/lib/debug//libmetal.a(riscv_plic0.o)
                0x00000000204045aa                __metal_driver_riscv_plic0_disable
 .text.__metal_driver_riscv_plic0_set_threshold
                0x00000000204045fa       0x30 /home/alex/Desktop/chipStuff/freedom-e-sdk/bsp/freedom-e310-arty/install/lib/debug//libmetal.a(riscv_plic0.o)
                0x00000000204045fa                __metal_driver_riscv_plic0_set_threshold
 .text.__metal_driver_riscv_plic0_get_threshold
                0x000000002040462a       0x28 /home/alex/Desktop/chipStuff/freedom-e-sdk/bsp/freedom-e310-arty/install/lib/debug//libmetal.a(riscv_plic0.o)
                0x000000002040462a                __metal_driver_riscv_plic0_get_threshold
 .text.__metal_driver_riscv_plic0_affinity_enable
                0x0000000020404652       0x9c /home/alex/Desktop/chipStuff/freedom-e-sdk/bsp/freedom-e310-arty/install/lib/debug//libmetal.a(riscv_plic0.o)
                0x0000000020404652                __metal_driver_riscv_plic0_affinity_enable
 .text.__metal_driver_riscv_plic0_affinity_disable
                0x00000000204046ee       0x9c /home/alex/Desktop/chipStuff/freedom-e-sdk/bsp/freedom-e310-arty/install/lib/debug//libmetal.a(riscv_plic0.o)
                0x00000000204046ee                __metal_driver_riscv_plic0_affinity_disable
 .text.__metal_driver_riscv_plic0_affinity_set_threshold
                0x000000002040478a       0x74 /home/alex/Desktop/chipStuff/freedom-e-sdk/bsp/freedom-e310-arty/install/lib/debug//libmetal.a(riscv_plic0.o)
                0x000000002040478a                __metal_driver_riscv_plic0_affinity_set_threshold
 .text.__metal_driver_riscv_plic0_affinity_get_threshold
                0x00000000204047fe       0x28 /home/alex/Desktop/chipStuff/freedom-e-sdk/bsp/freedom-e310-arty/install/lib/debug//libmetal.a(riscv_plic0.o)
                0x00000000204047fe                __metal_driver_riscv_plic0_affinity_get_threshold
 .text.__metal_driver_sifive_gpio0_base
                0x0000000020404826       0x26 /home/alex/Desktop/chipStuff/freedom-e-sdk/bsp/freedom-e310-arty/install/lib/debug//libmetal.a(sifive_gpio0.o)
 .text.__metal_driver_sifive_gpio0_interrupt_parent
                0x000000002040484c       0x2a /home/alex/Desktop/chipStuff/freedom-e-sdk/bsp/freedom-e310-arty/install/lib/debug//libmetal.a(sifive_gpio0.o)
 .text.__metal_driver_sifive_gpio0_interrupt_lines
                0x0000000020404876      0x1b4 /home/alex/Desktop/chipStuff/freedom-e-sdk/bsp/freedom-e310-arty/install/lib/debug//libmetal.a(sifive_gpio0.o)
 .text.__metal_driver_sifive_gpio0_enable_input
                0x0000000020404a2a       0x3e /home/alex/Desktop/chipStuff/freedom-e-sdk/bsp/freedom-e310-arty/install/lib/debug//libmetal.a(sifive_gpio0.o)
                0x0000000020404a2a                __metal_driver_sifive_gpio0_enable_input
 .text.__metal_driver_sifive_gpio0_disable_input
                0x0000000020404a68       0x44 /home/alex/Desktop/chipStuff/freedom-e-sdk/bsp/freedom-e310-arty/install/lib/debug//libmetal.a(sifive_gpio0.o)
                0x0000000020404a68                __metal_driver_sifive_gpio0_disable_input
 .text.__metal_driver_sifive_gpio0_input
                0x0000000020404aac       0x2a /home/alex/Desktop/chipStuff/freedom-e-sdk/bsp/freedom-e310-arty/install/lib/debug//libmetal.a(sifive_gpio0.o)
                0x0000000020404aac                __metal_driver_sifive_gpio0_input
 .text.__metal_driver_sifive_gpio0_output
                0x0000000020404ad6       0x2c /home/alex/Desktop/chipStuff/freedom-e-sdk/bsp/freedom-e310-arty/install/lib/debug//libmetal.a(sifive_gpio0.o)
                0x0000000020404ad6                __metal_driver_sifive_gpio0_output
 .text.__metal_driver_sifive_gpio0_disable_output
                0x0000000020404b02       0x46 /home/alex/Desktop/chipStuff/freedom-e-sdk/bsp/freedom-e310-arty/install/lib/debug//libmetal.a(sifive_gpio0.o)
                0x0000000020404b02                __metal_driver_sifive_gpio0_disable_output
 .text.__metal_driver_sifive_gpio0_enable_output
                0x0000000020404b48       0x40 /home/alex/Desktop/chipStuff/freedom-e-sdk/bsp/freedom-e310-arty/install/lib/debug//libmetal.a(sifive_gpio0.o)
                0x0000000020404b48                __metal_driver_sifive_gpio0_enable_output
 .text.__metal_driver_sifive_gpio0_output_set
                0x0000000020404b88       0x40 /home/alex/Desktop/chipStuff/freedom-e-sdk/bsp/freedom-e310-arty/install/lib/debug//libmetal.a(sifive_gpio0.o)
                0x0000000020404b88                __metal_driver_sifive_gpio0_output_set
 .text.__metal_driver_sifive_gpio0_output_clear
                0x0000000020404bc8       0x46 /home/alex/Desktop/chipStuff/freedom-e-sdk/bsp/freedom-e310-arty/install/lib/debug//libmetal.a(sifive_gpio0.o)
                0x0000000020404bc8                __metal_driver_sifive_gpio0_output_clear
 .text.__metal_driver_sifive_gpio0_output_toggle
                0x0000000020404c0e       0x40 /home/alex/Desktop/chipStuff/freedom-e-sdk/bsp/freedom-e310-arty/install/lib/debug//libmetal.a(sifive_gpio0.o)
                0x0000000020404c0e                __metal_driver_sifive_gpio0_output_toggle
 .text.__metal_driver_sifive_gpio0_enable_io
                0x0000000020404c4e       0x62 /home/alex/Desktop/chipStuff/freedom-e-sdk/bsp/freedom-e310-arty/install/lib/debug//libmetal.a(sifive_gpio0.o)
                0x0000000020404c4e                __metal_driver_sifive_gpio0_enable_io
 .text.__metal_driver_sifive_gpio0_disable_io
                0x0000000020404cb0       0x4a /home/alex/Desktop/chipStuff/freedom-e-sdk/bsp/freedom-e310-arty/install/lib/debug//libmetal.a(sifive_gpio0.o)
                0x0000000020404cb0                __metal_driver_sifive_gpio0_disable_io
 .text.__metal_driver_sifive_gpio0_config_int
                0x0000000020404cfa      0x206 /home/alex/Desktop/chipStuff/freedom-e-sdk/bsp/freedom-e310-arty/install/lib/debug//libmetal.a(sifive_gpio0.o)
                0x0000000020404cfa                __metal_driver_sifive_gpio0_config_int
 .text.__metal_driver_sifive_gpio0_clear_int
                0x0000000020404f00      0x188 /home/alex/Desktop/chipStuff/freedom-e-sdk/bsp/freedom-e310-arty/install/lib/debug//libmetal.a(sifive_gpio0.o)
                0x0000000020404f00                __metal_driver_sifive_gpio0_clear_int
 .text.__metal_driver_gpio_interrupt_controller
                0x0000000020405088       0x20 /home/alex/Desktop/chipStuff/freedom-e-sdk/bsp/freedom-e310-arty/install/lib/debug//libmetal.a(sifive_gpio0.o)
                0x0000000020405088                __metal_driver_gpio_interrupt_controller
 .text.__metal_driver_gpio_get_interrupt_id
                0x00000000204050a8       0x2e /home/alex/Desktop/chipStuff/freedom-e-sdk/bsp/freedom-e310-arty/install/lib/debug//libmetal.a(sifive_gpio0.o)
                0x00000000204050a8                __metal_driver_gpio_get_interrupt_id
 .text.__metal_driver_sifive_uart0_control_base
                0x00000000204050d6       0x2a /home/alex/Desktop/chipStuff/freedom-e-sdk/bsp/freedom-e310-arty/install/lib/debug//libmetal.a(sifive_uart0.o)
 .text.__metal_driver_sifive_uart0_interrupt_parent
                0x0000000020405100       0x2e /home/alex/Desktop/chipStuff/freedom-e-sdk/bsp/freedom-e310-arty/install/lib/debug//libmetal.a(sifive_uart0.o)
 .text.__metal_driver_sifive_uart0_interrupt_line
                0x000000002040512e       0x28 /home/alex/Desktop/chipStuff/freedom-e-sdk/bsp/freedom-e310-arty/install/lib/debug//libmetal.a(sifive_uart0.o)
 .text.__metal_driver_sifive_uart0_clock
                0x0000000020405156       0x2e /home/alex/Desktop/chipStuff/freedom-e-sdk/bsp/freedom-e310-arty/install/lib/debug//libmetal.a(sifive_uart0.o)
 .text.__metal_driver_sifive_uart0_pinmux
                0x0000000020405184       0x2a /home/alex/Desktop/chipStuff/freedom-e-sdk/bsp/freedom-e310-arty/install/lib/debug//libmetal.a(sifive_uart0.o)
 .text.__metal_driver_sifive_uart0_pinmux_output_selector
                0x00000000204051ae       0x28 /home/alex/Desktop/chipStuff/freedom-e-sdk/bsp/freedom-e310-arty/install/lib/debug//libmetal.a(sifive_uart0.o)
 .text.__metal_driver_sifive_uart0_pinmux_source_selector
                0x00000000204051d6       0x2a /home/alex/Desktop/chipStuff/freedom-e-sdk/bsp/freedom-e310-arty/install/lib/debug//libmetal.a(sifive_uart0.o)
 .text.__metal_driver_sifive_uart0_interrupt_controller
                0x0000000020405200       0x1e /home/alex/Desktop/chipStuff/freedom-e-sdk/bsp/freedom-e310-arty/install/lib/debug//libmetal.a(sifive_uart0.o)
                0x0000000020405200                __metal_driver_sifive_uart0_interrupt_controller
 .text.__metal_driver_sifive_uart0_get_interrupt_id
                0x000000002040521e       0x1e /home/alex/Desktop/chipStuff/freedom-e-sdk/bsp/freedom-e310-arty/install/lib/debug//libmetal.a(sifive_uart0.o)
                0x000000002040521e                __metal_driver_sifive_uart0_get_interrupt_id
 .text.__metal_driver_sifive_uart0_tx_interrupt_enable
                0x000000002040523c       0x38 /home/alex/Desktop/chipStuff/freedom-e-sdk/bsp/freedom-e310-arty/install/lib/debug//libmetal.a(sifive_uart0.o)
                0x000000002040523c                __metal_driver_sifive_uart0_tx_interrupt_enable
 .text.__metal_driver_sifive_uart0_tx_interrupt_disable
                0x0000000020405274       0x36 /home/alex/Desktop/chipStuff/freedom-e-sdk/bsp/freedom-e310-arty/install/lib/debug//libmetal.a(sifive_uart0.o)
                0x0000000020405274                __metal_driver_sifive_uart0_tx_interrupt_disable
 .text.__metal_driver_sifive_uart0_rx_interrupt_enable
                0x00000000204052aa       0x38 /home/alex/Desktop/chipStuff/freedom-e-sdk/bsp/freedom-e310-arty/install/lib/debug//libmetal.a(sifive_uart0.o)
                0x00000000204052aa                __metal_driver_sifive_uart0_rx_interrupt_enable
 .text.__metal_driver_sifive_uart0_rx_interrupt_disable
                0x00000000204052e2       0x38 /home/alex/Desktop/chipStuff/freedom-e-sdk/bsp/freedom-e310-arty/install/lib/debug//libmetal.a(sifive_uart0.o)
                0x00000000204052e2                __metal_driver_sifive_uart0_rx_interrupt_disable
 .text.__metal_driver_sifive_uart0_txready
                0x000000002040531a       0x30 /home/alex/Desktop/chipStuff/freedom-e-sdk/bsp/freedom-e310-arty/install/lib/debug//libmetal.a(sifive_uart0.o)
                0x000000002040531a                __metal_driver_sifive_uart0_txready
 .text.__metal_driver_sifive_uart0_set_tx_watermark
                0x000000002040534a       0x4a /home/alex/Desktop/chipStuff/freedom-e-sdk/bsp/freedom-e310-arty/install/lib/debug//libmetal.a(sifive_uart0.o)
                0x000000002040534a                __metal_driver_sifive_uart0_set_tx_watermark
 .text.__metal_driver_sifive_uart0_get_tx_watermark
                0x0000000020405394       0x30 /home/alex/Desktop/chipStuff/freedom-e-sdk/bsp/freedom-e310-arty/install/lib/debug//libmetal.a(sifive_uart0.o)
                0x0000000020405394                __metal_driver_sifive_uart0_get_tx_watermark
 .text.__metal_driver_sifive_uart0_set_rx_watermark
                0x00000000204053c4       0x4a /home/alex/Desktop/chipStuff/freedom-e-sdk/bsp/freedom-e310-arty/install/lib/debug//libmetal.a(sifive_uart0.o)
                0x00000000204053c4                __metal_driver_sifive_uart0_set_rx_watermark
 .text.__metal_driver_sifive_uart0_get_rx_watermark
                0x000000002040540e       0x30 /home/alex/Desktop/chipStuff/freedom-e-sdk/bsp/freedom-e310-arty/install/lib/debug//libmetal.a(sifive_uart0.o)
                0x000000002040540e                __metal_driver_sifive_uart0_get_rx_watermark
 .text.__metal_driver_sifive_uart0_putc
                0x000000002040543e       0x40 /home/alex/Desktop/chipStuff/freedom-e-sdk/bsp/freedom-e310-arty/install/lib/debug//libmetal.a(sifive_uart0.o)
                0x000000002040543e                __metal_driver_sifive_uart0_putc
 .text.__metal_driver_sifive_uart0_getc
                0x000000002040547e       0x56 /home/alex/Desktop/chipStuff/freedom-e-sdk/bsp/freedom-e310-arty/install/lib/debug//libmetal.a(sifive_uart0.o)
                0x000000002040547e                __metal_driver_sifive_uart0_getc
 .text.__metal_driver_sifive_uart0_get_baud_rate
                0x00000000204054d4       0x20 /home/alex/Desktop/chipStuff/freedom-e-sdk/bsp/freedom-e310-arty/install/lib/debug//libmetal.a(sifive_uart0.o)
                0x00000000204054d4                __metal_driver_sifive_uart0_get_baud_rate
 .text.__metal_driver_sifive_uart0_set_baud_rate
                0x00000000204054f4       0xa0 /home/alex/Desktop/chipStuff/freedom-e-sdk/bsp/freedom-e310-arty/install/lib/debug//libmetal.a(sifive_uart0.o)
                0x00000000204054f4                __metal_driver_sifive_uart0_set_baud_rate
 .text.pre_rate_change_callback_func
                0x0000000020405594       0xda /home/alex/Desktop/chipStuff/freedom-e-sdk/bsp/freedom-e310-arty/install/lib/debug//libmetal.a(sifive_uart0.o)
 .text.post_rate_change_callback_func
                0x000000002040566e       0x30 /home/alex/Desktop/chipStuff/freedom-e-sdk/bsp/freedom-e310-arty/install/lib/debug//libmetal.a(sifive_uart0.o)
 .text.__metal_driver_sifive_uart0_init
                0x000000002040569e       0xd2 /home/alex/Desktop/chipStuff/freedom-e-sdk/bsp/freedom-e310-arty/install/lib/debug//libmetal.a(sifive_uart0.o)
                0x000000002040569e                __metal_driver_sifive_uart0_init
 .text._metal_clock_append_to_callbacks
                0x0000000020405770       0x54 /home/alex/Desktop/chipStuff/freedom-e-sdk/bsp/freedom-e310-arty/install/lib/debug//libmetal.a(clock.o)
                0x0000000020405770                _metal_clock_append_to_callbacks
 .text.metal_clock_register_pre_rate_change_callback
                0x00000000204057c4       0x30 /home/alex/Desktop/chipStuff/freedom-e-sdk/bsp/freedom-e310-arty/install/lib/debug//libmetal.a(clock.o)
                0x00000000204057c4                metal_clock_register_pre_rate_change_callback
 .text.metal_clock_register_post_rate_change_callback
                0x00000000204057f4       0x30 /home/alex/Desktop/chipStuff/freedom-e-sdk/bsp/freedom-e310-arty/install/lib/debug//libmetal.a(clock.o)
                0x00000000204057f4                metal_clock_register_post_rate_change_callback
 .text.metal_shutdown
                0x0000000020405824        0xe /home/alex/Desktop/chipStuff/freedom-e-sdk/bsp/freedom-e310-arty/install/lib/debug//libmetal.a(shutdown.o)
                0x0000000020405824                metal_shutdown
 *fill*         0x0000000020405832       0x4e 
 .text          0x0000000020405880       0x80 /home/alex/Desktop/chipStuff/freedom-e-sdk/bsp/freedom-e310-arty/install/lib/debug//libmetal.a(vector.o)
                0x0000000020405880                __metal_vector_table
 .text.__metal_driver_fixed_clock_rate
                0x0000000020405900       0x2e /home/alex/Desktop/chipStuff/freedom-e-sdk/bsp/freedom-e310-arty/install/lib/debug//libmetal.a(fixed-clock.o)
 .text.__metal_driver_fixed_clock_get_rate_hz
                0x000000002040592e       0x1e /home/alex/Desktop/chipStuff/freedom-e-sdk/bsp/freedom-e310-arty/install/lib/debug//libmetal.a(fixed-clock.o)
                0x000000002040592e                __metal_driver_fixed_clock_get_rate_hz
 .text.__metal_driver_fixed_clock_set_rate_hz
                0x000000002040594c       0x22 /home/alex/Desktop/chipStuff/freedom-e-sdk/bsp/freedom-e310-arty/install/lib/debug//libmetal.a(fixed-clock.o)
                0x000000002040594c                __metal_driver_fixed_clock_set_rate_hz
 .text._close   0x000000002040596e       0x22 /home/alex/Desktop/chipStuff/freedom-e-sdk/bsp/freedom-e310-arty/install/lib/debug//libmetal-gloss.a(sys_close.o)
                0x000000002040596e                _close
 .text._fstat   0x0000000020405990       0x26 /home/alex/Desktop/chipStuff/freedom-e-sdk/bsp/freedom-e310-arty/install/lib/debug//libmetal-gloss.a(sys_fstat.o)
                0x0000000020405990                _fstat
 .text._isatty  0x00000000204059b6       0x20 /home/alex/Desktop/chipStuff/freedom-e-sdk/bsp/freedom-e310-arty/install/lib/debug//libmetal-gloss.a(sys_isatty.o)
                0x00000000204059b6                _isatty
 .text._lseek   0x00000000204059d6       0x2a /home/alex/Desktop/chipStuff/freedom-e-sdk/bsp/freedom-e310-arty/install/lib/debug//libmetal-gloss.a(sys_lseek.o)
                0x00000000204059d6                _lseek
 .text._read    0x0000000020405a00       0x2a /home/alex/Desktop/chipStuff/freedom-e-sdk/bsp/freedom-e310-arty/install/lib/debug//libmetal-gloss.a(sys_read.o)
                0x0000000020405a00                _read
 .text._sbrk    0x0000000020405a2a       0x6a /home/alex/Desktop/chipStuff/freedom-e-sdk/bsp/freedom-e310-arty/install/lib/debug//libmetal-gloss.a(sys_sbrk.o)
                0x0000000020405a2a                _sbrk
 .text._write   0x0000000020405a94       0x70 /home/alex/Desktop/chipStuff/freedom-e-sdk/bsp/freedom-e310-arty/install/lib/debug//libmetal-gloss.a(sys_write.o)
                0x0000000020405a94                write
                0x0000000020405a94                _write
 .text.atexit   0x0000000020405b04        0xa /home/alex/Desktop/chipStuff/riscv_tools/riscv64-unknown-elf-gcc-10.1.0-2020.07.0-x86_64-linux-ubuntu14/bin/../lib/gcc/riscv64-unknown-elf/10.1.0/../../../../riscv64-unknown-elf/lib/rv32imac/ilp32/libc_nano.a(lib_a-atexit.o)
                0x0000000020405b04                atexit
 .text.__errno  0x0000000020405b0e        0xa /home/alex/Desktop/chipStuff/riscv_tools/riscv64-unknown-elf-gcc-10.1.0-2020.07.0-x86_64-linux-ubuntu14/bin/../lib/gcc/riscv64-unknown-elf/10.1.0/../../../../riscv64-unknown-elf/lib/rv32imac/ilp32/libc_nano.a(lib_a-errno.o)
                0x0000000020405b0e                __errno
 .text.exit     0x0000000020405b18       0x28 /home/alex/Desktop/chipStuff/riscv_tools/riscv64-unknown-elf-gcc-10.1.0-2020.07.0-x86_64-linux-ubuntu14/bin/../lib/gcc/riscv64-unknown-elf/10.1.0/../../../../riscv64-unknown-elf/lib/rv32imac/ilp32/libc_nano.a(lib_a-exit.o)
                0x0000000020405b18                exit
 .text.__libc_fini_array
                0x0000000020405b40       0x36 /home/alex/Desktop/chipStuff/riscv_tools/riscv64-unknown-elf-gcc-10.1.0-2020.07.0-x86_64-linux-ubuntu14/bin/../lib/gcc/riscv64-unknown-elf/10.1.0/../../../../riscv64-unknown-elf/lib/rv32imac/ilp32/libc_nano.a(lib_a-fini.o)
                0x0000000020405b40                __libc_fini_array
 .text.__libc_init_array
                0x0000000020405b76       0x5e /home/alex/Desktop/chipStuff/riscv_tools/riscv64-unknown-elf-gcc-10.1.0-2020.07.0-x86_64-linux-ubuntu14/bin/../lib/gcc/riscv64-unknown-elf/10.1.0/../../../../riscv64-unknown-elf/lib/rv32imac/ilp32/libc_nano.a(lib_a-init.o)
                0x0000000020405b76                __libc_init_array
 .text.__register_exitproc
                0x0000000020405bd4       0x78 /home/alex/Desktop/chipStuff/riscv_tools/riscv64-unknown-elf-gcc-10.1.0-2020.07.0-x86_64-linux-ubuntu14/bin/../lib/gcc/riscv64-unknown-elf/10.1.0/../../../../riscv64-unknown-elf/lib/rv32imac/ilp32/libc_nano.a(lib_a-__atexit.o)
                0x0000000020405bd4                __register_exitproc
 .text.__call_exitprocs
                0x0000000020405c4c       0xc8 /home/alex/Desktop/chipStuff/riscv_tools/riscv64-unknown-elf-gcc-10.1.0-2020.07.0-x86_64-linux-ubuntu14/bin/../lib/gcc/riscv64-unknown-elf/10.1.0/../../../../riscv64-unknown-elf/lib/rv32imac/ilp32/libc_nano.a(lib_a-__call_atexit.o)
                0x0000000020405c4c                __call_exitprocs
 .text.metal_init
                0x0000000020405d14       0x78 /home/alex/Desktop/chipStuff/freedom-e-sdk/bsp/freedom-e310-arty/install/lib/debug//libmetal.a(init.o)
                0x0000000020405d14                metal_init
 .text.metal_fini
                0x0000000020405d8c       0x78 /home/alex/Desktop/chipStuff/freedom-e-sdk/bsp/freedom-e310-arty/install/lib/debug//libmetal.a(init.o)
                0x0000000020405d8c                metal_fini
 .text.metal_init_run
                0x0000000020405e04       0x14 /home/alex/Desktop/chipStuff/freedom-e-sdk/bsp/freedom-e310-arty/install/lib/debug//libmetal.a(init.o)
                0x0000000020405e04                metal_init_run
 .text.metal_fini_run
                0x0000000020405e18       0x14 /home/alex/Desktop/chipStuff/freedom-e-sdk/bsp/freedom-e310-arty/install/lib/debug//libmetal.a(init.o)
                0x0000000020405e18                metal_fini_run
 .text._exit    0x0000000020405e2c       0x14 /home/alex/Desktop/chipStuff/freedom-e-sdk/bsp/freedom-e310-arty/install/lib/debug//libmetal-gloss.a(sys_exit.o)
                0x0000000020405e2c                _exit
 *(.gnu.linkonce.t.*)

.rela.dyn       0x0000000020405e40        0x0
 .rela.text.metal_cpu_get
                0x0000000020405e40        0x0 /tmp/ccZoIqcL.o
 .rela.text.metal.init.enter
                0x0000000020405e40        0x0 /tmp/ccZoIqcL.o
 .rela.text.metal.init.scrub
                0x0000000020405e40        0x0 /tmp/ccZoIqcL.o
 .rela.text.metal_gpio_get_device
                0x0000000020405e40        0x0 /tmp/ccZoIqcL.o
 .rela.text.__metal_driver_cpu_get
                0x0000000020405e40        0x0 /tmp/ccZoIqcL.o
 .rela.text.metal_software_interrupt_vector_handler
                0x0000000020405e40        0x0 /tmp/ccZoIqcL.o
 .rela.text.__metal_default_sw_handler
                0x0000000020405e40        0x0 /tmp/ccZoIqcL.o
 .rela.text.metal_timer_interrupt_vector_handler
                0x0000000020405e40        0x0 /tmp/ccZoIqcL.o
 .rela.text.__metal_exception_handler
                0x0000000020405e40        0x0 /tmp/ccZoIqcL.o
 .rela.text.metal_lc0_interrupt_vector_handler
                0x0000000020405e40        0x0 /tmp/ccZoIqcL.o
 .rela.text.metal_lc1_interrupt_vector_handler
                0x0000000020405e40        0x0 /tmp/ccZoIqcL.o
 .rela.text.metal_lc2_interrupt_vector_handler
                0x0000000020405e40        0x0 /tmp/ccZoIqcL.o
 .rela.text.metal_lc3_interrupt_vector_handler
                0x0000000020405e40        0x0 /tmp/ccZoIqcL.o
 .rela.text.metal_lc4_interrupt_vector_handler
                0x0000000020405e40        0x0 /tmp/ccZoIqcL.o
 .rela.text.metal_lc5_interrupt_vector_handler
                0x0000000020405e40        0x0 /tmp/ccZoIqcL.o
 .rela.text.metal_lc6_interrupt_vector_handler
                0x0000000020405e40        0x0 /tmp/ccZoIqcL.o
 .rela.text.metal_lc7_interrupt_vector_handler
                0x0000000020405e40        0x0 /tmp/ccZoIqcL.o
 .rela.text.metal_lc8_interrupt_vector_handler
                0x0000000020405e40        0x0 /tmp/ccZoIqcL.o
 .rela.text.metal_lc9_interrupt_vector_handler
                0x0000000020405e40        0x0 /tmp/ccZoIqcL.o
 .rela.text.metal_lc10_interrupt_vector_handler
                0x0000000020405e40        0x0 /tmp/ccZoIqcL.o
 .rela.text.metal_lc11_interrupt_vector_handler
                0x0000000020405e40        0x0 /tmp/ccZoIqcL.o
 .rela.text.metal_lc12_interrupt_vector_handler
                0x0000000020405e40        0x0 /tmp/ccZoIqcL.o
 .rela.text.metal_lc13_interrupt_vector_handler
                0x0000000020405e40        0x0 /tmp/ccZoIqcL.o
 .rela.text.metal_lc14_interrupt_vector_handler
                0x0000000020405e40        0x0 /tmp/ccZoIqcL.o
 .rela.text.metal_lc15_interrupt_vector_handler
                0x0000000020405e40        0x0 /tmp/ccZoIqcL.o
 .rela.text     0x0000000020405e40        0x0 /tmp/ccZoIqcL.o
 .rela.text.libgloss.start
                0x0000000020405e40        0x0 /tmp/ccZoIqcL.o
 .rela.sdata.__brk
                0x0000000020405e40        0x0 /tmp/ccZoIqcL.o
 .rela.text._sbrk
                0x0000000020405e40        0x0 /tmp/ccZoIqcL.o
 .rela.text.__libc_fini_array
                0x0000000020405e40        0x0 /tmp/ccZoIqcL.o
 .rela.text.__libc_init_array
                0x0000000020405e40        0x0 /tmp/ccZoIqcL.o
 .rela.text.__register_exitproc
                0x0000000020405e40        0x0 /tmp/ccZoIqcL.o
 .rela.text.metal_init
                0x0000000020405e40        0x0 /tmp/ccZoIqcL.o
 .rela.text.metal_fini
                0x0000000020405e40        0x0 /tmp/ccZoIqcL.o

.data           0x0000000080000000      0x788 load address 0x0000000020405e40
 *(.data .data.*)
 .data.impure_data
                0x0000000080000000       0x60 /home/alex/Desktop/chipStuff/riscv_tools/riscv64-unknown-elf-gcc-10.1.0-2020.07.0-x86_64-linux-ubuntu14/bin/../lib/gcc/riscv64-unknown-elf/10.1.0/../../../../riscv64-unknown-elf/lib/rv32imac/ilp32/libc_nano.a(lib_a-impure.o)
 .data.__metal_dt_clock_0
                0x0000000080000060        0xc /home/alex/Desktop/chipStuff/freedom-e-sdk/bsp/freedom-e310-arty/install/lib/debug//libmetal.a(inline.o)
                0x0000000080000060                __metal_dt_clock_0
 *fill*         0x000000008000006c        0x4 
 .data.__metal_dt_cpu_0_interrupt_controller
                0x0000000080000070      0x3d0 /home/alex/Desktop/chipStuff/freedom-e-sdk/bsp/freedom-e310-arty/install/lib/debug//libmetal.a(inline.o)
                0x0000000080000070                __metal_dt_cpu_0_interrupt_controller
 .data.__metal_dt_interrupt_controller_c000000
                0x0000000080000440      0x300 /home/alex/Desktop/chipStuff/freedom-e-sdk/bsp/freedom-e310-arty/install/lib/debug//libmetal.a(inline.o)
                0x0000000080000440                __metal_dt_interrupt_controller_c000000
 .data.__metal_dt_serial_10013000
                0x0000000080000740       0x20 /home/alex/Desktop/chipStuff/freedom-e-sdk/bsp/freedom-e310-arty/install/lib/debug//libmetal.a(inline.o)
                0x0000000080000740                __metal_dt_serial_10013000
 *(.gnu.linkonce.d.*)
                0x0000000080000760                . = ALIGN (0x8)
                0x0000000080000f60                PROVIDE (__global_pointer$ = (. + 0x800))
 *(.sdata .sdata.* .sdata2.*)
 .sdata.currentChar.1
                0x0000000080000760        0x4 /tmp/ccZoIqcL.o
 .sdata._impure_ptr
                0x0000000080000764        0x4 /home/alex/Desktop/chipStuff/riscv_tools/riscv64-unknown-elf-gcc-10.1.0-2020.07.0-x86_64-linux-ubuntu14/bin/../lib/gcc/riscv64-unknown-elf/10.1.0/../../../../riscv64-unknown-elf/lib/rv32imac/ilp32/libc_nano.a(lib_a-impure.o)
                0x0000000080000764                _impure_ptr
 .sdata.__metal_cpu_table
                0x0000000080000768        0x4 /home/alex/Desktop/chipStuff/freedom-e-sdk/bsp/freedom-e310-arty/install/lib/debug//libmetal.a(cpu.o)
                0x0000000080000768                __metal_cpu_table
 .sdata.__metal_gpio_table
                0x000000008000076c        0x4 /home/alex/Desktop/chipStuff/freedom-e-sdk/bsp/freedom-e310-arty/install/lib/debug//libmetal.a(cpu.o)
                0x000000008000076c                __metal_gpio_table
 .sdata.__metal_dt_clint_2000000
                0x0000000080000770        0x8 /home/alex/Desktop/chipStuff/freedom-e-sdk/bsp/freedom-e310-arty/install/lib/debug//libmetal.a(inline.o)
                0x0000000080000770                __metal_dt_clint_2000000
 .sdata.__metal_dt_cpu_0
                0x0000000080000778        0x8 /home/alex/Desktop/chipStuff/freedom-e-sdk/bsp/freedom-e310-arty/install/lib/debug//libmetal.a(inline.o)
                0x0000000080000778                __metal_dt_cpu_0
 .sdata.__metal_dt_gpio_10012000
                0x0000000080000780        0x4 /home/alex/Desktop/chipStuff/freedom-e-sdk/bsp/freedom-e310-arty/install/lib/debug//libmetal.a(inline.o)
                0x0000000080000780                __metal_dt_gpio_10012000
 .sdata.__brk   0x0000000080000784        0x4 /home/alex/Desktop/chipStuff/freedom-e-sdk/bsp/freedom-e310-arty/install/lib/debug//libmetal-gloss.a(sys_sbrk.o)
 *(.gnu.linkonce.s.*)

.tdata          0x0000000080000788        0x0 load address 0x00000000204065c8
                0x0000000080000788                PROVIDE (__tls_base = .)
 *(.tdata .tdata.* .gnu.linkonce.td.*)
                [!provide]                        PROVIDE (__tdata_source = LOADADDR (.tdata))
                [!provide]                        PROVIDE (__tdata_size = SIZEOF (.tdata))
                0x0000000020405e40                PROVIDE (metal_segment_data_source_start = LOADADDR (.data))
                0x0000000080000000                PROVIDE (metal_segment_data_target_start = ADDR (.data))
                0x0000000080000788                PROVIDE (metal_segment_data_target_end = (ADDR (.tdata) + SIZEOF (.tdata)))

.tbss           0x0000000080000788        0x0
 *(.tbss .tbss.* .gnu.linkonce.tb.*)
 *(.tcommon .tcommon.*)
                [!provide]                        PROVIDE (__tls_end = .)
                0x0000000000000000                PROVIDE (__tbss_size = SIZEOF (.tbss))
                [!provide]                        PROVIDE (__tls_size = (__tls_end - __tls_base))

.tbss_space     0x0000000080000788        0x0
                0x0000000080000788                . = (. + __tbss_size)

.bss            0x0000000080000788       0xf0
 *(.sbss*)
 .sbss.cpu      0x0000000080000788        0x4 /tmp/ccZoIqcL.o
                0x0000000080000788                cpu
 .sbss.cpu_intr
                0x000000008000078c        0x4 /tmp/ccZoIqcL.o
                0x000000008000078c                cpu_intr
 .sbss.tmr_intr
                0x0000000080000790        0x4 /tmp/ccZoIqcL.o
                0x0000000080000790                tmr_intr
 .sbss.tmr_id   0x0000000080000794        0x4 /tmp/ccZoIqcL.o
                0x0000000080000794                tmr_id
 .sbss.timer_isr_flag
                0x0000000080000798        0x4 /tmp/ccZoIqcL.o
                0x0000000080000798                timer_isr_flag
 .sbss.frontPointer.2
                0x000000008000079c        0x4 /tmp/ccZoIqcL.o
 .sbss.__malloc_free_list
                0x00000000800007a0        0x4 /home/alex/Desktop/chipStuff/riscv_tools/riscv64-unknown-elf-gcc-10.1.0-2020.07.0-x86_64-linux-ubuntu14/bin/../lib/gcc/riscv64-unknown-elf/10.1.0/../../../../riscv64-unknown-elf/lib/rv32imac/ilp32/libc_nano.a(lib_a-nano-mallocr.o)
                0x00000000800007a0                __malloc_free_list
 .sbss.__malloc_sbrk_start
                0x00000000800007a4        0x4 /home/alex/Desktop/chipStuff/riscv_tools/riscv64-unknown-elf-gcc-10.1.0-2020.07.0-x86_64-linux-ubuntu14/bin/../lib/gcc/riscv64-unknown-elf/10.1.0/../../../../riscv64-unknown-elf/lib/rv32imac/ilp32/libc_nano.a(lib_a-nano-mallocr.o)
                0x00000000800007a4                __malloc_sbrk_start
 .sbss.errno    0x00000000800007a8        0x4 /home/alex/Desktop/chipStuff/riscv_tools/riscv64-unknown-elf-gcc-10.1.0-2020.07.0-x86_64-linux-ubuntu14/bin/../lib/gcc/riscv64-unknown-elf/10.1.0/../../../../riscv64-unknown-elf/lib/rv32imac/ilp32/libc_nano.a(lib_a-reent.o)
                0x00000000800007a8                errno
 .sbss._global_atexit
                0x00000000800007ac        0x4 /home/alex/Desktop/chipStuff/riscv_tools/riscv64-unknown-elf-gcc-10.1.0-2020.07.0-x86_64-linux-ubuntu14/bin/../lib/gcc/riscv64-unknown-elf/10.1.0/../../../../riscv64-unknown-elf/lib/rv32imac/ilp32/libc_nano.a(lib_a-__call_atexit.o)
                0x00000000800007ac                _global_atexit
 .sbss.init_done.1
                0x00000000800007b0        0x4 /home/alex/Desktop/chipStuff/freedom-e-sdk/bsp/freedom-e310-arty/install/lib/debug//libmetal.a(init.o)
 .sbss.fini_done.0
                0x00000000800007b4        0x4 /home/alex/Desktop/chipStuff/freedom-e-sdk/bsp/freedom-e310-arty/install/lib/debug//libmetal.a(init.o)
 *(.gnu.linkonce.sb.*)
 *(.bss .bss.*)
 .bss.cmd.0     0x00000000800007b8       0x32 /tmp/ccZoIqcL.o
 *fill*         0x00000000800007ea        0x2 
 .bss._global_atexit0
                0x00000000800007ec       0x8c /home/alex/Desktop/chipStuff/riscv_tools/riscv64-unknown-elf-gcc-10.1.0-2020.07.0-x86_64-linux-ubuntu14/bin/../lib/gcc/riscv64-unknown-elf/10.1.0/../../../../riscv64-unknown-elf/lib/rv32imac/ilp32/libc_nano.a(lib_a-__atexit.o)
 *(.gnu.linkonce.b.*)
 *(COMMON)
                [!provide]                        PROVIDE (metal_segment_bss_source_start = LOADADDR (.tbss))
                0x0000000080000788                PROVIDE (metal_segment_bss_target_start = ADDR (.tbss))
                0x0000000080000878                PROVIDE (metal_segment_bss_target_end = (ADDR (.bss) + SIZEOF (.bss)))

.stack          0x0000000080000880      0x400
                [!provide]                        PROVIDE (metal_segment_stack_begin = .)
                0x0000000080000c80                . = (. + __stack_size)
 *fill*         0x0000000080000880      0x400 
                0x0000000080000c80                PROVIDE (_sp = .)
                [!provide]                        PROVIDE (metal_segment_stack_end = .)

.heap           0x0000000080000c80      0x800
                [!provide]                        PROVIDE (__end = .)
                [!provide]                        PROVIDE (__heap_start = .)
                0x0000000080000c80                PROVIDE (metal_segment_heap_target_start = .)
                0x0000000000000800                . = DEFINED (__heap_max)?MIN ((LENGTH (ram) - (. - ORIGIN (ram))), 0x10000000):__heap_size
 *fill*         0x0000000080000c80      0x800 
                0x0000000080001480                PROVIDE (metal_segment_heap_target_end = .)
                [!provide]                        PROVIDE (_heap_end = .)
                [!provide]                        PROVIDE (__heap_end = .)

/DISCARD/
 *(.eh_frame .eh_frame.*)
OUTPUT(IIT_example elf32-littleriscv)

.debug_info     0x0000000000000000    0x16e57
 .debug_info    0x0000000000000000      0xb07 /tmp/ccZoIqcL.o
 .debug_info    0x0000000000000b07     0x1675 /home/alex/Desktop/chipStuff/freedom-e-sdk/bsp/freedom-e310-arty/install/lib/debug//libmetal.a(cpu.o)
 .debug_info    0x000000000000217c       0x22 /home/alex/Desktop/chipStuff/freedom-e-sdk/bsp/freedom-e310-arty/install/lib/debug//libmetal.a(entry.o)
 .debug_info    0x000000000000219e       0x26 /home/alex/Desktop/chipStuff/freedom-e-sdk/bsp/freedom-e310-arty/install/lib/debug//libmetal.a(scrub.o)
 .debug_info    0x00000000000021c4       0x22 /home/alex/Desktop/chipStuff/freedom-e-sdk/bsp/freedom-e310-arty/install/lib/debug//libmetal.a(trap.o)
 .debug_info    0x00000000000021e6     0x1691 /home/alex/Desktop/chipStuff/freedom-e-sdk/bsp/freedom-e310-arty/install/lib/debug//libmetal.a(gpio.o)
 .debug_info    0x0000000000003877     0x19f4 /home/alex/Desktop/chipStuff/freedom-e-sdk/bsp/freedom-e310-arty/install/lib/debug//libmetal.a(interrupt.o)
 .debug_info    0x000000000000526b     0x133f /home/alex/Desktop/chipStuff/freedom-e-sdk/bsp/freedom-e310-arty/install/lib/debug//libmetal.a(tty.o)
 .debug_info    0x00000000000065aa     0x15db /home/alex/Desktop/chipStuff/freedom-e-sdk/bsp/freedom-e310-arty/install/lib/debug//libmetal.a(uart.o)
 .debug_info    0x0000000000007b85     0x17c1 /home/alex/Desktop/chipStuff/freedom-e-sdk/bsp/freedom-e310-arty/install/lib/debug//libmetal.a(inline.o)
 .debug_info    0x0000000000009346     0x1ab7 /home/alex/Desktop/chipStuff/freedom-e-sdk/bsp/freedom-e310-arty/install/lib/debug//libmetal.a(riscv_clint0.o)
 .debug_info    0x000000000000adfd     0x2971 /home/alex/Desktop/chipStuff/freedom-e-sdk/bsp/freedom-e310-arty/install/lib/debug//libmetal.a(riscv_cpu.o)
 .debug_info    0x000000000000d76e     0x1c0d /home/alex/Desktop/chipStuff/freedom-e-sdk/bsp/freedom-e310-arty/install/lib/debug//libmetal.a(riscv_plic0.o)
 .debug_info    0x000000000000f37b     0x1881 /home/alex/Desktop/chipStuff/freedom-e-sdk/bsp/freedom-e310-arty/install/lib/debug//libmetal.a(sifive_gpio0.o)
 .debug_info    0x0000000000010bfc     0x1b05 /home/alex/Desktop/chipStuff/freedom-e-sdk/bsp/freedom-e310-arty/install/lib/debug//libmetal.a(sifive_uart0.o)
 .debug_info    0x0000000000012701      0x2c7 /home/alex/Desktop/chipStuff/freedom-e-sdk/bsp/freedom-e310-arty/install/lib/debug//libmetal.a(clock.o)
 .debug_info    0x00000000000129c8     0x1380 /home/alex/Desktop/chipStuff/freedom-e-sdk/bsp/freedom-e310-arty/install/lib/debug//libmetal.a(shutdown.o)
 .debug_info    0x0000000000013d48       0x26 /home/alex/Desktop/chipStuff/freedom-e-sdk/bsp/freedom-e310-arty/install/lib/debug//libmetal.a(vector.o)
 .debug_info    0x0000000000013d6e     0x145a /home/alex/Desktop/chipStuff/freedom-e-sdk/bsp/freedom-e310-arty/install/lib/debug//libmetal.a(fixed-clock.o)
 .debug_info    0x00000000000151c8       0x26 /home/alex/Desktop/chipStuff/freedom-e-sdk/bsp/freedom-e310-arty/install/lib/debug//libmetal-gloss.a(crt0.o)
 .debug_info    0x00000000000151ee       0xa0 /home/alex/Desktop/chipStuff/freedom-e-sdk/bsp/freedom-e310-arty/install/lib/debug//libmetal-gloss.a(sys_close.o)
 .debug_info    0x000000000001528e      0x2bc /home/alex/Desktop/chipStuff/freedom-e-sdk/bsp/freedom-e310-arty/install/lib/debug//libmetal-gloss.a(sys_fstat.o)
 .debug_info    0x000000000001554a       0xa0 /home/alex/Desktop/chipStuff/freedom-e-sdk/bsp/freedom-e310-arty/install/lib/debug//libmetal-gloss.a(sys_isatty.o)
 .debug_info    0x00000000000155ea       0xe2 /home/alex/Desktop/chipStuff/freedom-e-sdk/bsp/freedom-e310-arty/install/lib/debug//libmetal-gloss.a(sys_lseek.o)
 .debug_info    0x00000000000156cc       0xe4 /home/alex/Desktop/chipStuff/freedom-e-sdk/bsp/freedom-e310-arty/install/lib/debug//libmetal-gloss.a(sys_read.o)
 .debug_info    0x00000000000157b0      0x117 /home/alex/Desktop/chipStuff/freedom-e-sdk/bsp/freedom-e310-arty/install/lib/debug//libmetal-gloss.a(sys_sbrk.o)
 .debug_info    0x00000000000158c7      0x11e /home/alex/Desktop/chipStuff/freedom-e-sdk/bsp/freedom-e310-arty/install/lib/debug//libmetal-gloss.a(sys_write.o)
 .debug_info    0x00000000000159e5      0x14e /home/alex/Desktop/chipStuff/freedom-e-sdk/bsp/freedom-e310-arty/install/lib/debug//libmetal.a(init.o)
 .debug_info    0x0000000000015b33     0x12d5 /home/alex/Desktop/chipStuff/freedom-e-sdk/bsp/freedom-e310-arty/install/lib/debug//libmetal.a(synchronize_harts.o)