Archive member included to satisfy reference by file (symbol)

/home/alex/Desktop/chipStuff/riscv_tools/riscv64-unknown-elf-gcc-10.1.0-2020.07.0-x86_64-linux-ubuntu14/bin/../lib/gcc/riscv64-unknown-elf/10.1.0/../../../../riscv64-unknown-elf/lib/rv32imac/ilp32/libc_nano.a(lib_a-putchar.o)
                              /tmp/cc8Gcjp5.o (putchar)
/home/alex/Desktop/chipStuff/riscv_tools/riscv64-unknown-elf-gcc-10.1.0-2020.07.0-x86_64-linux-ubuntu14/bin/../lib/gcc/riscv64-unknown-elf/10.1.0/../../../../riscv64-unknown-elf/lib/rv32imac/ilp32/libc_nano.a(lib_a-putc.o)
                              /home/alex/Desktop/chipStuff/riscv_tools/riscv64-unknown-elf-gcc-10.1.0-2020.07.0-x86_64-linux-ubuntu14/bin/../lib/gcc/riscv64-unknown-elf/10.1.0/../../../../riscv64-unknown-elf/lib/rv32imac/ilp32/libc_nano.a(lib_a-putchar.o) (_putc_r)
/home/alex/Desktop/chipStuff/riscv_tools/riscv64-unknown-elf-gcc-10.1.0-2020.07.0-x86_64-linux-ubuntu14/bin/../lib/gcc/riscv64-unknown-elf/10.1.0/../../../../riscv64-unknown-elf/lib/rv32imac/ilp32/libc_nano.a(lib_a-puts.o)
                              /tmp/cc8Gcjp5.o (puts)
/home/alex/Desktop/chipStuff/riscv_tools/riscv64-unknown-elf-gcc-10.1.0-2020.07.0-x86_64-linux-ubuntu14/bin/../lib/gcc/riscv64-unknown-elf/10.1.0/../../../../riscv64-unknown-elf/lib/rv32imac/ilp32/libc_nano.a(lib_a-wbuf.o)
                              /home/alex/Desktop/chipStuff/riscv_tools/riscv64-unknown-elf-gcc-10.1.0-2020.07.0-x86_64-linux-ubuntu14/bin/../lib/gcc/riscv64-unknown-elf/10.1.0/../../../../riscv64-unknown-elf/lib/rv32imac/ilp32/libc_nano.a(lib_a-putc.o) (__swbuf_r)
/home/alex/Desktop/chipStuff/riscv_tools/riscv64-unknown-elf-gcc-10.1.0-2020.07.0-x86_64-linux-ubuntu14/bin/../lib/gcc/riscv64-unknown-elf/10.1.0/../../../../riscv64-unknown-elf/lib/rv32imac/ilp32/libc_nano.a(lib_a-wsetup.o)
                              /home/alex/Desktop/chipStuff/riscv_tools/riscv64-unknown-elf-gcc-10.1.0-2020.07.0-x86_64-linux-ubuntu14/bin/../lib/gcc/riscv64-unknown-elf/10.1.0/../../../../riscv64-unknown-elf/lib/rv32imac/ilp32/libc_nano.a(lib_a-puts.o) (__swsetup_r)
/home/alex/Desktop/chipStuff/riscv_tools/riscv64-unknown-elf-gcc-10.1.0-2020.07.0-x86_64-linux-ubuntu14/bin/../lib/gcc/riscv64-unknown-elf/10.1.0/../../../../riscv64-unknown-elf/lib/rv32imac/ilp32/libc_nano.a(lib_a-fflush.o)
                              /home/alex/Desktop/chipStuff/riscv_tools/riscv64-unknown-elf-gcc-10.1.0-2020.07.0-x86_64-linux-ubuntu14/bin/../lib/gcc/riscv64-unknown-elf/10.1.0/../../../../riscv64-unknown-elf/lib/rv32imac/ilp32/libc_nano.a(lib_a-wbuf.o) (_fflush_r)
/home/alex/Desktop/chipStuff/riscv_tools/riscv64-unknown-elf-gcc-10.1.0-2020.07.0-x86_64-linux-ubuntu14/bin/../lib/gcc/riscv64-unknown-elf/10.1.0/../../../../riscv64-unknown-elf/lib/rv32imac/ilp32/libc_nano.a(lib_a-findfp.o)
                              /home/alex/Desktop/chipStuff/riscv_tools/riscv64-unknown-elf-gcc-10.1.0-2020.07.0-x86_64-linux-ubuntu14/bin/../lib/gcc/riscv64-unknown-elf/10.1.0/../../../../riscv64-unknown-elf/lib/rv32imac/ilp32/libc_nano.a(lib_a-putchar.o) (__sinit)
/home/alex/Desktop/chipStuff/riscv_tools/riscv64-unknown-elf-gcc-10.1.0-2020.07.0-x86_64-linux-ubuntu14/bin/../lib/gcc/riscv64-unknown-elf/10.1.0/../../../../riscv64-unknown-elf/lib/rv32imac/ilp32/libc_nano.a(lib_a-fwalk.o)
                              /home/alex/Desktop/chipStuff/riscv_tools/riscv64-unknown-elf-gcc-10.1.0-2020.07.0-x86_64-linux-ubuntu14/bin/../lib/gcc/riscv64-unknown-elf/10.1.0/../../../../riscv64-unknown-elf/lib/rv32imac/ilp32/libc_nano.a(lib_a-findfp.o) (_fwalk)
/home/alex/Desktop/chipStuff/riscv_tools/riscv64-unknown-elf-gcc-10.1.0-2020.07.0-x86_64-linux-ubuntu14/bin/../lib/gcc/riscv64-unknown-elf/10.1.0/../../../../riscv64-unknown-elf/lib/rv32imac/ilp32/libc_nano.a(lib_a-impure.o)
                              /home/alex/Desktop/chipStuff/riscv_tools/riscv64-unknown-elf-gcc-10.1.0-2020.07.0-x86_64-linux-ubuntu14/bin/../lib/gcc/riscv64-unknown-elf/10.1.0/../../../../riscv64-unknown-elf/lib/rv32imac/ilp32/libc_nano.a(lib_a-fflush.o) (_global_impure_ptr)
/home/alex/Desktop/chipStuff/riscv_tools/riscv64-unknown-elf-gcc-10.1.0-2020.07.0-x86_64-linux-ubuntu14/bin/../lib/gcc/riscv64-unknown-elf/10.1.0/../../../../riscv64-unknown-elf/lib/rv32imac/ilp32/libc_nano.a(lib_a-makebuf.o)
                              /home/alex/Desktop/chipStuff/riscv_tools/riscv64-unknown-elf-gcc-10.1.0-2020.07.0-x86_64-linux-ubuntu14/bin/../lib/gcc/riscv64-unknown-elf/10.1.0/../../../../riscv64-unknown-elf/lib/rv32imac/ilp32/libc_nano.a(lib_a-wsetup.o) (__smakebuf_r)
/home/alex/Desktop/chipStuff/riscv_tools/riscv64-unknown-elf-gcc-10.1.0-2020.07.0-x86_64-linux-ubuntu14/bin/../lib/gcc/riscv64-unknown-elf/10.1.0/../../../../riscv64-unknown-elf/lib/rv32imac/ilp32/libc_nano.a(lib_a-memset.o)
[...]
Memory Configuration

Name             Origin             Length             Attributes
itim             0x0000000008000000 0x0000000000004000 axrwl
ram              0x0000000080000000 0x0000000000004000 arw !xl
rom              0x0000000020400000 0x000000001fc00000 xrl !aw
*default*        0x0000000000000000 0xffffffffffffffff

Linker script and memory map

LOAD /tmp/cc8Gcjp5.o
START GROUP
LOAD /home/alex/Desktop/chipStuff/riscv_tools/riscv64-unknown-elf-gcc-10.1.0-2020.07.0-x86_64-linux-ubuntu14/bin/../lib/gcc/riscv64-unknown-elf/10.1.0/../../../../riscv64-unknown-elf/lib/rv32imac/ilp32/libc_nano.a
LOAD /home/alex/Desktop/chipStuff/riscv_tools/riscv64-unknown-elf-gcc-10.1.0-2020.07.0-x86_64-linux-ubuntu14/bin/../lib/gcc/riscv64-unknown-elf/10.1.0/rv32imac/ilp32/libgcc.a
LOAD /home/alex/Desktop/chipStuff/riscv_tools/riscv64-unknown-elf-gcc-10.1.0-2020.07.0-x86_64-linux-ubuntu14/bin/../lib/gcc/riscv64-unknown-elf/10.1.0/../../../../riscv64-unknown-elf/lib/rv32imac/ilp32/libm_nano.a
LOAD /home/alex/Desktop/chipStuff/freedom-e-sdk/bsp/freedom-e310-arty/install/lib/release//libmetal.a
LOAD /home/alex/Desktop/chipStuff/freedom-e-sdk/bsp/freedom-e310-arty/install/lib/release//libmetal-gloss.a
END GROUP
                0x0000000000000400                __stack_size = DEFINED (__stack_size)?__stack_size:0x400
                [!provide]                        PROVIDE (__stack_size = __stack_size)
                0x0000000000000800                __heap_size = DEFINED (__heap_size)?__heap_size:0x800
                0x0000000000000000                PROVIDE (__metal_boot_hart = 0x0)
                0x0000000000000001                PROVIDE (__metal_chicken_bit = 0x1)
                0x0000000000000000                PROVIDE (__metal_eccscrub_bit = 0x0)
                [!provide]                        PROVIDE (metal_dtim_0_memory_start = 0x80000000)
                [!provide]                        PROVIDE (metal_dtim_0_memory_end = 0x80004000)
                [!provide]                        PROVIDE (metal_itim_0_memory_start = 0x8000000)
                [!provide]                        PROVIDE (metal_itim_0_memory_end = 0x8004000)

.init           0x0000000020400000      0x2ce
 *(.text.metal.init.enter)
 .text.metal.init.enter
                0x0000000020400000       0x88 /home/alex/Desktop/chipStuff/freedom-e-sdk/bsp/freedom-e310-arty/install/lib/release//libmetal.a(entry.o)
                0x0000000020400000                _enter
 *(.text.metal.init.*)
 .text.metal.init.__register_frame_info
                0x0000000020400088        0x2 /home/alex/Desktop/chipStuff/freedom-e-sdk/bsp/freedom-e310-arty/install/lib/release//libmetal.a(entry.o)
                0x0000000020400088                __register_frame_info
 .text.metal.init.scrub
                0x000000002040008a       0xaa /home/alex/Desktop/chipStuff/freedom-e-sdk/bsp/freedom-e310-arty/install/lib/release//libmetal.a(scrub.o)
                0x000000002040008a                metal_mem_scrub
                0x00000000204000ce                __metal_before_start
 *fill*         0x0000000020400134        0x0 
 .text.metal.init.trapvec
                0x0000000020400134        0xe /home/alex/Desktop/chipStuff/freedom-e-sdk/bsp/freedom-e310-arty/install/lib/release//libmetal.a(trap.o)
                0x0000000020400134                early_trap_vector
 *(SORT_NONE(.init))
 .init          0x0000000020400142        0x2 /home/alex/Desktop/chipStuff/freedom-e-sdk/bsp/freedom-e310-arty/install/lib/release//libmetal.a(synchronize_harts.o)
                0x0000000020400142                __metal_synchronize_harts
 *(.text.libgloss.start)
 .text.libgloss.start
                0x0000000020400144      0x18a /home/alex/Desktop/chipStuff/freedom-e-sdk/bsp/freedom-e310-arty/install/lib/release//libmetal-gloss.a(crt0.o)
                0x0000000020400144                _start
                0x00000000204002ae                _init
                0x00000000204002ae                _fini
                0x00000000204002b0                secondary_main

.fini
 *(SORT_NONE(.fini))

.preinit_array  0x00000000204002d0        0x0
                0x00000000204002d0                PROVIDE (__preinit_array_start = .)
 *(.preinit_array)
                0x00000000204002d0                PROVIDE (__preinit_array_end = .)

.init_array     0x00000000204002d0        0x4
                0x00000000204002d0                PROVIDE (__init_array_start = .)
 *(SORT_BY_INIT_PRIORITY(.init_array.*) SORT_BY_INIT_PRIORITY(.ctors.*))
 *(.init_array EXCLUDE_FILE(*crtend?.o *crtend.o *crtbegin?.o *crtbegin.o) .ctors)
                0x00000000204002d0                PROVIDE (__init_array_end = .)
                0x00000000204002d0                PROVIDE (metal_constructors_start = .)
 *(SORT_BY_INIT_PRIORITY(.metal.init_array.*))
 .metal.init_array.5000
                0x00000000204002d0        0x4 /home/alex/Desktop/chipStuff/freedom-e-sdk/bsp/freedom-e310-arty/install/lib/release//libmetal.a(tty.o)
                0x00000000204002d0                _metal_tty_init_ptr
 *(.metal.init_array)
                0x00000000204002d4                PROVIDE (metal_constructors_end = .)

.fini_array     0x00000000204002d8        0x0
                0x00000000204002d8                PROVIDE (__fini_array_start = .)
 *(SORT_BY_INIT_PRIORITY(.fini_array.*) SORT_BY_INIT_PRIORITY(.dtors.*))
 *(.fini_array EXCLUDE_FILE(*crtend?.o *crtend.o *crtbegin?.o *crtbegin.o) .dtors)
                0x00000000204002d8                PROVIDE (__fini_array_end = .)
                0x00000000204002d8                PROVIDE (metal_destructors_start = .)
 *(SORT_BY_INIT_PRIORITY(.metal.fini_array.*))
 *(.metal.fini_array)
                0x00000000204002d8                PROVIDE (metal_destructors_end = .)

.ctors          0x00000000204002d4       0x12
 *crtbegin.o(.ctors)
 *crtbegin?.o(.ctors)
 *(EXCLUDE_FILE(*crtend?.o *crtend.o) .ctors)
 *(SORT_BY_NAME(.ctors.*))
 *(.ctors)
 *(.metal.ctors .metal.ctors.*)
 .metal.ctors   0x00000000204002d4       0x12 /home/alex/Desktop/chipStuff/freedom-e-sdk/bsp/freedom-e310-arty/install/lib/release//libmetal.a(tty.o)
                0x00000000204002d4                metal_tty_init

.dtors
 *crtbegin.o(.dtors)
 *crtbegin?.o(.dtors)
 *(EXCLUDE_FILE(*crtend?.o *crtend.o) .dtors)
 *(SORT_BY_NAME(.dtors.*))
 *(.dtors)
 *(.metal.dtors .metal.dtors.*)

.rodata         0x00000000204002e8      0x408
 *(.rdata)
 *(.rodata .rodata.*)
 .rodata.display_banner.str1.4
                0x00000000204002e8       0x99 /tmp/cc8Gcjp5.o
 *fill*         0x0000000020400381        0x3 
 .rodata.main.str1.4
                0x0000000020400384       0xbc /tmp/cc8Gcjp5.o
 .rodata.__sf_fake_stderr
                0x0000000020400440       0x20 /home/alex/Desktop/chipStuff/riscv_tools/riscv64-unknown-elf-gcc-10.1.0-2020.07.0-x86_64-linux-ubuntu14/bin/../lib/gcc/riscv64-unknown-elf/10.1.0/../../../../riscv64-unknown-elf/lib/rv32imac/ilp32/libc_nano.a(lib_a-findfp.o)
                0x0000000020400440                __sf_fake_stderr
 .rodata.__sf_fake_stdin
                0x0000000020400460       0x20 /home/alex/Desktop/chipStuff/riscv_tools/riscv64-unknown-elf-gcc-10.1.0-2020.07.0-x86_64-linux-ubuntu14/bin/../lib/gcc/riscv64-unknown-elf/10.1.0/../../../../riscv64-unknown-elf/lib/rv32imac/ilp32/libc_nano.a(lib_a-findfp.o)
                0x0000000020400460                __sf_fake_stdin
 .rodata.__sf_fake_stdout
                0x0000000020400480       0x20 /home/alex/Desktop/chipStuff/riscv_tools/riscv64-unknown-elf-gcc-10.1.0-2020.07.0-x86_64-linux-ubuntu14/bin/../lib/gcc/riscv64-unknown-elf/10.1.0/../../../../riscv64-unknown-elf/lib/rv32imac/ilp32/libc_nano.a(lib_a-findfp.o)
                0x0000000020400480                __sf_fake_stdout
 .rodata.__metal_driver_vtable_riscv_clint0
                0x00000000204004a0       0x64 /home/alex/Desktop/chipStuff/freedom-e-sdk/bsp/freedom-e310-arty/install/lib/release//libmetal.a(riscv_clint0.o)
                0x00000000204004a0                __metal_driver_vtable_riscv_clint0
 .rodata.__metal_driver_vtable_cpu
                0x0000000020400504       0x44 /home/alex/Desktop/chipStuff/freedom-e-sdk/bsp/freedom-e310-arty/install/lib/release//libmetal.a(riscv_cpu.o)
                0x0000000020400504                __metal_driver_vtable_cpu
 .rodata.__metal_driver_vtable_riscv_cpu_intc
                0x0000000020400548       0x64 /home/alex/Desktop/chipStuff/freedom-e-sdk/bsp/freedom-e310-arty/install/lib/release//libmetal.a(riscv_cpu.o)
                0x0000000020400548                __metal_driver_vtable_riscv_cpu_intc
 .rodata.__metal_driver_vtable_riscv_plic0
                0x00000000204005ac       0x64 /home/alex/Desktop/chipStuff/freedom-e-sdk/bsp/freedom-e310-arty/install/lib/release//libmetal.a(riscv_plic0.o)
                0x00000000204005ac                __metal_driver_vtable_riscv_plic0
 .rodata.__metal_driver_sifive_gpio0_config_int
                0x0000000020400610       0x20 /home/alex/Desktop/chipStuff/freedom-e-sdk/bsp/freedom-e310-arty/install/lib/release//libmetal.a(sifive_gpio0.o)
 .rodata.__metal_driver_sifive_gpio0_clear_int
                0x0000000020400630       0x1c /home/alex/Desktop/chipStuff/freedom-e-sdk/bsp/freedom-e310-arty/install/lib/release//libmetal.a(sifive_gpio0.o)
 .rodata.__metal_driver_vtable_sifive_gpio0
                0x000000002040064c       0x3c /home/alex/Desktop/chipStuff/freedom-e-sdk/bsp/freedom-e310-arty/install/lib/release//libmetal.a(sifive_gpio0.o)
                0x000000002040064c                __metal_driver_vtable_sifive_gpio0
 .rodata.__metal_driver_vtable_sifive_uart0
                0x0000000020400688       0x40 /home/alex/Desktop/chipStuff/freedom-e-sdk/bsp/freedom-e310-arty/install/lib/release//libmetal.a(sifive_uart0.o)
                0x0000000020400688                __metal_driver_vtable_sifive_uart0
 .rodata.libgloss.start
                0x00000000204006c8       0x11 /home/alex/Desktop/chipStuff/freedom-e-sdk/bsp/freedom-e310-arty/install/lib/release//libmetal-gloss.a(crt0.o)
 *(.gnu.linkonce.r.*)
                0x00000000204006e0                . = ALIGN (0x8)
 *fill*         0x00000000204006d9        0x7 
 *(.srodata.cst16)
 *(.srodata.cst8)
 *(.srodata.cst4)
 *(.srodata.cst2)
 *(.srodata .srodata.*)
 .srodata._global_impure_ptr
                0x00000000204006e0        0x4 /home/alex/Desktop/chipStuff/riscv_tools/riscv64-unknown-elf-gcc-10.1.0-2020.07.0-x86_64-linux-ubuntu14/bin/../lib/gcc/riscv64-unknown-elf/10.1.0/../../../../riscv64-unknown-elf/lib/rv32imac/ilp32/libc_nano.a(lib_a-impure.o)
                0x00000000204006e0                _global_impure_ptr
 .srodata.CSWTCH.79
                0x00000000204006e4        0x3 /home/alex/Desktop/chipStuff/freedom-e-sdk/bsp/freedom-e310-arty/install/lib/release//libmetal.a(riscv_cpu.o)
 *fill*         0x00000000204006e7        0x1 
 .srodata.__metal_driver_vtable_fixed_clock
                0x00000000204006e8        0x8 /home/alex/Desktop/chipStuff/freedom-e-sdk/bsp/freedom-e310-arty/install/lib/release//libmetal.a(fixed-clock.o)
                0x00000000204006e8                __metal_driver_vtable_fixed_clock

.itim           0x0000000008000000        0x0 load address 0x00000000204006f0
 *(.itim .itim.*)
                0x00000000204006f0                PROVIDE (metal_segment_itim_source_start = LOADADDR (.itim))
                0x0000000008000000                PROVIDE (metal_segment_itim_target_start = ADDR (.itim))
                0x0000000008000000                PROVIDE (metal_segment_itim_target_end = (ADDR (.itim) + SIZEOF (.itim)))

.lim            0x0000000080000000        0x0 load address 0x00000000204006f0
 *(.lim .lim.*)
                0x00000000204006f0                PROVIDE (metal_segment_lim_source_start = LOADADDR (.lim))
                0x0000000080000000                PROVIDE (metal_segment_lim_target_start = ADDR (.lim))
                0x0000000080000000                PROVIDE (metal_segment_lim_target_end = (ADDR (.lim) + SIZEOF (.lim)))

.text           0x0000000020400700     0x2e44
 *(.text.unlikely .text.unlikely.*)
 *(.text.startup .text.startup.*)
 .text.startup.main
                0x0000000020400700      0x110 /tmp/cc8Gcjp5.o
                0x0000000020400700                main
 *(.text .text.*)
 .text.timer_isr
                0x0000000020400810       0x2a /tmp/cc8Gcjp5.o
                0x0000000020400810                timer_isr
 .text.display_banner
                0x000000002040083a       0x6a /tmp/cc8Gcjp5.o
                0x000000002040083a                display_banner
 .text.putchar  0x00000000204008a4       0x2a /home/alex/Desktop/chipStuff/riscv_tools/riscv64-unknown-elf-gcc-10.1.0-2020.07.0-x86_64-linux-ubuntu14/bin/../lib/gcc/riscv64-unknown-elf/10.1.0/../../../../riscv64-unknown-elf/lib/rv32imac/ilp32/libc_nano.a(lib_a-putchar.o)
                0x00000000204008a4                putchar
 .text._putc_r  0x00000000204008ce       0x82 /home/alex/Desktop/chipStuff/riscv_tools/riscv64-unknown-elf-gcc-10.1.0-2020.07.0-x86_64-linux-ubuntu14/bin/../lib/gcc/riscv64-unknown-elf/10.1.0/../../../../riscv64-unknown-elf/lib/rv32imac/ilp32/libc_nano.a(lib_a-putc.o)
                0x00000000204008ce                _putc_r
 .text._puts_r  0x0000000020400950       0xda /home/alex/Desktop/chipStuff/riscv_tools/riscv64-unknown-elf-gcc-10.1.0-2020.07.0-x86_64-linux-ubuntu14/bin/../lib/gcc/riscv64-unknown-elf/10.1.0/../../../../riscv64-unknown-elf/lib/rv32imac/ilp32/libc_nano.a(lib_a-puts.o)
                0x0000000020400950                _puts_r
 .text.puts     0x0000000020400a2a        0xc /home/alex/Desktop/chipStuff/riscv_tools/riscv64-unknown-elf-gcc-10.1.0-2020.07.0-x86_64-linux-ubuntu14/bin/../lib/gcc/riscv64-unknown-elf/10.1.0/../../../../riscv64-unknown-elf/lib/rv32imac/ilp32/libc_nano.a(lib_a-puts.o)
                0x0000000020400a2a                puts
 .text.__swbuf_r
                0x0000000020400a36       0xc0 /home/alex/Desktop/chipStuff/riscv_tools/riscv64-unknown-elf-gcc-10.1.0-2020.07.0-x86_64-linux-ubuntu14/bin/../lib/gcc/riscv64-unknown-elf/10.1.0/../../../../riscv64-unknown-elf/lib/rv32imac/ilp32/libc_nano.a(lib_a-wbuf.o)
                0x0000000020400a36                __swbuf_r
 .text.__swsetup_r
                0x0000000020400af6      0x10a /home/alex/Desktop/chipStuff/riscv_tools/riscv64-unknown-elf-gcc-10.1.0-2020.07.0-x86_64-linux-ubuntu14/bin/../lib/gcc/riscv64-unknown-elf/10.1.0/../../../../riscv64-unknown-elf/lib/rv32imac/ilp32/libc_nano.a(lib_a-wsetup.o)
                0x0000000020400af6                __swsetup_r
 .text.__sflush_r
                0x0000000020400c00      0x146 /home/alex/Desktop/chipStuff/riscv_tools/riscv64-unknown-elf-gcc-10.1.0-2020.07.0-x86_64-linux-ubuntu14/bin/../lib/gcc/riscv64-unknown-elf/10.1.0/../../../../riscv64-unknown-elf/lib/rv32imac/ilp32/libc_nano.a(lib_a-fflush.o)
                0x0000000020400c00                __sflush_r
 .text._fflush_r
                0x0000000020400d46       0x64 /home/alex/Desktop/chipStuff/riscv_tools/riscv64-unknown-elf-gcc-10.1.0-2020.07.0-x86_64-linux-ubuntu14/bin/../lib/gcc/riscv64-unknown-elf/10.1.0/../../../../riscv64-unknown-elf/lib/rv32imac/ilp32/libc_nano.a(lib_a-fflush.o)
                0x0000000020400d46                _fflush_r
 .text.std      0x0000000020400daa       0x68 /home/alex/Desktop/chipStuff/riscv_tools/riscv64-unknown-elf-gcc-10.1.0-2020.07.0-x86_64-linux-ubuntu14/bin/../lib/gcc/riscv64-unknown-elf/10.1.0/../../../../riscv64-unknown-elf/lib/rv32imac/ilp32/libc_nano.a(lib_a-findfp.o)
 .text._cleanup_r
                0x0000000020400e12        0xa /home/alex/Desktop/chipStuff/riscv_tools/riscv64-unknown-elf-gcc-10.1.0-2020.07.0-x86_64-linux-ubuntu14/bin/../lib/gcc/riscv64-unknown-elf/10.1.0/../../../../riscv64-unknown-elf/lib/rv32imac/ilp32/libc_nano.a(lib_a-findfp.o)
                0x0000000020400e12                _cleanup_r
 .text.__sfmoreglue
                0x0000000020400e1c       0x44 /home/alex/Desktop/chipStuff/riscv_tools/riscv64-unknown-elf-gcc-10.1.0-2020.07.0-x86_64-linux-ubuntu14/bin/../lib/gcc/riscv64-unknown-elf/10.1.0/../../../../riscv64-unknown-elf/lib/rv32imac/ilp32/libc_nano.a(lib_a-findfp.o)
                0x0000000020400e1c                __sfmoreglue
 .text.__sinit  0x0000000020400e60       0x6a /home/alex/Desktop/chipStuff/riscv_tools/riscv64-unknown-elf-gcc-10.1.0-2020.07.0-x86_64-linux-ubuntu14/bin/../lib/gcc/riscv64-unknown-elf/10.1.0/../../../../riscv64-unknown-elf/lib/rv32imac/ilp32/libc_nano.a(lib_a-findfp.o)
                0x0000000020400e60                __sinit
 .text.__sfp    0x0000000020400eca       0x9c /home/alex/Desktop/chipStuff/riscv_tools/riscv64-unknown-elf-gcc-10.1.0-2020.07.0-x86_64-linux-ubuntu14/bin/../lib/gcc/riscv64-unknown-elf/10.1.0/../../../../riscv64-unknown-elf/lib/rv32imac/ilp32/libc_nano.a(lib_a-findfp.o)
                0x0000000020400eca                __sfp
 .text._fwalk_reent
                0x0000000020400f66       0x6a /home/alex/Desktop/chipStuff/riscv_tools/riscv64-unknown-elf-gcc-10.1.0-2020.07.0-x86_64-linux-ubuntu14/bin/../lib/gcc/riscv64-unknown-elf/10.1.0/../../../../riscv64-unknown-elf/lib/rv32imac/ilp32/libc_nano.a(lib_a-fwalk.o)
                0x0000000020400f66                _fwalk_reent
 .text.__swhatbuf_r
                0x0000000020400fd0       0x5a /home/alex/Desktop/chipStuff/riscv_tools/riscv64-unknown-elf-gcc-10.1.0-2020.07.0-x86_64-linux-ubuntu14/bin/../lib/gcc/riscv64-unknown-elf/10.1.0/../../../../riscv64-unknown-elf/lib/rv32imac/ilp32/libc_nano.a(lib_a-makebuf.o)
                0x0000000020400fd0                __swhatbuf_r
 .text.__smakebuf_r
                0x000000002040102a       0x9c /home/alex/Desktop/chipStuff/riscv_tools/riscv64-unknown-elf-gcc-10.1.0-2020.07.0-x86_64-linux-ubuntu14/bin/../lib/gcc/riscv64-unknown-elf/10.1.0/../../../../riscv64-unknown-elf/lib/rv32imac/ilp32/libc_nano.a(lib_a-makebuf.o)
                0x000000002040102a                __smakebuf_r
 .text          0x00000000204010c6       0xa8 /home/alex/Desktop/chipStuff/riscv_tools/riscv64-unknown-elf-gcc-10.1.0-2020.07.0-x86_64-linux-ubuntu14/bin/../lib/gcc/riscv64-unknown-elf/10.1.0/../../../../riscv64-unknown-elf/lib/rv32imac/ilp32/libc_nano.a(lib_a-memset.o)
                0x00000000204010c6                memset
 .text._free_r  0x000000002040116e       0xa2 /home/alex/Desktop/chipStuff/riscv_tools/riscv64-unknown-elf-gcc-10.1.0-2020.07.0-x86_64-linux-ubuntu14/bin/../lib/gcc/riscv64-unknown-elf/10.1.0/../../../../riscv64-unknown-elf/lib/rv32imac/ilp32/libc_nano.a(lib_a-nano-freer.o)
                0x000000002040116e                _free_r
 .text._malloc_r
                0x0000000020401210       0xd8 /home/alex/Desktop/chipStuff/riscv_tools/riscv64-unknown-elf-gcc-10.1.0-2020.07.0-x86_64-linux-ubuntu14/bin/../lib/gcc/riscv64-unknown-elf/10.1.0/../../../../riscv64-unknown-elf/lib/rv32imac/ilp32/libc_nano.a(lib_a-nano-mallocr.o)
                0x0000000020401210                _malloc_r
 .text._sbrk_r  0x00000000204012e8       0x30 /home/alex/Desktop/chipStuff/riscv_tools/riscv64-unknown-elf-gcc-10.1.0-2020.07.0-x86_64-linux-ubuntu14/bin/../lib/gcc/riscv64-unknown-elf/10.1.0/../../../../riscv64-unknown-elf/lib/rv32imac/ilp32/libc_nano.a(lib_a-sbrkr.o)
                0x00000000204012e8                _sbrk_r
 .text.__sread  0x0000000020401318       0x30 /home/alex/Desktop/chipStuff/riscv_tools/riscv64-unknown-elf-gcc-10.1.0-2020.07.0-x86_64-linux-ubuntu14/bin/../lib/gcc/riscv64-unknown-elf/10.1.0/../../../../riscv64-unknown-elf/lib/rv32imac/ilp32/libc_nano.a(lib_a-stdio.o)
                0x0000000020401318                __sread
 .text.__swrite
                0x0000000020401348       0x4e /home/alex/Desktop/chipStuff/riscv_tools/riscv64-unknown-elf-gcc-10.1.0-2020.07.0-x86_64-linux-ubuntu14/bin/../lib/gcc/riscv64-unknown-elf/10.1.0/../../../../riscv64-unknown-elf/lib/rv32imac/ilp32/libc_nano.a(lib_a-stdio.o)
                0x0000000020401348                __swrite
 .text.__sseek  0x0000000020401396       0x36 /home/alex/Desktop/chipStuff/riscv_tools/riscv64-unknown-elf-gcc-10.1.0-2020.07.0-x86_64-linux-ubuntu14/bin/../lib/gcc/riscv64-unknown-elf/10.1.0/../../../../riscv64-unknown-elf/lib/rv32imac/ilp32/libc_nano.a(lib_a-stdio.o)
                0x0000000020401396                __sseek
 .text.__sclose
                0x00000000204013cc        0x6 /home/alex/Desktop/chipStuff/riscv_tools/riscv64-unknown-elf-gcc-10.1.0-2020.07.0-x86_64-linux-ubuntu14/bin/../lib/gcc/riscv64-unknown-elf/10.1.0/../../../../riscv64-unknown-elf/lib/rv32imac/ilp32/libc_nano.a(lib_a-stdio.o)
                0x00000000204013cc                __sclose
 .text._write_r
                0x00000000204013d2       0x34 /home/alex/Desktop/chipStuff/riscv_tools/riscv64-unknown-elf-gcc-10.1.0-2020.07.0-x86_64-linux-ubuntu14/bin/../lib/gcc/riscv64-unknown-elf/10.1.0/../../../../riscv64-unknown-elf/lib/rv32imac/ilp32/libc_nano.a(lib_a-writer.o)
                0x00000000204013d2                _write_r
 .text._close_r
                0x0000000020401406       0x30 /home/alex/Desktop/chipStuff/riscv_tools/riscv64-unknown-elf-gcc-10.1.0-2020.07.0-x86_64-linux-ubuntu14/bin/../lib/gcc/riscv64-unknown-elf/10.1.0/../../../../riscv64-unknown-elf/lib/rv32imac/ilp32/libc_nano.a(lib_a-closer.o)
                0x0000000020401406                _close_r
 .text._fstat_r
                0x0000000020401436       0x32 /home/alex/Desktop/chipStuff/riscv_tools/riscv64-unknown-elf-gcc-10.1.0-2020.07.0-x86_64-linux-ubuntu14/bin/../lib/gcc/riscv64-unknown-elf/10.1.0/../../../../riscv64-unknown-elf/lib/rv32imac/ilp32/libc_nano.a(lib_a-fstatr.o)
                0x0000000020401436                _fstat_r
 .text._isatty_r
                0x0000000020401468       0x30 /home/alex/Desktop/chipStuff/riscv_tools/riscv64-unknown-elf-gcc-10.1.0-2020.07.0-x86_64-linux-ubuntu14/bin/../lib/gcc/riscv64-unknown-elf/10.1.0/../../../../riscv64-unknown-elf/lib/rv32imac/ilp32/libc_nano.a(lib_a-isattyr.o)
                0x0000000020401468                _isatty_r
 .text._lseek_r
                0x0000000020401498       0x34 /home/alex/Desktop/chipStuff/riscv_tools/riscv64-unknown-elf-gcc-10.1.0-2020.07.0-x86_64-linux-ubuntu14/bin/../lib/gcc/riscv64-unknown-elf/10.1.0/../../../../riscv64-unknown-elf/lib/rv32imac/ilp32/libc_nano.a(lib_a-lseekr.o)
                0x0000000020401498                _lseek_r
 .text.__malloc_lock
                0x00000000204014cc        0x2 /home/alex/Desktop/chipStuff/riscv_tools/riscv64-unknown-elf-gcc-10.1.0-2020.07.0-x86_64-linux-ubuntu14/bin/../lib/gcc/riscv64-unknown-elf/10.1.0/../../../../riscv64-unknown-elf/lib/rv32imac/ilp32/libc_nano.a(lib_a-mlock.o)
                0x00000000204014cc                __malloc_lock
 .text.__malloc_unlock
                0x00000000204014ce        0x2 /home/alex/Desktop/chipStuff/riscv_tools/riscv64-unknown-elf-gcc-10.1.0-2020.07.0-x86_64-linux-ubuntu14/bin/../lib/gcc/riscv64-unknown-elf/10.1.0/../../../../riscv64-unknown-elf/lib/rv32imac/ilp32/libc_nano.a(lib_a-mlock.o)
                0x00000000204014ce                __malloc_unlock
 .text._read_r  0x00000000204014d0       0x34 /home/alex/Desktop/chipStuff/riscv_tools/riscv64-unknown-elf-gcc-10.1.0-2020.07.0-x86_64-linux-ubuntu14/bin/../lib/gcc/riscv64-unknown-elf/10.1.0/../../../../riscv64-unknown-elf/lib/rv32imac/ilp32/libc_nano.a(lib_a-readr.o)
                0x00000000204014d0                _read_r
 .text.metal_cpu_timer_interrupt_controller
                0x0000000020401504        0x6 /home/alex/Desktop/chipStuff/freedom-e-sdk/bsp/freedom-e310-arty/install/lib/release//libmetal.a(cpu.o)
                0x0000000020401504                metal_cpu_timer_interrupt_controller
 .text.metal_cpu_timer_get_interrupt_id
                0x000000002040150a        0x6 /home/alex/Desktop/chipStuff/freedom-e-sdk/bsp/freedom-e310-arty/install/lib/release//libmetal.a(cpu.o)
                0x000000002040150a                metal_cpu_timer_get_interrupt_id
 .text.metal_cpu_interrupt_controller
                0x0000000020401510        0x6 /home/alex/Desktop/chipStuff/freedom-e-sdk/bsp/freedom-e310-arty/install/lib/release//libmetal.a(cpu.o)
                0x0000000020401510                metal_cpu_interrupt_controller
 .text.metal_cpu_get
                0x0000000020401516       0x10 /home/alex/Desktop/chipStuff/freedom-e-sdk/bsp/freedom-e310-arty/install/lib/release//libmetal.a(cpu.o)
                0x0000000020401516                metal_cpu_get
 .text.metal_cpu_get_current_hartid
                0x0000000020401526        0x6 /home/alex/Desktop/chipStuff/freedom-e-sdk/bsp/freedom-e310-arty/install/lib/release//libmetal.a(cpu.o)
                0x0000000020401526                metal_cpu_get_current_hartid
 .text.metal_gpio_get_device
                0x000000002040152c       0x16 /home/alex/Desktop/chipStuff/freedom-e-sdk/bsp/freedom-e310-arty/install/lib/release//libmetal.a(gpio.o)
                0x000000002040152c                metal_gpio_get_device
 .text.metal_interrupt_init
                0x0000000020401542        0x6 /home/alex/Desktop/chipStuff/freedom-e-sdk/bsp/freedom-e310-arty/install/lib/release//libmetal.a(interrupt.o)
                0x0000000020401542                metal_interrupt_init
 .text.metal_interrupt_register_handler
                0x0000000020401548        0x6 /home/alex/Desktop/chipStuff/freedom-e-sdk/bsp/freedom-e310-arty/install/lib/release//libmetal.a(interrupt.o)
                0x0000000020401548                metal_interrupt_register_handler
 .text.metal_interrupt_enable
                0x000000002040154e        0x6 /home/alex/Desktop/chipStuff/freedom-e-sdk/bsp/freedom-e310-arty/install/lib/release//libmetal.a(interrupt.o)
                0x000000002040154e                metal_interrupt_enable
 .text.metal_led_enable
                0x0000000020401554        0x6 /home/alex/Desktop/chipStuff/freedom-e-sdk/bsp/freedom-e310-arty/install/lib/release//libmetal.a(led.o)
                0x0000000020401554                metal_led_enable
 .text.metal_led_on
                0x000000002040155a        0x6 /home/alex/Desktop/chipStuff/freedom-e-sdk/bsp/freedom-e310-arty/install/lib/release//libmetal.a(led.o)
                0x000000002040155a                metal_led_on
 .text.metal_led_toggle
                0x0000000020401560        0x6 /home/alex/Desktop/chipStuff/freedom-e-sdk/bsp/freedom-e310-arty/install/lib/release//libmetal.a(led.o)
                0x0000000020401560                metal_led_toggle
 .text.__metal_driver_riscv_clint0_mtimecmp_set
                0x0000000020401566       0x2c /home/alex/Desktop/chipStuff/freedom-e-sdk/bsp/freedom-e310-arty/install/lib/release//libmetal.a(riscv_clint0.o)
                0x0000000020401566                __metal_driver_riscv_clint0_mtimecmp_set
 .text.__metal_driver_riscv_clint0_init
                0x0000000020401592       0x56 /home/alex/Desktop/chipStuff/freedom-e-sdk/bsp/freedom-e310-arty/install/lib/release//libmetal.a(riscv_clint0.o)
                0x0000000020401592                __metal_driver_riscv_clint0_init
 .text.__metal_driver_riscv_clint0_vector_register
                0x00000000204015e8        0x4 /home/alex/Desktop/chipStuff/freedom-e-sdk/bsp/freedom-e310-arty/install/lib/release//libmetal.a(riscv_clint0.o)
                0x00000000204015e8                __metal_driver_riscv_clint0_vector_register
 .text.__metal_driver_riscv_clint0_get_vector_mode
                0x00000000204015ec        0x4 /home/alex/Desktop/chipStuff/freedom-e-sdk/bsp/freedom-e310-arty/install/lib/release//libmetal.a(riscv_clint0.o)
                0x00000000204015ec                __metal_driver_riscv_clint0_get_vector_mode
 .text._get_cpu_intc
                0x00000000204015f0       0x10 /home/alex/Desktop/chipStuff/freedom-e-sdk/bsp/freedom-e310-arty/install/lib/release//libmetal.a(riscv_clint0.o)
 .text.__metal_driver_riscv_clint0_register
                0x0000000020401600       0x6e /home/alex/Desktop/chipStuff/freedom-e-sdk/bsp/freedom-e310-arty/install/lib/release//libmetal.a(riscv_clint0.o)
                0x0000000020401600                __metal_driver_riscv_clint0_register
 .text.__metal_driver_riscv_clint0_set_vector_mode
                0x000000002040166e       0x24 /home/alex/Desktop/chipStuff/freedom-e-sdk/bsp/freedom-e310-arty/install/lib/release//libmetal.a(riscv_clint0.o)
                0x000000002040166e                __metal_driver_riscv_clint0_set_vector_mode
 .text.__metal_driver_riscv_clint0_enable
                0x0000000020401692       0x56 /home/alex/Desktop/chipStuff/freedom-e-sdk/bsp/freedom-e310-arty/install/lib/release//libmetal.a(riscv_clint0.o)
                0x0000000020401692                __metal_driver_riscv_clint0_enable
 .text.__metal_driver_riscv_clint0_disable
                0x00000000204016e8       0x56 /home/alex/Desktop/chipStuff/freedom-e-sdk/bsp/freedom-e310-arty/install/lib/release//libmetal.a(riscv_clint0.o)
                0x00000000204016e8                __metal_driver_riscv_clint0_disable
 .text.__metal_clint0_mtime_get
                0x000000002040173e       0x2a /home/alex/Desktop/chipStuff/freedom-e-sdk/bsp/freedom-e310-arty/install/lib/release//libmetal.a(riscv_clint0.o)
                0x000000002040173e                __metal_clint0_mtime_get
 .text.__metal_driver_riscv_clint0_command_request
                0x0000000020401768       0x84 /home/alex/Desktop/chipStuff/freedom-e-sdk/bsp/freedom-e310-arty/install/lib/release//libmetal.a(riscv_clint0.o)
                0x0000000020401768                __metal_driver_riscv_clint0_command_request
 .text.__metal_driver_riscv_clint0_clear_interrupt
                0x00000000204017ec       0x1c /home/alex/Desktop/chipStuff/freedom-e-sdk/bsp/freedom-e310-arty/install/lib/release//libmetal.a(riscv_clint0.o)
                0x00000000204017ec                __metal_driver_riscv_clint0_clear_interrupt
 .text.__metal_driver_riscv_clint0_set_interrupt
                0x0000000020401808       0x1c /home/alex/Desktop/chipStuff/freedom-e-sdk/bsp/freedom-e310-arty/install/lib/release//libmetal.a(riscv_clint0.o)
                0x0000000020401808                __metal_driver_riscv_clint0_set_interrupt
 .text.__metal_default_sw_handler
                0x0000000020401824       0x40 /home/alex/Desktop/chipStuff/freedom-e-sdk/bsp/freedom-e310-arty/install/lib/release//libmetal.a(riscv_cpu.o)
                0x0000000020401824                __metal_default_sw_handler
 .text.__metal_default_beu_handler
                0x0000000020401864        0x2 /home/alex/Desktop/chipStuff/freedom-e-sdk/bsp/freedom-e310-arty/install/lib/release//libmetal.a(riscv_cpu.o)
                0x0000000020401864                __metal_default_beu_handler
 *fill*         0x0000000020401866       0x1a 
 .text.__metal_exception_handler
                0x0000000020401880       0xfa /home/alex/Desktop/chipStuff/freedom-e-sdk/bsp/freedom-e310-arty/install/lib/release//libmetal.a(riscv_cpu.o)
                0x0000000020401880                __metal_exception_handler
 .text.__metal_driver_riscv_cpu_controller_command_request
                0x000000002040197a        0x4 /home/alex/Desktop/chipStuff/freedom-e-sdk/bsp/freedom-e310-arty/install/lib/release//libmetal.a(riscv_cpu.o)
                0x000000002040197a                __metal_driver_riscv_cpu_controller_command_request
 .text.__metal_driver_cpu_mcycle_get
                0x000000002040197e       0x12 /home/alex/Desktop/chipStuff/freedom-e-sdk/bsp/freedom-e310-arty/install/lib/release//libmetal.a(riscv_cpu.o)
                0x000000002040197e                __metal_driver_cpu_mcycle_get
 .text.__metal_driver_cpu_timebase_get
                0x0000000020401990       0x22 /home/alex/Desktop/chipStuff/freedom-e-sdk/bsp/freedom-e310-arty/install/lib/release//libmetal.a(riscv_cpu.o)
                0x0000000020401990                __metal_driver_cpu_timebase_get
 .text.__metal_driver_cpu_mtime_get
                0x00000000204019b2       0x32 /home/alex/Desktop/chipStuff/freedom-e-sdk/bsp/freedom-e310-arty/install/lib/release//libmetal.a(riscv_cpu.o)
                0x00000000204019b2                __metal_driver_cpu_mtime_get
 .text.__metal_driver_cpu_timer_controller_interrupt
                0x00000000204019e4        0xa /home/alex/Desktop/chipStuff/freedom-e-sdk/bsp/freedom-e310-arty/install/lib/release//libmetal.a(riscv_cpu.o)
                0x00000000204019e4                __metal_driver_cpu_timer_controller_interrupt
 .text.__metal_driver_cpu_get_timer_interrupt_id
                0x00000000204019ee        0x4 /home/alex/Desktop/chipStuff/freedom-e-sdk/bsp/freedom-e310-arty/install/lib/release//libmetal.a(riscv_cpu.o)
                0x00000000204019ee                __metal_driver_cpu_get_timer_interrupt_id
 .text.__metal_driver_cpu_get_sw_interrupt_id
                0x00000000204019f2        0x4 /home/alex/Desktop/chipStuff/freedom-e-sdk/bsp/freedom-e310-arty/install/lib/release//libmetal.a(riscv_cpu.o)
                0x00000000204019f2                __metal_driver_cpu_get_sw_interrupt_id
 .text.__metal_driver_cpu_set_sw_ipi
                0x00000000204019f6       0x30 /home/alex/Desktop/chipStuff/freedom-e-sdk/bsp/freedom-e310-arty/install/lib/release//libmetal.a(riscv_cpu.o)
                0x00000000204019f6                __metal_driver_cpu_set_sw_ipi
 .text.__metal_driver_cpu_clear_sw_ipi
                0x0000000020401a26       0x30 /home/alex/Desktop/chipStuff/freedom-e-sdk/bsp/freedom-e310-arty/install/lib/release//libmetal.a(riscv_cpu.o)
                0x0000000020401a26                __metal_driver_cpu_clear_sw_ipi
 .text.__metal_driver_cpu_get_msip
                0x0000000020401a56       0x30 /home/alex/Desktop/chipStuff/freedom-e-sdk/bsp/freedom-e310-arty/install/lib/release//libmetal.a(riscv_cpu.o)
                0x0000000020401a56                __metal_driver_cpu_get_msip
 .text.__metal_driver_cpu_controller_interrupt
                0x0000000020401a86       0x16 /home/alex/Desktop/chipStuff/freedom-e-sdk/bsp/freedom-e310-arty/install/lib/release//libmetal.a(riscv_cpu.o)
                0x0000000020401a86                __metal_driver_cpu_controller_interrupt
 .text.__metal_driver_cpu_get_instruction_length
                0x0000000020401a9c       0x12 /home/alex/Desktop/chipStuff/freedom-e-sdk/bsp/freedom-e310-arty/install/lib/release//libmetal.a(riscv_cpu.o)
                0x0000000020401a9c                __metal_driver_cpu_get_instruction_length
 .text.__metal_driver_cpu_get_exception_pc
                0x0000000020401aae        0x6 /home/alex/Desktop/chipStuff/freedom-e-sdk/bsp/freedom-e310-arty/install/lib/release//libmetal.a(riscv_cpu.o)
                0x0000000020401aae                __metal_driver_cpu_get_exception_pc
 .text.__metal_driver_cpu_set_exception_pc
                0x0000000020401ab4        0x8 /home/alex/Desktop/chipStuff/freedom-e-sdk/bsp/freedom-e310-arty/install/lib/release//libmetal.a(riscv_cpu.o)
                0x0000000020401ab4                __metal_driver_cpu_set_exception_pc
 .text.__metal_driver_cpu_get_buserror
                0x0000000020401abc        0x4 /home/alex/Desktop/chipStuff/freedom-e-sdk/bsp/freedom-e310-arty/install/lib/release//libmetal.a(riscv_cpu.o)
                0x0000000020401abc                __metal_driver_cpu_get_buserror
 .text.__metal_default_exception_handler
                0x0000000020401ac0        0xc /home/alex/Desktop/chipStuff/freedom-e-sdk/bsp/freedom-e310-arty/install/lib/release//libmetal.a(riscv_cpu.o)
                0x0000000020401ac0                __metal_default_exception_handler
 .text.__metal_default_interrupt_handler
                0x0000000020401acc        0xc /home/alex/Desktop/chipStuff/freedom-e-sdk/bsp/freedom-e310-arty/install/lib/release//libmetal.a(riscv_cpu.o)
                0x0000000020401acc                __metal_default_interrupt_handler
 .text.__metal_driver_cpu_mtimecmp_set
                0x0000000020401ad8       0x22 /home/alex/Desktop/chipStuff/freedom-e-sdk/bsp/freedom-e310-arty/install/lib/release//libmetal.a(riscv_cpu.o)
                0x0000000020401ad8                __metal_driver_cpu_mtimecmp_set
 .text.__metal_driver_riscv_cpu_controller_interrupt_init
                0x0000000020401afa       0x5e /home/alex/Desktop/chipStuff/freedom-e-sdk/bsp/freedom-e310-arty/install/lib/release//libmetal.a(riscv_cpu.o)
                0x0000000020401afa                __metal_driver_riscv_cpu_controller_interrupt_init
 .text.__metal_driver_cpu_sw_controller_interrupt
                0x0000000020401b58        0xa /home/alex/Desktop/chipStuff/freedom-e-sdk/bsp/freedom-e310-arty/install/lib/release//libmetal.a(riscv_cpu.o)
                0x0000000020401b58                __metal_driver_cpu_sw_controller_interrupt
 .text.__metal_driver_riscv_cpu_controller_set_vector_mode
                0x0000000020401b62       0x32 /home/alex/Desktop/chipStuff/freedom-e-sdk/bsp/freedom-e310-arty/install/lib/release//libmetal.a(riscv_cpu.o)
                0x0000000020401b62                __metal_driver_riscv_cpu_controller_set_vector_mode
 .text.__metal_driver_cpu_get
                0x0000000020401b94       0x14 /home/alex/Desktop/chipStuff/freedom-e-sdk/bsp/freedom-e310-arty/install/lib/release//libmetal.a(riscv_cpu.o)
                0x0000000020401b94                __metal_driver_cpu_get
 .text.__metal_default_timer_handler
                0x0000000020401ba8       0x26 /home/alex/Desktop/chipStuff/freedom-e-sdk/bsp/freedom-e310-arty/install/lib/release//libmetal.a(riscv_cpu.o)
                0x0000000020401ba8                __metal_default_timer_handler
 .text.__metal_myhart_id
                0x0000000020401bce        0x6 /home/alex/Desktop/chipStuff/freedom-e-sdk/bsp/freedom-e310-arty/install/lib/release//libmetal.a(riscv_cpu.o)
                0x0000000020401bce                __metal_myhart_id
 .text.metal_interrupt_vector_handler
                0x0000000020401bd4       0x2a /home/alex/Desktop/chipStuff/freedom-e-sdk/bsp/freedom-e310-arty/install/lib/release//libmetal.a(riscv_cpu.o)
                0x0000000020401bd4                metal_interrupt_vector_handler
 .text.metal_software_interrupt_vector_handler
                0x0000000020401bfe       0x7c /home/alex/Desktop/chipStuff/freedom-e-sdk/bsp/freedom-e310-arty/install/lib/release//libmetal.a(riscv_cpu.o)
                0x0000000020401bfe                metal_software_interrupt_vector_handler
 .text.metal_timer_interrupt_vector_handler
                0x0000000020401c7a       0x7c /home/alex/Desktop/chipStuff/freedom-e-sdk/bsp/freedom-e310-arty/install/lib/release//libmetal.a(riscv_cpu.o)
                0x0000000020401c7a                metal_timer_interrupt_vector_handler
 .text.metal_lc0_interrupt_vector_handler
                0x0000000020401cf6       0x7c /home/alex/Desktop/chipStuff/freedom-e-sdk/bsp/freedom-e310-arty/install/lib/release//libmetal.a(riscv_cpu.o)
                0x0000000020401cf6                metal_lc0_interrupt_vector_handler
 .text.metal_lc1_interrupt_vector_handler
                0x0000000020401d72       0x7c /home/alex/Desktop/chipStuff/freedom-e-sdk/bsp/freedom-e310-arty/install/lib/release//libmetal.a(riscv_cpu.o)
                0x0000000020401d72                metal_lc1_interrupt_vector_handler
 .text.metal_lc2_interrupt_vector_handler
                0x0000000020401dee       0x7c /home/alex/Desktop/chipStuff/freedom-e-sdk/bsp/freedom-e310-arty/install/lib/release//libmetal.a(riscv_cpu.o)
                0x0000000020401dee                metal_lc2_interrupt_vector_handler
 .text.metal_lc3_interrupt_vector_handler
                0x0000000020401e6a       0x7c /home/alex/Desktop/chipStuff/freedom-e-sdk/bsp/freedom-e310-arty/install/lib/release//libmetal.a(riscv_cpu.o)
                0x0000000020401e6a                metal_lc3_interrupt_vector_handler
 .text.metal_lc4_interrupt_vector_handler
                0x0000000020401ee6       0x7c /home/alex/Desktop/chipStuff/freedom-e-sdk/bsp/freedom-e310-arty/install/lib/release//libmetal.a(riscv_cpu.o)
                0x0000000020401ee6                metal_lc4_interrupt_vector_handler
 .text.metal_lc5_interrupt_vector_handler
                0x0000000020401f62       0x7c /home/alex/Desktop/chipStuff/freedom-e-sdk/bsp/freedom-e310-arty/install/lib/release//libmetal.a(riscv_cpu.o)
                0x0000000020401f62                metal_lc5_interrupt_vector_handler
 .text.metal_lc6_interrupt_vector_handler
                0x0000000020401fde       0x7c /home/alex/Desktop/chipStuff/freedom-e-sdk/bsp/freedom-e310-arty/install/lib/release//libmetal.a(riscv_cpu.o)
                0x0000000020401fde                metal_lc6_interrupt_vector_handler
 .text.metal_lc7_interrupt_vector_handler
                0x000000002040205a       0x7c /home/alex/Desktop/chipStuff/freedom-e-sdk/bsp/freedom-e310-arty/install/lib/release//libmetal.a(riscv_cpu.o)
                0x000000002040205a                metal_lc7_interrupt_vector_handler
 .text.metal_lc8_interrupt_vector_handler
                0x00000000204020d6       0x7c /home/alex/Desktop/chipStuff/freedom-e-sdk/bsp/freedom-e310-arty/install/lib/release//libmetal.a(riscv_cpu.o)
                0x00000000204020d6                metal_lc8_interrupt_vector_handler
 .text.metal_lc9_interrupt_vector_handler
                0x0000000020402152       0x7c /home/alex/Desktop/chipStuff/freedom-e-sdk/bsp/freedom-e310-arty/install/lib/release//libmetal.a(riscv_cpu.o)
                0x0000000020402152                metal_lc9_interrupt_vector_handler
 .text.metal_lc10_interrupt_vector_handler
                0x00000000204021ce       0x7c /home/alex/Desktop/chipStuff/freedom-e-sdk/bsp/freedom-e310-arty/install/lib/release//libmetal.a(riscv_cpu.o)
                0x00000000204021ce                metal_lc10_interrupt_vector_handler
 .text.metal_lc11_interrupt_vector_handler
                0x000000002040224a       0x7c /home/alex/Desktop/chipStuff/freedom-e-sdk/bsp/freedom-e310-arty/install/lib/release//libmetal.a(riscv_cpu.o)
                0x000000002040224a                metal_lc11_interrupt_vector_handler
 .text.metal_lc12_interrupt_vector_handler
                0x00000000204022c6       0x7c /home/alex/Desktop/chipStuff/freedom-e-sdk/bsp/freedom-e310-arty/install/lib/release//libmetal.a(riscv_cpu.o)
                0x00000000204022c6                metal_lc12_interrupt_vector_handler
 .text.metal_lc13_interrupt_vector_handler
                0x0000000020402342       0x7c /home/alex/Desktop/chipStuff/freedom-e-sdk/bsp/freedom-e310-arty/install/lib/release//libmetal.a(riscv_cpu.o)
                0x0000000020402342                metal_lc13_interrupt_vector_handler
 .text.metal_lc14_interrupt_vector_handler
                0x00000000204023be       0x7c /home/alex/Desktop/chipStuff/freedom-e-sdk/bsp/freedom-e310-arty/install/lib/release//libmetal.a(riscv_cpu.o)
                0x00000000204023be                metal_lc14_interrupt_vector_handler
 .text.metal_lc15_interrupt_vector_handler
                0x000000002040243a       0x7c /home/alex/Desktop/chipStuff/freedom-e-sdk/bsp/freedom-e310-arty/install/lib/release//libmetal.a(riscv_cpu.o)
                0x000000002040243a                metal_lc15_interrupt_vector_handler
 .text.__metal_controller_interrupt_vector_mode
                0x00000000204024b6       0x22 /home/alex/Desktop/chipStuff/freedom-e-sdk/bsp/freedom-e310-arty/install/lib/release//libmetal.a(riscv_cpu.o)
                0x00000000204024b6                __metal_controller_interrupt_vector_mode
 .text.__metal_driver_riscv_cpu_controller_get_vector_mode
                0x00000000204024d8        0x2 /home/alex/Desktop/chipStuff/freedom-e-sdk/bsp/freedom-e310-arty/install/lib/release//libmetal.a(riscv_cpu.o)
                0x00000000204024d8                __metal_driver_riscv_cpu_controller_get_vector_mode
 .text.__metal_valid_interrupt_id
                0x00000000204024da       0x2e /home/alex/Desktop/chipStuff/freedom-e-sdk/bsp/freedom-e310-arty/install/lib/release//libmetal.a(riscv_cpu.o)
                0x00000000204024da                __metal_valid_interrupt_id
 .text.__metal_driver_riscv_cpu_controller_interrupt_register
                0x0000000020402508       0xd4 /home/alex/Desktop/chipStuff/freedom-e-sdk/bsp/freedom-e310-arty/install/lib/release//libmetal.a(riscv_cpu.o)
                0x0000000020402508                __metal_driver_riscv_cpu_controller_interrupt_register
 .text.__metal_local_interrupt_enable
                0x00000000204025dc       0x6e /home/alex/Desktop/chipStuff/freedom-e-sdk/bsp/freedom-e310-arty/install/lib/release//libmetal.a(riscv_cpu.o)
                0x00000000204025dc                __metal_local_interrupt_enable
 .text.__metal_driver_riscv_cpu_controller_interrupt_enable
                0x000000002040264a        0x4 /home/alex/Desktop/chipStuff/freedom-e-sdk/bsp/freedom-e310-arty/install/lib/release//libmetal.a(riscv_cpu.o)
                0x000000002040264a                __metal_driver_riscv_cpu_controller_interrupt_enable
 .text.__metal_driver_riscv_cpu_controller_interrupt_disable
                0x000000002040264e        0x4 /home/alex/Desktop/chipStuff/freedom-e-sdk/bsp/freedom-e310-arty/install/lib/release//libmetal.a(riscv_cpu.o)
                0x000000002040264e                __metal_driver_riscv_cpu_controller_interrupt_disable
 .text.__metal_exception_register
                0x0000000020402652       0x1c /home/alex/Desktop/chipStuff/freedom-e-sdk/bsp/freedom-e310-arty/install/lib/release//libmetal.a(riscv_cpu.o)
                0x0000000020402652                __metal_exception_register
 .text.__metal_driver_cpu_exception_register
                0x000000002040266e       0x16 /home/alex/Desktop/chipStuff/freedom-e-sdk/bsp/freedom-e310-arty/install/lib/release//libmetal.a(riscv_cpu.o)
                0x000000002040266e                __metal_driver_cpu_exception_register
 .text.__metal_driver_riscv_plic0_set_priority
                0x0000000020402684       0x26 /home/alex/Desktop/chipStuff/freedom-e-sdk/bsp/freedom-e310-arty/install/lib/release//libmetal.a(riscv_plic0.o)
                0x0000000020402684                __metal_driver_riscv_plic0_set_priority
 .text.__metal_driver_riscv_plic0_get_priority
                0x00000000204026aa       0x1c /home/alex/Desktop/chipStuff/freedom-e-sdk/bsp/freedom-e310-arty/install/lib/release//libmetal.a(riscv_plic0.o)
                0x00000000204026aa                __metal_driver_riscv_plic0_get_priority
 .text.__metal_plic0_default_handler
                0x00000000204026c6        0xc /home/alex/Desktop/chipStuff/freedom-e-sdk/bsp/freedom-e310-arty/install/lib/release//libmetal.a(riscv_plic0.o)
                0x00000000204026c6                __metal_plic0_default_handler
 .text.__metal_driver_riscv_plic0_register
                0x00000000204026d2       0x84 /home/alex/Desktop/chipStuff/freedom-e-sdk/bsp/freedom-e310-arty/install/lib/release//libmetal.a(riscv_plic0.o)
                0x00000000204026d2                __metal_driver_riscv_plic0_register
 .text.__metal_plic0_claim_interrupt
                0x0000000020402756       0x22 /home/alex/Desktop/chipStuff/freedom-e-sdk/bsp/freedom-e310-arty/install/lib/release//libmetal.a(riscv_plic0.o)
                0x0000000020402756                __metal_plic0_claim_interrupt
 .text.__metal_plic0_complete_interrupt
                0x0000000020402778       0x22 /home/alex/Desktop/chipStuff/freedom-e-sdk/bsp/freedom-e310-arty/install/lib/release//libmetal.a(riscv_plic0.o)
                0x0000000020402778                __metal_plic0_complete_interrupt
 .text.__metal_plic0_handler
                0x000000002040279a       0x5a /home/alex/Desktop/chipStuff/freedom-e-sdk/bsp/freedom-e310-arty/install/lib/release//libmetal.a(riscv_plic0.o)
                0x000000002040279a                __metal_plic0_handler
 .text.__metal_plic0_set_threshold
                0x00000000204027f4       0x22 /home/alex/Desktop/chipStuff/freedom-e-sdk/bsp/freedom-e310-arty/install/lib/release//libmetal.a(riscv_plic0.o)
                0x00000000204027f4                __metal_plic0_set_threshold
 .text.__metal_driver_riscv_plic0_set_threshold
                0x0000000020402816       0x1c /home/alex/Desktop/chipStuff/freedom-e-sdk/bsp/freedom-e310-arty/install/lib/release//libmetal.a(riscv_plic0.o)
                0x0000000020402816                __metal_driver_riscv_plic0_set_threshold
 .text.__metal_driver_riscv_plic0_affinity_set_threshold
                0x0000000020402832       0x48 /home/alex/Desktop/chipStuff/freedom-e-sdk/bsp/freedom-e310-arty/install/lib/release//libmetal.a(riscv_plic0.o)
                0x0000000020402832                __metal_driver_riscv_plic0_affinity_set_threshold
 .text.__metal_plic0_get_threshold
                0x000000002040287a       0x22 /home/alex/Desktop/chipStuff/freedom-e-sdk/bsp/freedom-e310-arty/install/lib/release//libmetal.a(riscv_plic0.o)
                0x000000002040287a                __metal_plic0_get_threshold
 .text.__metal_driver_riscv_plic0_get_threshold
                0x000000002040289c       0x18 /home/alex/Desktop/chipStuff/freedom-e-sdk/bsp/freedom-e310-arty/install/lib/release//libmetal.a(riscv_plic0.o)
                0x000000002040289c                __metal_driver_riscv_plic0_get_threshold
 .text.__metal_driver_riscv_plic0_affinity_get_threshold
                0x00000000204028b4        0xe /home/alex/Desktop/chipStuff/freedom-e-sdk/bsp/freedom-e310-arty/install/lib/release//libmetal.a(riscv_plic0.o)
                0x00000000204028b4                __metal_driver_riscv_plic0_affinity_get_threshold
 .text.__metal_plic0_enable
                0x00000000204028c2       0x3c /home/alex/Desktop/chipStuff/freedom-e-sdk/bsp/freedom-e310-arty/install/lib/release//libmetal.a(riscv_plic0.o)
                0x00000000204028c2                __metal_plic0_enable
 .text.__metal_driver_riscv_plic0_init
                0x00000000204028fe       0xd6 /home/alex/Desktop/chipStuff/freedom-e-sdk/bsp/freedom-e310-arty/install/lib/release//libmetal.a(riscv_plic0.o)
                0x00000000204028fe                __metal_driver_riscv_plic0_init
 .text.__metal_driver_riscv_plic0_enable
                0x00000000204029d4       0x3a /home/alex/Desktop/chipStuff/freedom-e-sdk/bsp/freedom-e310-arty/install/lib/release//libmetal.a(riscv_plic0.o)
                0x00000000204029d4                __metal_driver_riscv_plic0_enable
 .text.__metal_driver_riscv_plic0_disable
                0x0000000020402a0e       0x3a /home/alex/Desktop/chipStuff/freedom-e-sdk/bsp/freedom-e310-arty/install/lib/release//libmetal.a(riscv_plic0.o)
                0x0000000020402a0e                __metal_driver_riscv_plic0_disable
 .text.__metal_driver_riscv_plic0_affinity_enable
                0x0000000020402a48       0x60 /home/alex/Desktop/chipStuff/freedom-e-sdk/bsp/freedom-e310-arty/install/lib/release//libmetal.a(riscv_plic0.o)
                0x0000000020402a48                __metal_driver_riscv_plic0_affinity_enable
 .text.__metal_driver_riscv_plic0_affinity_disable
                0x0000000020402aa8       0x60 /home/alex/Desktop/chipStuff/freedom-e-sdk/bsp/freedom-e310-arty/install/lib/release//libmetal.a(riscv_plic0.o)
                0x0000000020402aa8                __metal_driver_riscv_plic0_affinity_disable
 .text.__metal_driver_sifive_gpio0_enable_input
                0x0000000020402b08       0x18 /home/alex/Desktop/chipStuff/freedom-e-sdk/bsp/freedom-e310-arty/install/lib/release//libmetal.a(sifive_gpio0.o)
                0x0000000020402b08                __metal_driver_sifive_gpio0_enable_input
 .text.__metal_driver_sifive_gpio0_disable_input
                0x0000000020402b20       0x1c /home/alex/Desktop/chipStuff/freedom-e-sdk/bsp/freedom-e310-arty/install/lib/release//libmetal.a(sifive_gpio0.o)
                0x0000000020402b20                __metal_driver_sifive_gpio0_disable_input
 .text.__metal_driver_sifive_gpio0_input
                0x0000000020402b3c       0x14 /home/alex/Desktop/chipStuff/freedom-e-sdk/bsp/freedom-e310-arty/install/lib/release//libmetal.a(sifive_gpio0.o)
                0x0000000020402b3c                __metal_driver_sifive_gpio0_input
 .text.__metal_driver_sifive_gpio0_output
                0x0000000020402b50       0x14 /home/alex/Desktop/chipStuff/freedom-e-sdk/bsp/freedom-e310-arty/install/lib/release//libmetal.a(sifive_gpio0.o)
                0x0000000020402b50                __metal_driver_sifive_gpio0_output
 .text.__metal_driver_sifive_gpio0_disable_output
                0x0000000020402b64       0x1c /home/alex/Desktop/chipStuff/freedom-e-sdk/bsp/freedom-e310-arty/install/lib/release//libmetal.a(sifive_gpio0.o)
                0x0000000020402b64                __metal_driver_sifive_gpio0_disable_output
 .text.__metal_driver_sifive_gpio0_enable_output
                0x0000000020402b80       0x18 /home/alex/Desktop/chipStuff/freedom-e-sdk/bsp/freedom-e310-arty/install/lib/release//libmetal.a(sifive_gpio0.o)
                0x0000000020402b80                __metal_driver_sifive_gpio0_enable_output
 .text.__metal_driver_sifive_gpio0_output_set
                0x0000000020402b98       0x18 /home/alex/Desktop/chipStuff/freedom-e-sdk/bsp/freedom-e310-arty/install/lib/release//libmetal.a(sifive_gpio0.o)
                0x0000000020402b98                __metal_driver_sifive_gpio0_output_set
 .text.__metal_driver_sifive_gpio0_output_clear
                0x0000000020402bb0       0x1c /home/alex/Desktop/chipStuff/freedom-e-sdk/bsp/freedom-e310-arty/install/lib/release//libmetal.a(sifive_gpio0.o)
                0x0000000020402bb0                __metal_driver_sifive_gpio0_output_clear
 .text.__metal_driver_sifive_gpio0_output_toggle
                0x0000000020402bcc       0x18 /home/alex/Desktop/chipStuff/freedom-e-sdk/bsp/freedom-e310-arty/install/lib/release//libmetal.a(sifive_gpio0.o)
                0x0000000020402bcc                __metal_driver_sifive_gpio0_output_toggle
 .text.__metal_driver_sifive_gpio0_enable_io
                0x0000000020402be4       0x1e /home/alex/Desktop/chipStuff/freedom-e-sdk/bsp/freedom-e310-arty/install/lib/release//libmetal.a(sifive_gpio0.o)
                0x0000000020402be4                __metal_driver_sifive_gpio0_enable_io
 .text.__metal_driver_sifive_gpio0_disable_io
                0x0000000020402c02       0x1c /home/alex/Desktop/chipStuff/freedom-e-sdk/bsp/freedom-e310-arty/install/lib/release//libmetal.a(sifive_gpio0.o)
                0x0000000020402c02                __metal_driver_sifive_gpio0_disable_io
 .text.__metal_driver_sifive_gpio0_config_int
                0x0000000020402c1e       0x7a /home/alex/Desktop/chipStuff/freedom-e-sdk/bsp/freedom-e310-arty/install/lib/release//libmetal.a(sifive_gpio0.o)
                0x0000000020402c1e                __metal_driver_sifive_gpio0_config_int
 .text.__metal_driver_sifive_gpio0_clear_int
                0x0000000020402c98       0x60 /home/alex/Desktop/chipStuff/freedom-e-sdk/bsp/freedom-e310-arty/install/lib/release//libmetal.a(sifive_gpio0.o)
                0x0000000020402c98                __metal_driver_sifive_gpio0_clear_int
 .text.__metal_driver_gpio_interrupt_controller
                0x0000000020402cf8       0x16 /home/alex/Desktop/chipStuff/freedom-e-sdk/bsp/freedom-e310-arty/install/lib/release//libmetal.a(sifive_gpio0.o)
                0x0000000020402cf8                __metal_driver_gpio_interrupt_controller
 .text.__metal_driver_gpio_get_interrupt_id
                0x0000000020402d0e       0x8c /home/alex/Desktop/chipStuff/freedom-e-sdk/bsp/freedom-e310-arty/install/lib/release//libmetal.a(sifive_gpio0.o)
                0x0000000020402d0e                __metal_driver_gpio_get_interrupt_id
 .text.__metal_driver_sifive_uart0_interrupt_controller
                0x0000000020402d9a       0x1a /home/alex/Desktop/chipStuff/freedom-e-sdk/bsp/freedom-e310-arty/install/lib/release//libmetal.a(sifive_uart0.o)
                0x0000000020402d9a                __metal_driver_sifive_uart0_interrupt_controller
 .text.__metal_driver_sifive_uart0_get_interrupt_id
                0x0000000020402db4       0x14 /home/alex/Desktop/chipStuff/freedom-e-sdk/bsp/freedom-e310-arty/install/lib/release//libmetal.a(sifive_uart0.o)
                0x0000000020402db4                __metal_driver_sifive_uart0_get_interrupt_id
 .text.__metal_driver_sifive_uart0_tx_interrupt_enable
                0x0000000020402dc8       0x1e /home/alex/Desktop/chipStuff/freedom-e-sdk/bsp/freedom-e310-arty/install/lib/release//libmetal.a(sifive_uart0.o)
                0x0000000020402dc8                __metal_driver_sifive_uart0_tx_interrupt_enable
 .text.__metal_driver_sifive_uart0_tx_interrupt_disable
                0x0000000020402de6       0x1c /home/alex/Desktop/chipStuff/freedom-e-sdk/bsp/freedom-e310-arty/install/lib/release//libmetal.a(sifive_uart0.o)
                0x0000000020402de6                __metal_driver_sifive_uart0_tx_interrupt_disable
 .text.__metal_driver_sifive_uart0_rx_interrupt_enable
                0x0000000020402e02       0x1e /home/alex/Desktop/chipStuff/freedom-e-sdk/bsp/freedom-e310-arty/install/lib/release//libmetal.a(sifive_uart0.o)
                0x0000000020402e02                __metal_driver_sifive_uart0_rx_interrupt_enable
 .text.__metal_driver_sifive_uart0_rx_interrupt_disable
                0x0000000020402e20       0x1c /home/alex/Desktop/chipStuff/freedom-e-sdk/bsp/freedom-e310-arty/install/lib/release//libmetal.a(sifive_uart0.o)
                0x0000000020402e20                __metal_driver_sifive_uart0_rx_interrupt_disable
 .text.__metal_driver_sifive_uart0_txready
                0x0000000020402e3c       0x1a /home/alex/Desktop/chipStuff/freedom-e-sdk/bsp/freedom-e310-arty/install/lib/release//libmetal.a(sifive_uart0.o)
                0x0000000020402e3c                __metal_driver_sifive_uart0_txready
 .text.__metal_driver_sifive_uart0_set_tx_watermark
                0x0000000020402e56       0x24 /home/alex/Desktop/chipStuff/freedom-e-sdk/bsp/freedom-e310-arty/install/lib/release//libmetal.a(sifive_uart0.o)
                0x0000000020402e56                __metal_driver_sifive_uart0_set_tx_watermark
 .text.__metal_driver_sifive_uart0_get_tx_watermark
                0x0000000020402e7a       0x1c /home/alex/Desktop/chipStuff/freedom-e-sdk/bsp/freedom-e310-arty/install/lib/release//libmetal.a(sifive_uart0.o)
                0x0000000020402e7a                __metal_driver_sifive_uart0_get_tx_watermark
 .text.__metal_driver_sifive_uart0_set_rx_watermark
                0x0000000020402e96       0x24 /home/alex/Desktop/chipStuff/freedom-e-sdk/bsp/freedom-e310-arty/install/lib/release//libmetal.a(sifive_uart0.o)
                0x0000000020402e96                __metal_driver_sifive_uart0_set_rx_watermark
 .text.__metal_driver_sifive_uart0_get_rx_watermark
                0x0000000020402eba       0x1c /home/alex/Desktop/chipStuff/freedom-e-sdk/bsp/freedom-e310-arty/install/lib/release//libmetal.a(sifive_uart0.o)
                0x0000000020402eba                __metal_driver_sifive_uart0_get_rx_watermark
 .text.__metal_driver_sifive_uart0_putc
                0x0000000020402ed6       0x36 /home/alex/Desktop/chipStuff/freedom-e-sdk/bsp/freedom-e310-arty/install/lib/release//libmetal.a(sifive_uart0.o)
                0x0000000020402ed6                __metal_driver_sifive_uart0_putc
 .text.__metal_driver_sifive_uart0_getc
                0x0000000020402f0c       0x24 /home/alex/Desktop/chipStuff/freedom-e-sdk/bsp/freedom-e310-arty/install/lib/release//libmetal.a(sifive_uart0.o)
                0x0000000020402f0c                __metal_driver_sifive_uart0_getc
 .text.__metal_driver_sifive_uart0_get_baud_rate
                0x0000000020402f30        0x4 /home/alex/Desktop/chipStuff/freedom-e-sdk/bsp/freedom-e310-arty/install/lib/release//libmetal.a(sifive_uart0.o)
                0x0000000020402f30                __metal_driver_sifive_uart0_get_baud_rate
 .text.__metal_driver_sifive_uart0_set_baud_rate
                0x0000000020402f34       0x4e /home/alex/Desktop/chipStuff/freedom-e-sdk/bsp/freedom-e310-arty/install/lib/release//libmetal.a(sifive_uart0.o)
                0x0000000020402f34                __metal_driver_sifive_uart0_set_baud_rate
 .text.pre_rate_change_callback_func
                0x0000000020402f82       0x7c /home/alex/Desktop/chipStuff/freedom-e-sdk/bsp/freedom-e310-arty/install/lib/release//libmetal.a(sifive_uart0.o)
 .text.__metal_driver_sifive_uart0_init
                0x0000000020402ffe       0x94 /home/alex/Desktop/chipStuff/freedom-e-sdk/bsp/freedom-e310-arty/install/lib/release//libmetal.a(sifive_uart0.o)
                0x0000000020402ffe                __metal_driver_sifive_uart0_init
 .text.post_rate_change_callback_func
                0x0000000020403092        0x8 /home/alex/Desktop/chipStuff/freedom-e-sdk/bsp/freedom-e310-arty/install/lib/release//libmetal.a(sifive_uart0.o)
 .text._metal_clock_append_to_callbacks
                0x000000002040309a       0x18 /home/alex/Desktop/chipStuff/freedom-e-sdk/bsp/freedom-e310-arty/install/lib/release//libmetal.a(clock.o)
                0x000000002040309a                _metal_clock_append_to_callbacks
 .text.metal_clock_register_pre_rate_change_callback
                0x00000000204030b2       0x16 /home/alex/Desktop/chipStuff/freedom-e-sdk/bsp/freedom-e310-arty/install/lib/release//libmetal.a(clock.o)
                0x00000000204030b2                metal_clock_register_pre_rate_change_callback
 .text.metal_clock_register_post_rate_change_callback
                0x00000000204030c8       0x16 /home/alex/Desktop/chipStuff/freedom-e-sdk/bsp/freedom-e310-arty/install/lib/release//libmetal.a(clock.o)
                0x00000000204030c8                metal_clock_register_post_rate_change_callback
 .text.metal_shutdown
                0x00000000204030de        0x4 /home/alex/Desktop/chipStuff/freedom-e-sdk/bsp/freedom-e310-arty/install/lib/release//libmetal.a(shutdown.o)
                0x00000000204030de                metal_shutdown
 *fill*         0x00000000204030e2       0x1e 
 .text          0x0000000020403100       0x80 /home/alex/Desktop/chipStuff/freedom-e-sdk/bsp/freedom-e310-arty/install/lib/release//libmetal.a(vector.o)
                0x0000000020403100                __metal_vector_table
 .text.__metal_driver_fixed_clock_get_rate_hz
                0x0000000020403180       0x1a /home/alex/Desktop/chipStuff/freedom-e-sdk/bsp/freedom-e310-arty/install/lib/release//libmetal.a(fixed-clock.o)
                0x0000000020403180                __metal_driver_fixed_clock_get_rate_hz
 .text.__metal_driver_fixed_clock_set_rate_hz
                0x000000002040319a       0x1a /home/alex/Desktop/chipStuff/freedom-e-sdk/bsp/freedom-e310-arty/install/lib/release//libmetal.a(fixed-clock.o)
                0x000000002040319a                __metal_driver_fixed_clock_set_rate_hz
 .text._close   0x00000000204031b4       0x14 /home/alex/Desktop/chipStuff/freedom-e-sdk/bsp/freedom-e310-arty/install/lib/release//libmetal-gloss.a(sys_close.o)
                0x00000000204031b4                _close
 .text._fstat   0x00000000204031c8       0x14 /home/alex/Desktop/chipStuff/freedom-e-sdk/bsp/freedom-e310-arty/install/lib/release//libmetal-gloss.a(sys_fstat.o)
                0x00000000204031c8                _fstat
 .text._isatty  0x00000000204031dc        0x8 /home/alex/Desktop/chipStuff/freedom-e-sdk/bsp/freedom-e310-arty/install/lib/release//libmetal-gloss.a(sys_isatty.o)
                0x00000000204031dc                _isatty
 .text._lseek   0x00000000204031e4       0x14 /home/alex/Desktop/chipStuff/freedom-e-sdk/bsp/freedom-e310-arty/install/lib/release//libmetal-gloss.a(sys_lseek.o)
                0x00000000204031e4                _lseek
 .text._read    0x00000000204031f8       0x14 /home/alex/Desktop/chipStuff/freedom-e-sdk/bsp/freedom-e310-arty/install/lib/release//libmetal-gloss.a(sys_read.o)
                0x00000000204031f8                _read
 .text._sbrk    0x000000002040320c       0x36 /home/alex/Desktop/chipStuff/freedom-e-sdk/bsp/freedom-e310-arty/install/lib/release//libmetal-gloss.a(sys_sbrk.o)
                0x000000002040320c                _sbrk
 .text._write   0x0000000020403242       0x3a /home/alex/Desktop/chipStuff/freedom-e-sdk/bsp/freedom-e310-arty/install/lib/release//libmetal-gloss.a(sys_write.o)
                0x0000000020403242                write
                0x0000000020403242                _write
 .text.atexit   0x000000002040327c        0xa /home/alex/Desktop/chipStuff/riscv_tools/riscv64-unknown-elf-gcc-10.1.0-2020.07.0-x86_64-linux-ubuntu14/bin/../lib/gcc/riscv64-unknown-elf/10.1.0/../../../../riscv64-unknown-elf/lib/rv32imac/ilp32/libc_nano.a(lib_a-atexit.o)
                0x000000002040327c                atexit
 .text.__errno  0x0000000020403286        0xa /home/alex/Desktop/chipStuff/riscv_tools/riscv64-unknown-elf-gcc-10.1.0-2020.07.0-x86_64-linux-ubuntu14/bin/../lib/gcc/riscv64-unknown-elf/10.1.0/../../../../riscv64-unknown-elf/lib/rv32imac/ilp32/libc_nano.a(lib_a-errno.o)
                0x0000000020403286                __errno
 .text.exit     0x0000000020403290       0x28 /home/alex/Desktop/chipStuff/riscv_tools/riscv64-unknown-elf-gcc-10.1.0-2020.07.0-x86_64-linux-ubuntu14/bin/../lib/gcc/riscv64-unknown-elf/10.1.0/../../../../riscv64-unknown-elf/lib/rv32imac/ilp32/libc_nano.a(lib_a-exit.o)
                0x0000000020403290                exit
 .text.__libc_fini_array
                0x00000000204032b8       0x36 /home/alex/Desktop/chipStuff/riscv_tools/riscv64-unknown-elf-gcc-10.1.0-2020.07.0-x86_64-linux-ubuntu14/bin/../lib/gcc/riscv64-unknown-elf/10.1.0/../../../../riscv64-unknown-elf/lib/rv32imac/ilp32/libc_nano.a(lib_a-fini.o)
                0x00000000204032b8                __libc_fini_array
 .text.__libc_init_array
                0x00000000204032ee       0x5e /home/alex/Desktop/chipStuff/riscv_tools/riscv64-unknown-elf-gcc-10.1.0-2020.07.0-x86_64-linux-ubuntu14/bin/../lib/gcc/riscv64-unknown-elf/10.1.0/../../../../riscv64-unknown-elf/lib/rv32imac/ilp32/libc_nano.a(lib_a-init.o)
                0x00000000204032ee                __libc_init_array
 .text.__register_exitproc
                0x000000002040334c       0x7c /home/alex/Desktop/chipStuff/riscv_tools/riscv64-unknown-elf-gcc-10.1.0-2020.07.0-x86_64-linux-ubuntu14/bin/../lib/gcc/riscv64-unknown-elf/10.1.0/../../../../riscv64-unknown-elf/lib/rv32imac/ilp32/libc_nano.a(lib_a-__atexit.o)
                0x000000002040334c                __register_exitproc
 .text.__call_exitprocs
                0x00000000204033c8       0xc8 /home/alex/Desktop/chipStuff/riscv_tools/riscv64-unknown-elf-gcc-10.1.0-2020.07.0-x86_64-linux-ubuntu14/bin/../lib/gcc/riscv64-unknown-elf/10.1.0/../../../../riscv64-unknown-elf/lib/rv32imac/ilp32/libc_nano.a(lib_a-__call_atexit.o)
                0x00000000204033c8                __call_exitprocs
 .text.metal_init
                0x0000000020403490       0x48 /home/alex/Desktop/chipStuff/freedom-e-sdk/bsp/freedom-e310-arty/install/lib/release//libmetal.a(init.o)
                0x0000000020403490                metal_init
 .text.metal_fini
                0x00000000204034d8       0x48 /home/alex/Desktop/chipStuff/freedom-e-sdk/bsp/freedom-e310-arty/install/lib/release//libmetal.a(init.o)
                0x00000000204034d8                metal_fini
 .text.metal_init_run
                0x0000000020403520        0x2 /home/alex/Desktop/chipStuff/freedom-e-sdk/bsp/freedom-e310-arty/install/lib/release//libmetal.a(init.o)
                0x0000000020403520                metal_init_run
 .text.metal_fini_run
                0x0000000020403522        0x2 /home/alex/Desktop/chipStuff/freedom-e-sdk/bsp/freedom-e310-arty/install/lib/release//libmetal.a(init.o)
                0x0000000020403522                metal_fini_run
 .text.metal_tty_putc
                0x0000000020403524        0xc /home/alex/Desktop/chipStuff/freedom-e-sdk/bsp/freedom-e310-arty/install/lib/release//libmetal.a(tty.o)
                0x0000000020403524                metal_tty_putc
 .text.metal_uart_init
                0x0000000020403530        0x6 /home/alex/Desktop/chipStuff/freedom-e-sdk/bsp/freedom-e310-arty/install/lib/release//libmetal.a(uart.o)
                0x0000000020403530                metal_uart_init
 .text.metal_uart_putc
                0x0000000020403536        0x6 /home/alex/Desktop/chipStuff/freedom-e-sdk/bsp/freedom-e310-arty/install/lib/release//libmetal.a(uart.o)
                0x0000000020403536                metal_uart_putc
 .text._exit    0x000000002040353c        0x8 /home/alex/Desktop/chipStuff/freedom-e-sdk/bsp/freedom-e310-arty/install/lib/release//libmetal-gloss.a(sys_exit.o)
                0x000000002040353c                _exit
 *(.gnu.linkonce.t.*)

.rela.dyn       0x0000000020403544        0x0
 .rela.text.metal.init.enter
                0x0000000020403544        0x0 /tmp/cc8Gcjp5.o
 .rela.text.metal.init.scrub
                0x0000000020403544        0x0 /tmp/cc8Gcjp5.o
 .rela.text     0x0000000020403544        0x0 /tmp/cc8Gcjp5.o
 .rela.text.libgloss.start
                0x0000000020403544        0x0 /tmp/cc8Gcjp5.o
 .rela.text._sbrk
                0x0000000020403544        0x0 /tmp/cc8Gcjp5.o
 .rela.sdata.__brk
                0x0000000020403544        0x0 /tmp/cc8Gcjp5.o
 .rela.text.__libc_fini_array
                0x0000000020403544        0x0 /tmp/cc8Gcjp5.o
 .rela.text.__libc_init_array
                0x0000000020403544        0x0 /tmp/cc8Gcjp5.o
 .rela.text.__register_exitproc
                0x0000000020403544        0x0 /tmp/cc8Gcjp5.o
 .rela.text.metal_init
                0x0000000020403544        0x0 /tmp/cc8Gcjp5.o
 .rela.text.metal_fini
                0x0000000020403544        0x0 /tmp/cc8Gcjp5.o

.data           0x0000000080000000      0x788 load address 0x0000000020403548
 *(.data .data.*)
 .data.impure_data
                0x0000000080000000       0x60 /home/alex/Desktop/chipStuff/riscv_tools/riscv64-unknown-elf-gcc-10.1.0-2020.07.0-x86_64-linux-ubuntu14/bin/../lib/gcc/riscv64-unknown-elf/10.1.0/../../../../riscv64-unknown-elf/lib/rv32imac/ilp32/libc_nano.a(lib_a-impure.o)
 .data.__metal_dt_clock_0
                0x0000000080000060        0xc /home/alex/Desktop/chipStuff/freedom-e-sdk/bsp/freedom-e310-arty/install/lib/release//libmetal.a(inline.o)
                0x0000000080000060                __metal_dt_clock_0
 *fill*         0x000000008000006c        0x4 
 .data.__metal_dt_cpu_0_interrupt_controller
                0x0000000080000070      0x3d0 /home/alex/Desktop/chipStuff/freedom-e-sdk/bsp/freedom-e310-arty/install/lib/release//libmetal.a(inline.o)
                0x0000000080000070                __metal_dt_cpu_0_interrupt_controller
 .data.__metal_dt_interrupt_controller_c000000
                0x0000000080000440      0x300 /home/alex/Desktop/chipStuff/freedom-e-sdk/bsp/freedom-e310-arty/install/lib/release//libmetal.a(inline.o)
                0x0000000080000440                __metal_dt_interrupt_controller_c000000
 .data.__metal_dt_serial_10013000
                0x0000000080000740       0x20 /home/alex/Desktop/chipStuff/freedom-e-sdk/bsp/freedom-e310-arty/install/lib/release//libmetal.a(inline.o)
                0x0000000080000740                __metal_dt_serial_10013000
 *(.gnu.linkonce.d.*)
                0x0000000080000760                . = ALIGN (0x8)
                0x0000000080000f60                PROVIDE (__global_pointer$ = (. + 0x800))
 *(.sdata .sdata.* .sdata2.*)
 .sdata._impure_ptr
                0x0000000080000760        0x4 /home/alex/Desktop/chipStuff/riscv_tools/riscv64-unknown-elf-gcc-10.1.0-2020.07.0-x86_64-linux-ubuntu14/bin/../lib/gcc/riscv64-unknown-elf/10.1.0/../../../../riscv64-unknown-elf/lib/rv32imac/ilp32/libc_nano.a(lib_a-impure.o)
                0x0000000080000760                _impure_ptr
 .sdata.__metal_cpu_table
                0x0000000080000764        0x4 /home/alex/Desktop/chipStuff/freedom-e-sdk/bsp/freedom-e310-arty/install/lib/release//libmetal.a(cpu.o)
                0x0000000080000764                __metal_cpu_table
 .sdata.__metal_gpio_table
                0x0000000080000768        0x4 /home/alex/Desktop/chipStuff/freedom-e-sdk/bsp/freedom-e310-arty/install/lib/release//libmetal.a(gpio.o)
 .sdata.__metal_dt_clint_2000000
                0x000000008000076c        0x8 /home/alex/Desktop/chipStuff/freedom-e-sdk/bsp/freedom-e310-arty/install/lib/release//libmetal.a(inline.o)
                0x000000008000076c                __metal_dt_clint_2000000
 .sdata.__metal_dt_cpu_0
                0x0000000080000774        0x8 /home/alex/Desktop/chipStuff/freedom-e-sdk/bsp/freedom-e310-arty/install/lib/release//libmetal.a(inline.o)
                0x0000000080000774                __metal_dt_cpu_0
 .sdata.__metal_dt_gpio_10012000
                0x000000008000077c        0x4 /home/alex/Desktop/chipStuff/freedom-e-sdk/bsp/freedom-e310-arty/install/lib/release//libmetal.a(inline.o)
                0x000000008000077c                __metal_dt_gpio_10012000
 .sdata.__metal_cpu_table
                0x0000000080000780        0x4 /home/alex/Desktop/chipStuff/freedom-e-sdk/bsp/freedom-e310-arty/install/lib/release//libmetal.a(riscv_cpu.o)
 .sdata.__brk   0x0000000080000784        0x4 /home/alex/Desktop/chipStuff/freedom-e-sdk/bsp/freedom-e310-arty/install/lib/release//libmetal-gloss.a(sys_sbrk.o)
 *(.gnu.linkonce.s.*)

.tdata          0x0000000080000788        0x0 load address 0x0000000020403cd0
                0x0000000080000788                PROVIDE (__tls_base = .)
 *(.tdata .tdata.* .gnu.linkonce.td.*)
                [!provide]                        PROVIDE (__tdata_source = LOADADDR (.tdata))
                [!provide]                        PROVIDE (__tdata_size = SIZEOF (.tdata))
                0x0000000020403548                PROVIDE (metal_segment_data_source_start = LOADADDR (.data))
                0x0000000080000000                PROVIDE (metal_segment_data_target_start = ADDR (.data))
                0x0000000080000788                PROVIDE (metal_segment_data_target_end = (ADDR (.tdata) + SIZEOF (.tdata)))

.tbss           0x0000000080000788        0x0
 *(.tbss .tbss.* .gnu.linkonce.tb.*)
 *(.tcommon .tcommon.*)
                [!provide]                        PROVIDE (__tls_end = .)
                0x0000000000000000                PROVIDE (__tbss_size = SIZEOF (.tbss))
                [!provide]                        PROVIDE (__tls_size = (__tls_end - __tls_base))

.tbss_space     0x0000000080000788        0x0
                0x0000000080000788                . = (. + __tbss_size)

.bss            0x0000000080000788       0xb8
 *(.sbss*)
 .sbss.cpu      0x0000000080000788        0x4 /tmp/cc8Gcjp5.o
                0x0000000080000788                cpu
 .sbss.cpu_intr
                0x000000008000078c        0x4 /tmp/cc8Gcjp5.o
                0x000000008000078c                cpu_intr
 .sbss.timer_isr_flag
                0x0000000080000790        0x4 /tmp/cc8Gcjp5.o
                0x0000000080000790                timer_isr_flag
 .sbss.tmr_id   0x0000000080000794        0x4 /tmp/cc8Gcjp5.o
                0x0000000080000794                tmr_id
 .sbss.tmr_intr
                0x0000000080000798        0x4 /tmp/cc8Gcjp5.o
                0x0000000080000798                tmr_intr
 .sbss.__malloc_free_list
                0x000000008000079c        0x4 /home/alex/Desktop/chipStuff/riscv_tools/riscv64-unknown-elf-gcc-10.1.0-2020.07.0-x86_64-linux-ubuntu14/bin/../lib/gcc/riscv64-unknown-elf/10.1.0/../../../../riscv64-unknown-elf/lib/rv32imac/ilp32/libc_nano.a(lib_a-nano-mallocr.o)
                0x000000008000079c                __malloc_free_list
 .sbss.__malloc_sbrk_start
                0x00000000800007a0        0x4 /home/alex/Desktop/chipStuff/riscv_tools/riscv64-unknown-elf-gcc-10.1.0-2020.07.0-x86_64-linux-ubuntu14/bin/../lib/gcc/riscv64-unknown-elf/10.1.0/../../../../riscv64-unknown-elf/lib/rv32imac/ilp32/libc_nano.a(lib_a-nano-mallocr.o)
                0x00000000800007a0                __malloc_sbrk_start
 .sbss.errno    0x00000000800007a4        0x4 /home/alex/Desktop/chipStuff/riscv_tools/riscv64-unknown-elf-gcc-10.1.0-2020.07.0-x86_64-linux-ubuntu14/bin/../lib/gcc/riscv64-unknown-elf/10.1.0/../../../../riscv64-unknown-elf/lib/rv32imac/ilp32/libc_nano.a(lib_a-reent.o)
                0x00000000800007a4                errno
 .sbss._global_atexit
                0x00000000800007a8        0x4 /home/alex/Desktop/chipStuff/riscv_tools/riscv64-unknown-elf-gcc-10.1.0-2020.07.0-x86_64-linux-ubuntu14/bin/../lib/gcc/riscv64-unknown-elf/10.1.0/../../../../riscv64-unknown-elf/lib/rv32imac/ilp32/libc_nano.a(lib_a-__call_atexit.o)
                0x00000000800007a8                _global_atexit
 .sbss.fini_done.0
                0x00000000800007ac        0x4 /home/alex/Desktop/chipStuff/freedom-e-sdk/bsp/freedom-e310-arty/install/lib/release//libmetal.a(init.o)
 .sbss.init_done.1
                0x00000000800007b0        0x4 /home/alex/Desktop/chipStuff/freedom-e-sdk/bsp/freedom-e310-arty/install/lib/release//libmetal.a(init.o)
 *(.gnu.linkonce.sb.*)
 *(.bss .bss.*)
 .bss._global_atexit0
                0x00000000800007b4       0x8c /home/alex/Desktop/chipStuff/riscv_tools/riscv64-unknown-elf-gcc-10.1.0-2020.07.0-x86_64-linux-ubuntu14/bin/../lib/gcc/riscv64-unknown-elf/10.1.0/../../../../riscv64-unknown-elf/lib/rv32imac/ilp32/libc_nano.a(lib_a-__atexit.o)
 *(.gnu.linkonce.b.*)
 *(COMMON)
                [!provide]                        PROVIDE (metal_segment_bss_source_start = LOADADDR (.tbss))
                0x0000000080000788                PROVIDE (metal_segment_bss_target_start = ADDR (.tbss))
                0x0000000080000840                PROVIDE (metal_segment_bss_target_end = (ADDR (.bss) + SIZEOF (.bss)))

.stack          0x0000000080000840      0x400
                [!provide]                        PROVIDE (metal_segment_stack_begin = .)
                0x0000000080000c40                . = (. + __stack_size)
 *fill*         0x0000000080000840      0x400 
                0x0000000080000c40                PROVIDE (_sp = .)
                [!provide]                        PROVIDE (metal_segment_stack_end = .)

.heap           0x0000000080000c40      0x800
                [!provide]                        PROVIDE (__end = .)
                [!provide]                        PROVIDE (__heap_start = .)
                0x0000000080000c40                PROVIDE (metal_segment_heap_target_start = .)
                0x0000000000000800                . = DEFINED (__heap_max)?MIN ((LENGTH (ram) - (. - ORIGIN (ram))), 0x10000000):__heap_size
 *fill*         0x0000000080000c40      0x800 
                0x0000000080001440                PROVIDE (metal_segment_heap_target_end = .)
                [!provide]                        PROVIDE (_heap_end = .)
                [!provide]                        PROVIDE (__heap_end = .)

/DISCARD/
 *(.eh_frame .eh_frame.*)
OUTPUT(IIT_example elf32-littleriscv)

.comment        0x0000000000000000       0x2a
 .comment       0x0000000000000000       0x2a /tmp/cc8Gcjp5.o
                                         0x2b (size before relaxing)
 .comment       0x000000000000002a       0x2b /home/alex/Desktop/chipStuff/riscv_tools/riscv64-unknown-elf-gcc-10.1.0-2020.07.0-x86_64-linux-ubuntu14/bin/../lib/gcc/riscv64-unknown-elf/10.1.0/../../../../riscv64-unknown-elf/lib/rv32imac/ilp32/libc_nano.a(lib_a-putchar.o)
 .comment       0x000000000000002a       0x2b /home/alex/Desktop/chipStuff/riscv_tools/riscv64-unknown-elf-gcc-10.1.0-2020.07.0-x86_64-linux-ubuntu14/bin/../lib/gcc/riscv64-unknown-elf/10.1.0/../../../../riscv64-unknown-elf/lib/rv32imac/ilp32/libc_nano.a(lib_a-putc.o)
 .comment       0x000000000000002a       0x2b /home/alex/Desktop/chipStuff/riscv_tools/riscv64-unknown-elf-gcc-10.1.0-2020.07.0-x86_64-linux-ubuntu14/bin/../lib/gcc/riscv64-unknown-elf/10.1.0/../../../../riscv64-unknown-elf/lib/rv32imac/ilp32/libc_nano.a(lib_a-puts.o)
 .comment       0x000000000000002a       0x2b /home/alex/Desktop/chipStuff/riscv_tools/riscv64-unknown-elf-gcc-10.1.0-2020.07.0-x86_64-linux-ubuntu14/bin/../lib/gcc/riscv64-unknown-elf/10.1.0/../../../../riscv64-unknown-elf/lib/rv32imac/ilp32/libc_nano.a(lib_a-wbuf.o)
 .comment       0x000000000000002a       0x2b /home/alex/Desktop/chipStuff/riscv_tools/riscv64-unknown-elf-gcc-10.1.0-2020.07.0-x86_64-linux-ubuntu14/bin/../lib/gcc/riscv64-unknown-elf/10.1.0/../../../../riscv64-unknown-elf/lib/rv32imac/ilp32/libc_nano.a(lib_a-wsetup.o)
 .comment       0x000000000000002a       0x2b /home/alex/Desktop/chipStuff/riscv_tools/riscv64-unknown-elf-gcc-10.1.0-2020.07.0-x86_64-linux-ubuntu14/bin/../lib/gcc/riscv64-unknown-elf/10.1.0/../../../../riscv64-unknown-elf/lib/rv32imac/ilp32/libc_nano.a(lib_a-fflush.o)
 .comment       0x000000000000002a       0x2b /home/alex/Desktop/chipStuff/riscv_tools/riscv64-unknown-elf-gcc-10.1.0-2020.07.0-x86_64-linux-ubuntu14/bin/../lib/gcc/riscv64-unknown-elf/10.1.0/../../../../riscv64-unknown-elf/lib/rv32imac/ilp32/libc_nano.a(lib_a-findfp.o)
 .comment       0x000000000000002a       0x2b /home/alex/Desktop/chipStuff/riscv_tools/riscv64-unknown-elf-gcc-10.1.0-2020.07.0-x86_64-linux-ubuntu14/bin/../lib/gcc/riscv64-unknown-elf/10.1.0/../../../../riscv64-unknown-elf/lib/rv32imac/ilp32/libc_nano.a(lib_a-fwalk.o)
 .comment       0x000000000000002a       0x2b /home/alex/Desktop/chipStuff/riscv_tools/riscv64-unknown-elf-gcc-10.1.0-2020.07.0-x86_64-linux-ubuntu14/bin/../lib/gcc/riscv64-unknown-elf/10.1.0/../../../../riscv64-unknown-elf/lib/rv32imac/ilp32/libc_nano.a(lib_a-impure.o)
 .comment       0x000000000000002a       0x2b /home/alex/Desktop/chipStuff/riscv_tools/riscv64-unknown-elf-gcc-10.1.0-2020.07.0-x86_64-linux-ubuntu14/bin/../lib/gcc/riscv64-unknown-elf/10.1.0/../../../../riscv64-unknown-elf/lib/rv32imac/ilp32/libc_nano.a(lib_a-makebuf.o)
 .comment       0x000000000000002a       0x2b /home/alex/Desktop/chipStuff/riscv_tools/riscv64-unknown-elf-gcc-10.1.0-2020.07.0-x86_64-linux-ubuntu14/bin/../lib/gcc/riscv64-unknown-elf/10.1.0/../../../../riscv64-unknown-elf/lib/rv32imac/ilp32/libc_nano.a(lib_a-nano-freer.o)
 .comment       0x000000000000002a       0x2b /home/alex/Desktop/chipStuff/riscv_tools/riscv64-unknown-elf-gcc-10.1.0-2020.07.0-x86_64-linux-ubuntu14/bin/../lib/gcc/riscv64-unknown-elf/10.1.0/../../../../riscv64-unknown-elf/lib/rv32imac/ilp32/libc_nano.a(lib_a-nano-mallocr.o)
 .comment       0x000000000000002a       0x2b /home/alex/Desktop/chipStuff/riscv_tools/riscv64-unknown-elf-gcc-10.1.0-2020.07.0-x86_64-linux-ubuntu14/bin/../lib/gcc/riscv64-unknown-elf/10.1.0/../../../../riscv64-unknown-elf/lib/rv32imac/ilp32/libc_nano.a(lib_a-sbrkr.o)
 .comment       0x000000000000002a       0x2b /home/alex/Desktop/chipStuff/riscv_tools/riscv64-unknown-elf-gcc-10.1.0-2020.07.0-x86_64-linux-ubuntu14/bin/../lib/gcc/riscv64-unknown-elf/10.1.0/../../../../riscv64-unknown-elf/lib/rv32imac/ilp32/libc_nano.a(lib_a-stdio.o)
 .comment       0x000000000000002a       0x2b /home/alex/Desktop/chipStuff/riscv_tools/riscv64-unknown-elf-gcc-10.1.0-2020.07.0-x86_64-linux-ubuntu14/bin/../lib/gcc/riscv64-unknown-elf/10.1.0/../../../../riscv64-unknown-elf/lib/rv32imac/ilp32/libc_nano.a(lib_a-writer.o)
 .comment       0x000000000000002a       0x2b /home/alex/Desktop/chipStuff/riscv_tools/riscv64-unknown-elf-gcc-10.1.0-2020.07.0-x86_64-linux-ubuntu14/bin/../lib/gcc/riscv64-unknown-elf/10.1.0/../../../../riscv64-unknown-elf/lib/rv32imac/ilp32/libc_nano.a(lib_a-closer.o)
 .comment       0x000000000000002a       0x2b /home/alex/Desktop/chipStuff/riscv_tools/riscv64-unknown-elf-gcc-10.1.0-2020.07.0-x86_64-linux-ubuntu14/bin/../lib/gcc/riscv64-unknown-elf/10.1.0/../../../../riscv64-unknown-elf/lib/rv32imac/ilp32/libc_nano.a(lib_a-fstatr.o)
 .comment       0x000000000000002a       0x2b /home/alex/Desktop/chipStuff/riscv_tools/riscv64-unknown-elf-gcc-10.1.0-2020.07.0-x86_64-linux-ubuntu14/bin/../lib/gcc/riscv64-unknown-elf/10.1.0/../../../../riscv64-unknown-elf/lib/rv32imac/ilp32/libc_nano.a(lib_a-isattyr.o)
 .comment       0x000000000000002a       0x2b /home/alex/Desktop/chipStuff/riscv_tools/riscv64-unknown-elf-gcc-10.1.0-2020.07.0-x86_64-linux-ubuntu14/bin/../lib/gcc/riscv64-unknown-elf/10.1.0/../../../../riscv64-unknown-elf/lib/rv32imac/ilp32/libc_nano.a(lib_a-lseekr.o)
 .comment       0x000000000000002a       0x2b /home/alex/Desktop/chipStuff/riscv_tools/riscv64-unknown-elf-gcc-10.1.0-2020.07.0-x86_64-linux-ubuntu14/bin/../lib/gcc/riscv64-unknown-elf/10.1.0/../../../../riscv64-unknown-elf/lib/rv32imac/ilp32/libc_nano.a(lib_a-mlock.o)
 .comment       0x000000000000002a       0x2b /home/alex/Desktop/chipStuff/riscv_tools/riscv64-unknown-elf-gcc-10.1.0-2020.07.0-x86_64-linux-ubuntu14/bin/../lib/gcc/riscv64-unknown-elf/10.1.0/../../../../riscv64-unknown-elf/lib/rv32imac/ilp32/libc_nano.a(lib_a-readr.o)
 .comment       0x000000000000002a       0x2b /home/alex/Desktop/chipStuff/riscv_tools/riscv64-unknown-elf-gcc-10.1.0-2020.07.0-x86_64-linux-ubuntu14/bin/../lib/gcc/riscv64-unknown-elf/10.1.0/../../../../riscv64-unknown-elf/lib/rv32imac/ilp32/libc_nano.a(lib_a-reent.o)
 .comment       0x000000000000002a       0x2b /home/alex/Desktop/chipStuff/freedom-e-sdk/bsp/freedom-e310-arty/install/lib/release//libmetal.a(cpu.o)
 .comment       0x000000000000002a       0x2b /home/alex/Desktop/chipStuff/freedom-e-sdk/bsp/freedom-e310-arty/install/lib/release//libmetal.a(gpio.o)
 .comment       0x000000000000002a       0x2b /home/alex/Desktop/chipStuff/freedom-e-sdk/bsp/freedom-e310-arty/install/lib/release//libmetal.a(interrupt.o)
 .comment       0x000000000000002a       0x2b /home/alex/Desktop/chipStuff/freedom-e-sdk/bsp/freedom-e310-arty/install/lib/release//libmetal.a(led.o)
 .comment       0x000000000000002a       0x2b /home/alex/Desktop/chipStuff/freedom-e-sdk/bsp/freedom-e310-arty/install/lib/release//libmetal.a(inline.o)
 .comment       0x000000000000002a       0x2b /home/alex/Desktop/chipStuff/freedom-e-sdk/bsp/freedom-e310-arty/install/lib/release//libmetal.a(riscv_clint0.o)
 .comment       0x000000000000002a       0x2b /home/alex/Desktop/chipStuff/freedom-e-sdk/bsp/freedom-e310-arty/install/lib/release//libmetal.a(riscv_cpu.o)
 .comment       0x000000000000002a       0x2b /home/alex/Desktop/chipStuff/freedom-e-sdk/bsp/freedom-e310-arty/install/lib/release//libmetal.a(riscv_plic0.o)
 .comment       0x000000000000002a       0x2b /home/alex/Desktop/chipStuff/freedom-e-sdk/bsp/freedom-e310-arty/install/lib/release//libmetal.a(sifive_gpio0.o)
 .comment       0x000000000000002a       0x2b /home/alex/Desktop/chipStuff/freedom-e-sdk/bsp/freedom-e310-arty/install/lib/release//libmetal.a(sifive_uart0.o)
 .comment       0x000000000000002a       0x2b /home/alex/Desktop/chipStuff/freedom-e-sdk/bsp/freedom-e310-arty/install/lib/release//libmetal.a(clock.o)
 .comment       0x000000000000002a       0x2b /home/alex/Desktop/chipStuff/freedom-e-sdk/bsp/freedom-e310-arty/install/lib/release//libmetal.a(shutdown.o)
 .comment       0x000000000000002a       0x2b /home/alex/Desktop/chipStuff/freedom-e-sdk/bsp/freedom-e310-arty/install/lib/release//libmetal.a(fixed-clock.o)
 .comment       0x000000000000002a       0x2b /home/alex/Desktop/chipStuff/freedom-e-sdk/bsp/freedom-e310-arty/install/lib/release//libmetal-gloss.a(sys_close.o)
 .comment       0x000000000000002a       0x2b /home/alex/Desktop/chipStuff/freedom-e-sdk/bsp/freedom-e310-arty/install/lib/release//libmetal-gloss.a(sys_fstat.o)
 .comment       0x000000000000002a       0x2b /home/alex/Desktop/chipStuff/freedom-e-sdk/bsp/freedom-e310-arty/install/lib/release//libmetal-gloss.a(sys_isatty.o)
 .comment       0x000000000000002a       0x2b /home/alex/Desktop/chipStuff/freedom-e-sdk/bsp/freedom-e310-arty/install/lib/release//libmetal-gloss.a(sys_lseek.o)
 .comment       0x000000000000002a       0x2b /home/alex/Desktop/chipStuff/freedom-e-sdk/bsp/freedom-e310-arty/install/lib/release//libmetal-gloss.a(sys_read.o)
 .comment       0x000000000000002a       0x2b /home/alex/Desktop/chipStuff/freedom-e-sdk/bsp/freedom-e310-arty/install/lib/release//libmetal-gloss.a(sys_sbrk.o)
 .comment       0x000000000000002a       0x2b /home/alex/Desktop/chipStuff/freedom-e-sdk/bsp/freedom-e310-arty/install/lib/release//libmetal-gloss.a(sys_write.o)
 .comment       0x000000000000002a       0x2b /home/alex/Desktop/chipStuff/riscv_tools/riscv64-unknown-elf-gcc-10.1.0-2020.07.0-x86_64-linux-ubuntu14/bin/../lib/gcc/riscv64-unknown-elf/10.1.0/../../../../riscv64-unknown-elf/lib/rv32imac/ilp32/libc_nano.a(lib_a-atexit.o)
 .comment       0x000000000000002a       0x2b /home/alex/Desktop/chipStuff/riscv_tools/riscv64-unknown-elf-gcc-10.1.0-2020.07.0-x86_64-linux-ubuntu14/bin/../lib/gcc/riscv64-unknown-elf/10.1.0/../../../../riscv64-unknown-elf/lib/rv32imac/ilp32/libc_nano.a(lib_a-errno.o)
 .comment       0x000000000000002a       0x2b /home/alex/Desktop/chipStuff/riscv_tools/riscv64-unknown-elf-gcc-10.1.0-2020.07.0-x86_64-linux-ubuntu14/bin/../lib/gcc/riscv64-unknown-elf/10.1.0/../../../../riscv64-unknown-elf/lib/rv32imac/ilp32/libc_nano.a(lib_a-exit.o)
 .comment       0x000000000000002a       0x2b /home/alex/Desktop/chipStuff/riscv_tools/riscv64-unknown-elf-gcc-10.1.0-2020.07.0-x86_64-linux-ubuntu14/bin/../lib/gcc/riscv64-unknown-elf/10.1.0/../../../../riscv64-unknown-elf/lib/rv32imac/ilp32/libc_nano.a(lib_a-fini.o)
 .comment       0x000000000000002a       0x2b /home/alex/Desktop/chipStuff/riscv_tools/riscv64-unknown-elf-gcc-10.1.0-2020.07.0-x86_64-linux-ubuntu14/bin/../lib/gcc/riscv64-unknown-elf/10.1.0/../../../../riscv64-unknown-elf/lib/rv32imac/ilp32/libc_nano.a(lib_a-init.o)
 .comment       0x000000000000002a       0x2b /home/alex/Desktop/chipStuff/riscv_tools/riscv64-unknown-elf-gcc-10.1.0-2020.07.0-x86_64-linux-ubuntu14/bin/../lib/gcc/riscv64-unknown-elf/10.1.0/../../../../riscv64-unknown-elf/lib/rv32imac/ilp32/libc_nano.a(lib_a-__atexit.o)
 .comment       0x000000000000002a       0x2b /home/alex/Desktop/chipStuff/riscv_tools/riscv64-unknown-elf-gcc-10.1.0-2020.07.0-x86_64-linux-ubuntu14/bin/../lib/gcc/riscv64-unknown-elf/10.1.0/../../../../riscv64-unknown-elf/lib/rv32imac/ilp32/libc_nano.a(lib_a-__call_atexit.o)
 .comment       0x000000000000002a       0x2b /home/alex/Desktop/chipStuff/freedom-e-sdk/bsp/freedom-e310-arty/install/lib/release//libmetal.a(init.o)
 .comment       0x000000000000002a       0x2b /home/alex/Desktop/chipStuff/freedom-e-sdk/bsp/freedom-e310-arty/install/lib/release//libmetal.a(synchronize_harts.o)
 .comment       0x000000000000002a       0x2b /home/alex/Desktop/chipStuff/freedom-e-sdk/bsp/freedom-e310-arty/install/lib/release//libmetal.a(tty.o)
 .comment       0x000000000000002a       0x2b /home/alex/Desktop/chipStuff/freedom-e-sdk/bsp/freedom-e310-arty/install/lib/release//libmetal.a(uart.o)
 .comment       0x000000000000002a       0x2b /home/alex/Desktop/chipStuff/freedom-e-sdk/bsp/freedom-e310-arty/install/lib/release//libmetal-gloss.a(sys_exit.o)

.riscv.attributes
                0x0000000000000000       0x2b
 .riscv.attributes
                0x0000000000000000       0x2b /tmp/cc8Gcjp5.o
 .riscv.attributes
                0x000000000000002b       0x2b /home/alex/Desktop/chipStuff/riscv_tools/riscv64-unknown-elf-gcc-10.1.0-2020.07.0-x86_64-linux-ubuntu14/bin/../lib/gcc/riscv64-unknown-elf/10.1.0/../../../../riscv64-unknown-elf/lib/rv32imac/ilp32/libc_nano.a(lib_a-putchar.o)
 .riscv.attributes
                0x0000000000000056       0x2b /home/alex/Desktop/chipStuff/riscv_tools/riscv64-unknown-elf-gcc-10.1.0-2020.07.0-x86_64-linux-ubuntu14/bin/../lib/gcc/riscv64-unknown-elf/10.1.0/../../../../riscv64-unknown-elf/lib/rv32imac/ilp32/libc_nano.a(lib_a-putc.o)
 .riscv.attributes
                0x0000000000000081       0x2b /home/alex/Desktop/chipStuff/riscv_tools/riscv64-unknown-elf-gcc-10.1.0-2020.07.0-x86_64-linux-ubuntu14/bin/../lib/gcc/riscv64-unknown-elf/10.1.0/../../../../riscv64-unknown-elf/lib/rv32imac/ilp32/libc_nano.a(lib_a-puts.o)
 .riscv.attributes
                0x00000000000000ac       0x2b /home/alex/Desktop/chipStuff/riscv_tools/riscv64-unknown-elf-gcc-10.1.0-2020.07.0-x86_64-linux-ubuntu14/bin/../lib/gcc/riscv64-unknown-elf/10.1.0/../../../../riscv64-unknown-elf/lib/rv32imac/ilp32/libc_nano.a(lib_a-wbuf.o)
 .riscv.attributes
                0x00000000000000d7       0x2b /home/alex/Desktop/chipStuff/riscv_tools/riscv64-unknown-elf-gcc-10.1.0-2020.07.0-x86_64-linux-ubuntu14/bin/../lib/gcc/riscv64-unknown-elf/10.1.0/../../../../riscv64-unknown-elf/lib/rv32imac/ilp32/libc_nano.a(lib_a-wsetup.o)
 .riscv.attributes
                0x0000000000000102       0x2b /home/alex/Desktop/chipStuff/riscv_tools/riscv64-unknown-elf-gcc-10.1.0-2020.07.0-x86_64-linux-ubuntu14/bin/../lib/gcc/riscv64-unknown-elf/10.1.0/../../../../riscv64-unknown-elf/lib/rv32imac/ilp32/libc_nano.a(lib_a-fflush.o)
 .riscv.attributes
                0x000000000000012d       0x2b /home/alex/Desktop/chipStuff/riscv_tools/riscv64-unknown-elf-gcc-10.1.0-2020.07.0-x86_64-linux-ubuntu14/bin/../lib/gcc/riscv64-unknown-elf/10.1.0/../../../../riscv64-unknown-elf/lib/rv32imac/ilp32/libc_nano.a(lib_a-findfp.o)
 .riscv.attributes
                0x0000000000000158       0x2b /home/alex/Desktop/chipStuff/riscv_tools/riscv64-unknown-elf-gcc-10.1.0-2020.07.0-x86_64-linux-ubuntu14/bin/../lib/gcc/riscv64-unknown-elf/10.1.0/../../../../riscv64-unknown-elf/lib/rv32imac/ilp32/libc_nano.a(lib_a-fwalk.o)
 .riscv.attributes
                0x0000000000000183       0x2b /home/alex/Desktop/chipStuff/riscv_tools/riscv64-unknown-elf-gcc-10.1.0-2020.07.0-x86_64-linux-ubuntu14/bin/../lib/gcc/riscv64-unknown-elf/10.1.0/../../../../riscv64-unknown-elf/lib/rv32imac/ilp32/libc_nano.a(lib_a-impure.o)
 .riscv.attributes
                0x00000000000001ae       0x2b /home/alex/Desktop/chipStuff/riscv_tools/riscv64-unknown-elf-gcc-10.1.0-2020.07.0-x86_64-linux-ubuntu14/bin/../lib/gcc/riscv64-unknown-elf/10.1.0/../../../../riscv64-unknown-elf/lib/rv32imac/ilp32/libc_nano.a(lib_a-makebuf.o)
 .riscv.attributes
                0x00000000000001d9       0x29 /home/alex/Desktop/chipStuff/riscv_tools/riscv64-unknown-elf-gcc-10.1.0-2020.07.0-x86_64-linux-ubuntu14/bin/../lib/gcc/riscv64-unknown-elf/10.1.0/../../../../riscv64-unknown-elf/lib/rv32imac/ilp32/libc_nano.a(lib_a-memset.o)
 .riscv.attributes
                0x0000000000000202       0x2b /home/alex/Desktop/chipStuff/riscv_tools/riscv64-unknown-elf-gcc-10.1.0-2020.07.0-x86_64-linux-ubuntu14/bin/../lib/gcc/riscv64-unknown-elf/10.1.0/../../../../riscv64-unknown-elf/lib/rv32imac/ilp32/libc_nano.a(lib_a-nano-freer.o)
 .riscv.attributes